<?xml version="1.0" encoding="UTF-8" ?>
<testsuites name="vitest tests" tests="92" failures="10" errors="0" time="44.35">
    <testsuite name="src/App.test.jsx" timestamp="2025-07-15T10:13:26.940Z" hostname="Gab-ROG" tests="22" failures="1" errors="0" skipped="0" time="32.645218951">
        <testcase classname="src/App.test.jsx" name="App Component &gt; Initialization Flow &gt; should initialize database, load projects, settings, and check Claude installation" time="2.319784318">
            <failure message="Found multiple elements with the text: Test Project 1

Here are the matching elements:

Ignored nodes: comments, script, style
[36m&lt;h2&gt;[39m
  [0mTest Project 1[0m
[36m&lt;/h2&gt;[39m

Ignored nodes: comments, script, style
[36m&lt;h2&gt;[39m
  [0mTest Project 1[0m
[36m&lt;/h2&gt;[39m

(If this is intentional, then use the `*AllBy*` variant of the query (like `queryAllByText`, `getAllByText`, or `findAllByText`)).

Ignored nodes: comments, script, style
[36m&lt;body&gt;[39m
  [36m&lt;div&gt;[39m
    [36m&lt;div&gt;[39m
      [36m&lt;header[39m
        [33melevation[39m=[32m&quot;0&quot;[39m
        [33mposition[39m=[32m&quot;static&quot;[39m
      [36m&gt;[39m
        [36m&lt;div&gt;[39m
          [36m&lt;div&gt;[39m
            [0mClaude Launcher[0m
          [36m&lt;/div&gt;[39m
          [36m&lt;input[39m
            [33mplaceholder[39m=[32m&quot;Search projects...&quot;[39m
            [33mvalue[39m=[32m&quot;&quot;[39m
          [36m/&gt;[39m
          [36m&lt;div[39m
            [33msx[39m=[32m&quot;[object Object]&quot;[39m
          [36m&gt;[39m
            [36m&lt;label&gt;[39m
              [0mSort by[0m
            [36m&lt;/label&gt;[39m
            [36m&lt;select[39m
              [33mrole[39m=[32m&quot;combobox&quot;[39m
            [36m&gt;[39m
              [36m&lt;option[39m
                [33mrole[39m=[32m&quot;option&quot;[39m
                [33mvalue[39m=[32m&quot;recent&quot;[39m
              [36m&gt;[39m
                [0mRecently Used[0m
              [36m&lt;/option&gt;[39m
              [36m&lt;option[39m
                [33mrole[39m=[32m&quot;option&quot;[39m
                [33mvalue[39m=[32m&quot;name&quot;[39m
              [36m&gt;[39m
                [0mName (A-Z)[0m
              [36m&lt;/option&gt;[39m
            [36m&lt;/select&gt;[39m
          [36m&lt;/div&gt;[39m
          [36m&lt;button[39m
            [33maria-label[39m=[32m&quot;Refresh projects&quot;[39m
          [36m&gt;[39m
            [0mRefreshIcon[0m
          [36m&lt;/button&gt;[39m
          [36m&lt;button[39m
            [33maria-label[39m=[32m&quot;Switch to dark theme&quot;[39m
          [36m&gt;[39m
            [0mDarkModeIcon[0m
          [36m&lt;/button&gt;[39m
        [36m&lt;/div&gt;[39m
      [36m&lt;/header&gt;[39m
      [36m&lt;div[39m
        [33msx[39m=[32m&quot;[object Object]&quot;[39m
      [36m&gt;[39m
        [36m&lt;div&gt;[39m
          [36m&lt;div&gt;[39m
            [36m&lt;p&gt;[39m
              [0mFilter by Tags:[0m
            [36m&lt;/p&gt;[39m
          [36m&lt;/div&gt;[39m
          [36m&lt;div&gt;[39m
            [36m&lt;span[39m
              [33mcolor[39m=[32m&quot;default&quot;[39m
              [33msx[39m=[32m&quot;[object Object]&quot;[39m
              [33mvariant[39m=[32m&quot;outlined&quot;[39m
            [36m&gt;[39m
              [0mmock[0m
            [36m&lt;/span&gt;[39m
            [36m&lt;span[39m
              [33mcolor[39m=[32m&quot;default&quot;[39m
              [33msx[39m=[32m&quot;[object Object]&quot;[39m
              [33mvariant[39m=[32m&quot;outlined&quot;[39m
            [36m&gt;[39m
              [0mtest[0m
            [36m&lt;/span&gt;[39m
          [36m&lt;/div&gt;[39m
        [36m&lt;/div&gt;[39m
        [36m&lt;div&gt;[39m
          [36m&lt;div&gt;[39m
            [36m&lt;p&gt;[39m
              [0mRecent Projects[0m
            [36m&lt;/p&gt;[39m
            [36m&lt;div[39m
              [33mcolumns[39m=[32m&quot;2&quot;[39m
              [33mdata-testid[39m=[32m&quot;mock-masonry&quot;[39m
              [33mspacing[39m=[32m&quot;2&quot;[39m
            [36m&gt;[39m
              [36m&lt;div[39m
                [33mclass[39m=[32m&quot;project-card&quot;[39m
                [33mtabindex[39m=[32m&quot;0&quot;[39m
              [36m&gt;[39m
                [36m&lt;div[39m
                  [33msx[39m=[32m&quot;[object Object]&quot;[39m
                [36m&gt;[39m
                  [36m&lt;button[39m
                    [33maria-label[39m=[32m&quot;Pin project&quot;[39m
                  [36m&gt;[39m
                    [0mStarBorderIcon[0m
                  [36m&lt;/button&gt;[39m
                  [36m&lt;div[39m
                    [33msx[39m=[32m&quot;[object Object]&quot;[39m
                  [36m&gt;[39m
                    [36m&lt;h2&gt;[39m
                      [0mTest Project 1[0m
                    [36m&lt;/h2&gt;[39m
                    [36m&lt;div&gt;[39m
                      [0mFolderIcon[0m
                      [36m&lt;p&gt;[39m
                        [0m/path/to/project[0m
                      [36m&lt;/p&gt;[39m
                    [36m&lt;/div&gt;[39m
                    [36m&lt;div&gt;[39m
                      [36m&lt;div&gt;[39m
                        [36m&lt;span[39m
                          [33mcolor[39m=[32m&quot;primary&quot;[39m
                          [33mvariant[39m=[32m&quot;outlined&quot;[39m
                        [36m&gt;[39m
                          [0mtest[0m
                        [36m&lt;/span&gt;[39m
                        [36m&lt;span[39m
                          [33mcolor[39m=[32m&quot;primary&quot;[39m
                          [33mvariant[39m=[32m&quot;outlined&quot;[39m
                        [36m&gt;[39m
                          [0mmock[0m
                        [36m&lt;/span&gt;[39m
                      [36m&lt;/div&gt;[39m
                    [36m&lt;/div&gt;[39m
                    [36m&lt;div&gt;[39m
                      [36m&lt;div&gt;[39m
                        [0mNotesIcon[0m
                        [36m&lt;p[39m
                          [33mfont-weight[39m=[32m&quot;medium&quot;[39m
                        [36m&gt;[39m
                          [0mNotes[0m
                        [36m&lt;/p&gt;[39m
                      [36m&lt;/div&gt;[39m
                      [36m&lt;p&gt;[39m
                        [0mTest project notes[0m
                      [36m&lt;/p&gt;[39m
                    [36m&lt;/div&gt;[39m
                  [36m&lt;/div&gt;[39m
                  [36m&lt;div[39m
                    [33msx[39m=[32m&quot;[object Object]&quot;[39m
                  [36m&gt;[39m
                    [36m&lt;div&gt;[39m
                      [36m&lt;label[39m
                        [33msx[39m=[32m&quot;[object Object]&quot;[39m
                      [36m&gt;[39m
                        [36m&lt;input[39m
                          [33mtype[39m=[32m&quot;checkbox&quot;[39m
                        [36m/&gt;[39m
                        [0m [0m
                        [0mContinue[0m
                      [36m&lt;/label&gt;[39m
                      [36m&lt;button[39m
                        [33mdata-launch-btn[39m=[32m&quot;true&quot;[39m
                      [36m&gt;[39m
                        [0mLaunchIcon[0m
                        [0m [0m
                        [0mLaunch[0m
                      [36m&lt;/button&gt;[39m
                    [36m&lt;/div&gt;[39m
                    [36m&lt;div&gt;[39m
                      [36m&lt;button[39m
                        [33maria-label[39m=[32m&quot;Edit project&quot;[39m
                      [36m&gt;[39m
                        [0mEditIcon[0m
                      [36m&lt;/button&gt;[39m
                      [36m&lt;button[39m
                        [33maria-label[39m=[32m&quot;Delete project&quot;[39m
                      [36m&gt;[39m
                        [0mDeleteIcon[0m
                      [36m&lt;/button&gt;[39m
                    [36m&lt;/div&gt;[39m
                  [36m&lt;/div&gt;[39m
                [36m&lt;/div&gt;[39m
              [36m&lt;/div&gt;[39m
              [36m&lt;div[39m
                [33mclass[39m=[32m&quot;project-card&quot;[39m
                [33mtabindex[39m=[32m&quot;0&quot;[39m
              [36m&gt;[39m
                [36m&lt;div[39m
                  [33msx[39m=[32m&quot;[object Object]&quot;[39m
                [36m&gt;[39m
                  [36m&lt;button[39m
                    [33maria-label[39m=[32m&quot;Pin project&quot;[39m
                  [36m&gt;[39m
                    [0mStarBorderIcon[0m
                  [36m&lt;/button&gt;[39m
                  [36m&lt;div[39m
                    [33msx[39m=[32m&quot;[object Object]&quot;[39m
                  [36m&gt;[39m
                    [36m&lt;h2&gt;[39m
                      [0mTest Project 2[0m
                    [36m&lt;/h2&gt;[39m
                    [36m&lt;div&gt;[39m
                      [0mFolderIcon[0m
                      [36m&lt;p&gt;[39m
                        [0m/path/to/project[0m
                      [36m&lt;/p&gt;[39m
                    [36m&lt;/div&gt;[39m
                    [36m&lt;div&gt;[39m
                      [36m&lt;div&gt;[39m
                        [36m&lt;span[39m
                          [33mcolor[39m=[32m&quot;primary&quot;[39m
                          [33mvariant[39m=[32m&quot;outlined&quot;[39m
                        [36m&gt;[39m
                          [0mtest[0m
                        [36m&lt;/span&gt;[39m
                        [36m&lt;span[39m
                          [33mcolor[39m=[32m&quot;primary&quot;[39m
                          [33mvariant[39m=[32m&quot;outlined&quot;[39m
                        [36m&gt;[39m
                          [0mmock[0m
                        [36m&lt;/span&gt;[39m
                      [36m&lt;/div&gt;[39m
                    [36m&lt;/div&gt;[39m
                    [36m&lt;div&gt;[39m
                      [36m&lt;div&gt;[39m
                        [0mNotesIcon[0m
                        [36m&lt;p[39m
                          [33mfont-weight[39m=[32m&quot;medium&quot;[39m
                        [36m&gt;[39m
                          [0mNotes[0m
                        [36m&lt;/p&gt;[39m
                      [36m&lt;/div&gt;[39m
                      [36m&lt;p&gt;[39m
                        [0mTest project notes[0m
                      [36m&lt;/p&gt;[39m
                    [36m&lt;/div&gt;[39m
                  [36m&lt;/div&gt;[39m
                  [36m&lt;div[39m
                    [33msx[39m=[32m&quot;[object Object]&quot;[39m
                  [36m&gt;[39m
                    [36m&lt;div&gt;[39m
                      [36m&lt;label[39m
                        [33msx[39m=[32m&quot;[object Object]&quot;[39m
                      [36m&gt;[39m
                        [36m&lt;input[39m
                          [33mtype[39m=[32m&quot;checkbox&quot;[39m
                        [36m/&gt;[39m
                        [0m [0m
                        [0mContinue[0m
                      [36m&lt;/label&gt;[39m
                      [36m&lt;button[39m
                        [33mdata-launch-btn[39m=[32m&quot;true&quot;[39m
                      [36m&gt;[39m
                        [0mLaunchIcon[0m
                        [0m [0m
                        [0mLaunch[0m
                      [36m&lt;/button&gt;[39m
                    [36m&lt;/div&gt;[39m
                    [36m&lt;div&gt;[39m
                      [36m&lt;button[39m
                        [33maria-label[39m=[32m&quot;Edit project&quot;[39m
                      [36m&gt;[39m
                        [0mEditIcon[0m
                      [36m&lt;/button&gt;[39m
                      [36m&lt;button[39m
                        [33maria-label[39m=[32m&quot;Delete project&quot;[39m
                      [36m&gt;[39m
                        [0mDeleteIcon[0m
                      [36m&lt;/button&gt;[39m
                    [36m&lt;/div&gt;[39m
                  [36m&lt;/div&gt;[39m
                [36m&lt;/div&gt;[39m
              [36m&lt;/div&gt;[39m
              [36m&lt;div[39m
                [33mclass[39m=[32m&quot;project-card&quot;[39m
                [33mtabindex[39m=[32m&quot;0&quot;[39m
              [36m&gt;[39m
                [36m&lt;div[39m
                  [33msx[39m=[32m&quot;[object Object]&quot;[39m
                [36m&gt;[39m
                  [36m&lt;button[39m
                    [33maria-label[39m=[32m&quot;Pin project&quot;[39m
                  [36m&gt;[39m
                    [0mStarBorderIcon[0m
                  [36m&lt;/button&gt;[39m
                  [36m&lt;div[39m
                    [33msx[39m=[32m&quot;[object Object]&quot;[39m
                  [36m&gt;[39m
                    [36m&lt;h2&gt;[39m
                      [0mTest Project 3[0m
                    [36m&lt;/h2&gt;[39m
                    [36m&lt;div&gt;[39m
                      [0mFolderIcon[0m
                      [36m&lt;p&gt;[39m
                        [0m/path/to/project[0m
                      [36m&lt;/p&gt;[39m
                    [36m&lt;/div&gt;[39m
                    [36m&lt;div&gt;[39m
                      [36m&lt;div&gt;[39m
                        [36m&lt;span[39m
                          [33mcolor[39m=[32m&quot;primary&quot;[39m
                          [33mvariant[39m=[32m&quot;outlined&quot;[39m
                        [36m&gt;[39m
                          [0mtest[0m
                        [36m&lt;/span&gt;[39m
                        [36m&lt;span[39m
                          [33mcolor[39m=[32m&quot;primary&quot;[39m
                          [33mvariant[39m=[32m&quot;outlined&quot;[39m
                        [36m&gt;[39m
                          [0mmock[0m
                        [36m&lt;/span&gt;[39m
                      [36m&lt;/div&gt;[39m
                    [36m&lt;/div&gt;[39m
                    [36m&lt;div&gt;[39m
                      [36m&lt;div&gt;[39m
                        [0mNotesIcon[0m
                        [36m&lt;p[39m
                          [33mfont-weight[39m=[32m&quot;medium&quot;[39m
                        [36m&gt;[39m
                          [0mNotes[0m
                        [36m&lt;/p&gt;[39m
                      [36m&lt;/div&gt;[39m
                      [36m&lt;p&gt;[39m
                        [0mTest project notes[0m
                      [36m&lt;/p&gt;[39m
                    [36m&lt;/div&gt;[39m
                  [36m&lt;/div&gt;[39m
                  [36m&lt;div[39m
                    [33msx[39m=[32m&quot;[object Object]&quot;[39m
                  [36m&gt;[39m
                    [36m&lt;div&gt;[39m
                      [36m&lt;label[39m
                        [33msx[39m=[32m&quot;[object Object]&quot;[39m
                      [36m&gt;[39m
                        [36m&lt;input[39m
                          [33mtype[39m=[32m&quot;checkbox&quot;[39m
                        [36m/&gt;[39m
                        [0m [0m
                        [0mContinue[0m
                      [36m&lt;/label&gt;[39m
                      [36m&lt;button[39m
                        [33mdata-launch-btn[39m=[32m&quot;true&quot;[39m
                      [36m&gt;[39m
                        [0mLaunchIcon[0m
                        [0m [0m
                        [0mLaunch[0m
                      [36m&lt;/button&gt;[39m
                    [36m&lt;/div&gt;[39m
                    [36m&lt;div&gt;[39m
                      [36m&lt;button[39m
                        [33maria-label[39m=[32m&quot;Edit project&quot;[39m
                      [36m&gt;[39m
                        [0mEditIcon[0m
                      [36m&lt;/button&gt;[39m
                      [36m&lt;button[39m
                        [33maria-label[39m=[32m&quot;Delete project&quot;[39m
                      [36m&gt;[39m
                        [0mDeleteIcon[0m
                      [36m&lt;/button&gt;[39m
                    [36m&lt;/div&gt;[39m
                  [36m&lt;/div&gt;[39m
                [36m&lt;/div&gt;[39m
              [36m&lt;/div&gt;[39m
            [36m&lt;/div&gt;[39m
            [36m&lt;hr[39m
              [33msx[39m=[32m&quot;[object Object]&quot;[39m
            [36m/&gt;[39m
          [36m&lt;/div&gt;[39m
          [36m&lt;div&gt;[39m
            [36m&lt;p&gt;[39m
              [0mAll Projects[0m
            [36m&lt;/p&gt;[39m
            [36m&lt;div[39m
              [33mcolumns[39m=[32m&quot;2&quot;[39m
              [33mdata-testid[39m=[32m&quot;mock-masonry&quot;[39m
              [33mspacing[39m=[32m&quot;2&quot;[39m
            [36m&gt;[39m
              [36m&lt;div[39m
                [33mclass[39m=[32m&quot;project-card&quot;[39m
                [33mtabindex[39m=[32m&quot;0&quot;[39m
              [36m&gt;[39m
                [36m&lt;div[39m
                  [33msx[39m=[32m&quot;[object Object]&quot;[39m
                [36m&gt;[39m
                  [36m&lt;button[39m
                    [33maria-label[39m=[32m&quot;Pin project&quot;[39m
                  [36m&gt;[39m
                    [0mStarBorderIcon[0m
                  [36m&lt;/button&gt;[39m
                  [36m&lt;div[39m
                    [33msx[39m=[32m&quot;[object Object]&quot;[39m
                  [36m&gt;[39m
                    [36m&lt;h2&gt;[39m
                      [0mTest Project 1[0m
                    [36m&lt;/h2&gt;[39m
                    [36m&lt;div&gt;[39m
                      [0mFolderIcon[0m
                      [36m&lt;p&gt;[39m
                        [0m/path/to/project[0m
                      [36m&lt;/p&gt;[39m
                    [36m&lt;/div&gt;[39m
                    [36m&lt;div&gt;[39m
                      [36m&lt;div&gt;[39m
                        [36m&lt;span[39m
                          [33mcolor[39m=[32m&quot;primary&quot;[39m
                          [33mvariant[39m=[32m&quot;outlined&quot;[39m
                        [36m&gt;[39m
                          [0mtest[0m
                        [36m&lt;/span&gt;[39m
                        [36m&lt;span[39m
                          [33mcolor[39m=[32m&quot;primary&quot;[39m
                          [33mvariant[39m=[32m&quot;outlined&quot;[39m
                        [36m&gt;[39m
                          [0mmock[0m
                        [36m&lt;/span&gt;[39m
                      [36m&lt;/div&gt;[39m
                    [36m&lt;/div&gt;[39m
                    [36m&lt;div&gt;[39m
                      [36m&lt;div&gt;[39m
                        [0mNotesIcon[0m
                        [36m&lt;p[39m
                          [33mfont-weight[39m=[32m&quot;medium&quot;[39m
                        [36m&gt;[39m
                          [0mNotes[0m
                        [36m&lt;/p&gt;[39m
                      [36m&lt;/div&gt;[39m
                      [36m&lt;p&gt;[39m
                        [0mTest project notes[0m
                      [36m&lt;/p&gt;[39m
                    [36m&lt;/div&gt;[39m
                  [36m&lt;/div&gt;[39m
                  [36m&lt;div[39m
                    [33msx[39m=[32m&quot;[object Object]&quot;[39m
                  [36m&gt;[39m
                    [36m&lt;div&gt;[39m
                      [36m&lt;label[39m
                        [33msx[39m=[32m&quot;[object Object]&quot;[39m
                      [36m&gt;[39m
                        [36m&lt;input[39m
                          [33mtype[39m=[32m&quot;checkbox&quot;[39m
                        [36m/&gt;[39m
                        [0m [0m
                        [0mContinue[0m
                      [36m&lt;/label&gt;[39m
                      [36m&lt;button[39m
                        [33mdata-launch-btn[39m=[32m&quot;true&quot;[39m
                      [36m&gt;[39m
                        [0mLaunchIcon[0m
                        [0m [0m
                        [0mLaunch[0m
                      [36m&lt;/button&gt;[39m
                    [36m&lt;/div&gt;[39m
                    [36m&lt;div&gt;[39m
                      [36m&lt;button[39m
                        [33maria-label[39m=[32m&quot;Edit project&quot;[39m
                      [36m&gt;[39m
                        [0mEditIcon[0m
                      [36m&lt;/button&gt;[39m
                      [36m&lt;button[39m
                        [33maria-label[39m=[32m&quot;Delete project&quot;[39m
                      [36m&gt;[39m
                        [0mDeleteIcon[0m
                      [36m&lt;/button&gt;[39m
                    [36m&lt;/div&gt;[39m
                  [36m&lt;/div&gt;[39m
                [36m&lt;/div&gt;[39m
              [36m&lt;/div&gt;[39m
              [36m&lt;div[39m
                [33mclass[39m=[32m&quot;project-card&quot;[39m
                [33mtabindex[39m=[32m&quot;0&quot;[39m
              [36m&gt;[39m
                [36m&lt;div[39m
                  [33msx[39m=[32m&quot;[object Object]&quot;[39m
                [36m&gt;[39m
                  [36m&lt;button[39m
                    [33maria-label[39m=[32m&quot;Pin project&quot;[39m
                  [36m&gt;[39m
                    [0mStarBorderIcon[0m
                  [36m&lt;/button&gt;[39m
                  [36m&lt;div[39m
                    [33msx[39m=[32m&quot;[object Object]&quot;[39m
                  [36m&gt;[39m
                    [36m&lt;h2&gt;[39m
                      [0mTest Project 2[0m
                    [36m&lt;/h2&gt;[39m
                    [36m&lt;div&gt;[39m
                      [0mFolderIcon[0m
                      [36m&lt;p&gt;[39m
                        [0m/path/to/project[0m
                      [36m&lt;/p&gt;[39m
                    [36m&lt;/div&gt;[39m
                    [36m&lt;div&gt;[39m
                      [36m&lt;div&gt;[39m
                        [36m&lt;span[39m
                          [33mcolor[39m=[32m&quot;primary&quot;[39m
                          [33mvariant[39m=[32m&quot;outlined&quot;[39m
                        [36m&gt;[39m
                          [0mtest[0m
                        [36m&lt;/span&gt;[39m
                        [36m&lt;span[39m
                          [33mcolor[39m=[32m&quot;primary&quot;[39m
                          [33mvariant[39m=[32m&quot;outlined&quot;[39m
                        [36m&gt;[39m
                          [0mmock[0m
                        [36m&lt;/span&gt;[39m
                      [36m&lt;/div&gt;[39m
                    [36m&lt;/div&gt;[39m
                    [36m&lt;div&gt;[39m
                      [36m&lt;div&gt;[39m
                        [0mNotesIcon[0m
                        [36m&lt;p[39m
                          [33mfont-weight[39m=[32m&quot;medium&quot;[39m
                        [36m&gt;[39m
                          [0mNotes[0m
                        [36m&lt;/p&gt;[39m
                      [36m&lt;/div&gt;[39m
                      [36m&lt;p&gt;[39m
                        [0mTest project notes[0m
                      [36m&lt;/p&gt;[39m
                    [36m&lt;/div&gt;[39m
                  [36m&lt;/div&gt;[39m
                  [36m&lt;div[39m
                    [33msx[39m=[32m&quot;[object Object]&quot;[39m
                  [36m&gt;[39m
                    [36m&lt;div&gt;[39m
                      [36m&lt;label[39m
                        [33msx[39m=[32m&quot;[object Object]&quot;[39m
                      [36m&gt;[39m
                        [36m&lt;input[39m
                          [33mtype[39m=[32m&quot;checkbox&quot;[39m
                        [36m/&gt;[39m
                        [0m [0m
                        [0mContinue[0m
                      [36m&lt;/label&gt;[39m
                      [36m&lt;button[39m
                        [33mdata-launch-btn[39m=[32m&quot;true&quot;[39m
                      [36m&gt;[39m
                        [0mLaunchIcon[0m
                        [0m [0m
                        [0mLaunch[0m
                      [36m&lt;/button&gt;[39m
                    [36m&lt;/div&gt;[39m
                    [36m&lt;div&gt;[39m
                      [36m&lt;button[39m
                        [33maria-label[39m=[32m&quot;Edit project&quot;[39m
                      [36m&gt;[39m
                        [0mEditIcon[0m
                      [36m&lt;/button&gt;[39m
                      [36m&lt;button[39m
                        [33maria-label[39m=[32m&quot;Delete project&quot;[39m
                      [36m&gt;[39m
                        [0mDeleteIcon[0m
                      [36m&lt;/button&gt;[39m
                    [36m&lt;/div&gt;[39m
                  [36m&lt;/div&gt;[39m
                [36m&lt;/div&gt;[39m
              [36m&lt;/div&gt;[39m
              [36m&lt;div[39m
                [33mclass[39m=[32m&quot;project-card&quot;[39m
                [33mtabindex[39m=[32m&quot;0&quot;[39m
              [36m&gt;[39m
                [36m&lt;div[39m
                  [33msx[39m=[32m&quot;[object Object]&quot;[39m
                [36m&gt;[39m
                  [36m&lt;button[39m
                    [33maria-label[39m=[32m&quot;Pin project&quot;[39m
                  [36m&gt;[39m
                    [0mStarBorderIcon[0m
                  [36m&lt;/button&gt;[39m
                  [36m&lt;div[39m
                    [33msx[39m=[32m&quot;[object Object]&quot;[39m
                  [36m&gt;[39m
                    [36m&lt;h2&gt;[39m
                      [0mTest Project 3[0m
                    [36m&lt;/h2&gt;[39m
                    [36m&lt;div&gt;[39m
                      [0mFolderIcon[0m
                      [36m&lt;p&gt;[39m
                        [0m/path/to/project[0m
                      [36m&lt;/p&gt;[39m
                    [36m&lt;/div&gt;[39m
                    [36m&lt;div&gt;[39m
                      [36m&lt;div&gt;[39m
                        [36m&lt;span[39m
                          [33mcolor[39m=[32m&quot;primary&quot;[39m
                          [33mvariant[39m=[32m&quot;outlined&quot;[39m
                        [36m&gt;[39m
                          [0mtest[0m
                        [36m&lt;/span&gt;[39m
                        [36m&lt;span[39m
                          [33mcolor[39m=[32m&quot;primary&quot;[39m
                          [33mvariant[39m=[32m&quot;outlined&quot;[39m
                        [36m&gt;[39m
                          [0mmock[0m
                        [36m&lt;/span&gt;[39m
                      [36m&lt;/div&gt;[39m
                    [36m&lt;/div&gt;[39m
                    [36m&lt;div&gt;[39m
                      [36m&lt;div&gt;[39m
                        [0mNotesIcon[0m
                        [36m&lt;p[39m
                          [33mfont-weight[39m=[32m&quot;medium&quot;[39m
                        [36m&gt;[39m
                          [0mNotes[0m
                        [36m&lt;/p&gt;[39m
                      [36m&lt;/div&gt;[39m
                      [36m&lt;p&gt;[39m
                        [0mTest project notes[0m
                      [36m&lt;/p&gt;[39m
                    [36m&lt;/div&gt;[39m
                  [36m&lt;/div&gt;[39m
                  [36m&lt;div[39m
                    [33msx[39m=[32m&quot;[object Object]&quot;[39m
                  [36m&gt;[39m
                    [36m&lt;div&gt;[39m
                      [36m&lt;label[39m
                        [33msx[39m=[32m&quot;[object Object]&quot;[39m
                      [36m&gt;[39m
                        [36m&lt;input[39m
                          [33mtype[39m=[32m&quot;checkbox&quot;[39m
                        [36m/&gt;[39m
                        [0m [0m
                        [0mContinue[0m
                      [36m&lt;/label&gt;[39m
                      [36m&lt;button[39m
                        [33mdata-launch-btn[39m=[32m&quot;true&quot;[39m
                      [36m&gt;[39m
                        [0mLaunchIcon[0m
                        [0m [0m
                        [0mLaunch[0m
                      [36m&lt;/button&gt;[39m
                    [36m&lt;/div&gt;[39m
                    [36m&lt;div&gt;[39m
                      [36m&lt;button[39m
                        [33maria-label[39m=[32m&quot;Edit project&quot;[39m
                      [36m&gt;[39m
                        [0mEditIcon[0m
                      [36m&lt;/button&gt;[39m
                      [36m&lt;button[39m
                        [33maria-label[39m=[32m&quot;Delete project&quot;[39m
                      [36m&gt;[39m
                        [0mDeleteIcon[0m
                      [36m&lt;/button&gt;[39m
                    [36m&lt;/div&gt;[39m
                  [36m&lt;/div&gt;[39m
                [36m&lt;/div&gt;[39m
              [36m&lt;/div&gt;[39m
            [36m&lt;/div&gt;[39m
          [36m&lt;/div&gt;[39m
        [36m&lt;/div&gt;[39m
      [36m&lt;/div&gt;[39m
      [36m&lt;button[39m
        [33maria-label[39m=[32m&quot;add&quot;[39m
        [33mcolor[39m=[32m&quot;primary&quot;[39m
        [33msx[39m=[32m&quot;[object Object]&quot;[39m
      [36m&gt;[39m
        [0mAddIcon[0m
      [36m&lt;/button&gt;[39m
    [36m&lt;/div&gt;[39m
  [36m&lt;/div&gt;[39m
[36m&lt;/body&gt;[39m

Ignored nodes: comments, script, style
[36m&lt;html&gt;[39m
  [36m&lt;head /&gt;[39m
  [36m&lt;body&gt;[39m
    [36m&lt;div&gt;[39m
      [36m&lt;div&gt;[39m
        [36m&lt;header[39m
          [33melevation[39m=[32m&quot;0&quot;[39m
          [33mposition[39m=[32m&quot;static&quot;[39m
        [36m&gt;[39m
          [36m&lt;div&gt;[39m
            [36m&lt;div&gt;[39m
              [0mClaude Launcher[0m
            [36m&lt;/div&gt;[39m
            [36m&lt;input[39m
              [33mplaceholder[39m=[32m&quot;Search projects...&quot;[39m
              [33mvalue[39m=[32m&quot;&quot;[39m
            [36m/&gt;[39m
            [36m&lt;div[39m
              [33msx[39m=[32m&quot;[object Object]&quot;[39m
            [36m&gt;[39m
              [36m&lt;label&gt;[39m
                [0mSort by[0m
              [36m&lt;/label&gt;[39m
              [36m&lt;select[39m
                [33mrole[39m=[32m&quot;combobox&quot;[39m
              [36m&gt;[39m
                [36m&lt;option[39m
                  [33mrole[39m=[32m&quot;option&quot;[39m
                  [33mvalue[39m=[32m&quot;recent&quot;[39m
                [36m&gt;[39m
                  [0mRecently Used[0m
                [36m&lt;/option&gt;[39m
                [36m&lt;option[39m
                  [33mrole[39m=[32m&quot;option&quot;[39m
                  [33mvalue[39m=[32m&quot;name&quot;[39m
                [36m&gt;[39m
                  [0mName (A-Z)[0m
                [36m&lt;/option&gt;[39m
              [36m&lt;/select&gt;[39m
            [36m&lt;/div&gt;[39m
            [36m&lt;button[39m
              [33maria-label[39m=[32m&quot;Refresh projects&quot;[39m
            [36m&gt;[39m
              [0mRefreshIcon[0m
            [36m&lt;/button&gt;[39m
            [36m&lt;button[39m
              [33maria-label[39m=[32m&quot;Switch to dark theme&quot;[39m
            [36m&gt;[39m
              [0mDarkModeIcon[0m
            [36m&lt;/button&gt;[39m
          [36m&lt;/div&gt;[39m
        [36m&lt;/header&gt;[39m
        [36m&lt;div[39m
          [33msx[39m=[32m&quot;[object Object]&quot;[39m
        [36m&gt;[39m
          [36m&lt;div&gt;[39m
            [36m&lt;div&gt;[39m
              [36m&lt;p&gt;[39m
                [0mFilter by Tags:[0m
              [36m&lt;/p&gt;[39m
            [36m&lt;/div&gt;[39m
            [36m&lt;div&gt;[39m
              [36m&lt;span[39m
                [33mcolor[39m=[32m&quot;default&quot;[39m
                [33msx[39m=[32m&quot;[object Object]&quot;[39m
                [33mvariant[39m=[32m&quot;outlined&quot;[39m
              [36m&gt;[39m
                [0mmock[0m
              [36m&lt;/span&gt;[39m
              [36m&lt;span[39m
                [33mcolor[39m=[32m&quot;default&quot;[39m
                [33msx[39m=[32m&quot;[object Object]&quot;[39m
                [33mvariant[39m=[32m&quot;outlined&quot;[39m
              [36m&gt;[39m
                [0mtest[0m
              [36m&lt;/span&gt;[39m
            [36m&lt;/div&gt;[39m
          [36m&lt;/div&gt;[39m
          [36m&lt;div&gt;[39m
            [36m&lt;div&gt;[39m
              [36m&lt;p&gt;[39m
                [0mRecent Projects[0m
              [36m&lt;/p&gt;[39m
              [36m&lt;div[39m
                [33mcolumns[39m=[32m&quot;2&quot;[39m
                [33mdata-testid[39m=[32m&quot;mock-masonry&quot;[39m
                [33mspacing[39m=[32m&quot;2&quot;[39m
              [36m&gt;[39m
                [36m&lt;div[39m
                  [33mclass[39m=[32m&quot;project-card&quot;[39m
                  [33mtabindex[39m=[32m&quot;0&quot;[39m
                [36m&gt;[39m
                  [36m&lt;div[39m
                    [33msx[39m=[32m&quot;[object Object]&quot;[39m
                  [36m&gt;[39m
                    [36m&lt;button[39m
                      [33maria-label[39m=[32m&quot;Pin project&quot;[39m
                    [36m&gt;[39m
                      [0mStarBorderIcon[0m
                    [36m&lt;/button&gt;[39m
                    [36m&lt;div[39m
                      [33msx[39m=[32m&quot;[object Object]&quot;[39m
                    [36m&gt;[39m
                      [36m&lt;h2&gt;[39m
                        [0mTest Project 1[0m
                      [36m&lt;/h2&gt;[39m
                      [36m&lt;div&gt;[39m
                        [0mFolderIcon[0m
                        [36m&lt;p&gt;[39m
                          [0m/path/to/project[0m
                        [36m&lt;/p&gt;[39m
                      [36m&lt;/div&gt;[39m
                      [36m&lt;div&gt;[39m
                        [36m&lt;div&gt;[39m
                          [36m&lt;span[39m
                            [33mcolor[39m=[32m&quot;primary&quot;[39m
                            [33mvariant[39m=[32m&quot;outlined&quot;[39m
                          [36m&gt;[39m
                            [0mtest[0m
                          [36m&lt;/span&gt;[39m
                          [36m&lt;span[39m
                            [33mcolor[39m=[32m&quot;primary&quot;[39m
                            [33mvariant[39m=[32m&quot;outlined&quot;[39m
                          [36m&gt;[39m
                            [0mmock[0m
                          [36m&lt;/span&gt;[39m
                        [36m&lt;/div&gt;[39m
                      [36m&lt;/div&gt;[39m
                      [36m&lt;div&gt;[39m
                        [36m&lt;div&gt;[39m
                          [0mNotesIcon[0m
                          [36m&lt;p[39m
                            [33mfont-weight[39m=[32m&quot;medium&quot;[39m
                          [36m&gt;[39m
                            [0mNotes[0m
                          [36m&lt;/p&gt;[39m
                        [36m&lt;/div&gt;[39m
                        [36m&lt;p&gt;[39m
                          [0mTest project notes[0m
                        [36m&lt;/p&gt;[39m
                      [36m&lt;/div&gt;[39m
                    [36m&lt;/div&gt;[39m
                    [36m&lt;div[39m
                      [33msx[39m=[32m&quot;[object Object]&quot;[39m
                    [36m&gt;[39m
                      [36m&lt;div&gt;[39m
                        [36m&lt;label[39m
                          [33msx[39m=[32m&quot;[object Object]&quot;[39m
                        [36m&gt;[39m
                          [36m&lt;input[39m
                            [33mtype[39m=[32m&quot;checkbox&quot;[39m
                          [36m/&gt;[39m
                          [0m [0m
                          [0mContinue[0m
                        [36m&lt;/label&gt;[39m
                        [36m&lt;button[39m
                          [33mdata-launch-btn[39m=[32m&quot;true&quot;[39m
                        [36m&gt;[39m
                          [0mLaunchIcon[0m
                          [0m [0m
                          [0mLaunch[0m
                        [36m&lt;/button&gt;[39m
                      [36m&lt;/div&gt;[39m
                      [36m&lt;div&gt;[39m
                        [36m&lt;button[39m
                          [33maria-label[39m=[32m&quot;Edit project&quot;[39m
                        [36m&gt;[39m
                          [0mEditIcon[0m
                        [36m&lt;/button&gt;[39m
                        [36m&lt;button[39m
                          [33maria-label[39m=[32m&quot;Delete project&quot;[39m
                        [36m&gt;[39m
                          [0mDeleteIcon[0m
                        [36m&lt;/button&gt;[39m
                      [36m&lt;/div&gt;[39m
                    [36m&lt;/div&gt;[39m
                  [36m&lt;/div&gt;[39m
                [36m&lt;/div&gt;[39m
                [36m&lt;div[39m
                  [33mclass[39m=[32m&quot;project-card&quot;[39m
                  [33mtabindex[39m=[32m&quot;0&quot;[39m
                [36m&gt;[39m
                  [36m&lt;div[39m
                    [33msx[39m=[32m&quot;[object Object]&quot;[39m
                  [36m&gt;[39m
                    [36m&lt;button[39m
                      [33maria-label[39m=[32m&quot;Pin project&quot;[39m
                    [36m&gt;[39m
                      [0mStarBorderIcon[0m
                    [36m&lt;/button&gt;[39m
                    [36m&lt;div[39m
                      [33msx[39m=[32m&quot;[object Object]&quot;[39m
                    [36m&gt;[39m
                      [36m&lt;h2&gt;[39m
                        [0mTest Project 2[0m
                      [36m&lt;/h2&gt;[39m
                      [36m&lt;div&gt;[39m
                        [0mFolderIcon[0m
                        [36m&lt;p&gt;[39m
                          [0m/path/to/project[0m
                        [36m&lt;/p&gt;[39m
                      [36m&lt;/div&gt;[39m
                      [36m&lt;div&gt;[39m
                        [36m&lt;div&gt;[39m
                          [36m&lt;span[39m
                            [33mcolor[39m=[32m&quot;primary&quot;[39m
                            [33mvariant[39m=[32m&quot;outlined&quot;[39m
                          [36m&gt;[39m
                            [0mtest[0m
                          [36m&lt;/span&gt;[39m
                          [36m&lt;span[39m
                            [33mcolor[39m=[32m&quot;primary&quot;[39m
                            [33mvariant[39m=[32m&quot;outlined&quot;[39m
                          [36m&gt;[39m
                            [0mmock[0m
                          [36m&lt;/span&gt;[39m
                        [36m&lt;/div&gt;[39m
                      [36m&lt;/div&gt;[39m
                      [36m&lt;div&gt;[39m
                        [36m&lt;div&gt;[39m
                          [0mNotesIcon[0m
                          [36m&lt;p[39m
                            [33mfont-weight[39m=[32m&quot;medium&quot;[39m
                          [36m&gt;[39m
                            [0mNotes[0m
                          [36m&lt;/p&gt;[39m
                        [36m&lt;/div&gt;[39m
                        [36m&lt;p&gt;[39m
                          [0mTest project notes[0m
                        [36m&lt;/p&gt;[39m
                      [36m&lt;/div&gt;[39m
                    [36m&lt;/div&gt;[39m
                    [36m&lt;div[39m
                      [33msx[39m=[32m&quot;[object Object]&quot;[39m
                    [36m&gt;[39m
                      [36m&lt;div&gt;[39m
                        [36m&lt;label[39m
                          [33msx[39m=[32m&quot;[object Object]&quot;[39m
                        [36m&gt;[39m
                          [36m&lt;input[39m
                            [33mtype[39m=[32m&quot;checkbox&quot;[39m
                          [36m/&gt;[39m
                          [0m [0m
                          [0mContinue[0m
                        [36m&lt;/label&gt;[39m
                        [36m&lt;button[39m
                          [33mdata-launch-btn[39m=[32m&quot;true&quot;[39m
                        [36m&gt;[39m
                          [0mLaunchIcon[0m
                          [0m [0m
                          [0mLaunch[0m
                        [36m&lt;/button&gt;[39m
                      [36m&lt;/div&gt;[39m
                      [36m&lt;div&gt;[39m
                        [36m&lt;button[39m
                          [33maria-label[39m=[32m&quot;Edit project&quot;[39m
                        [36m&gt;[39m
                          [0mEditIcon[0m
                        [36m&lt;/button&gt;[39m
                        [36m&lt;button[39m
                          [33maria-label[39m=[32m&quot;Delete project&quot;[39m
                        [36m&gt;[39m
                          [0mDeleteIcon[0m
                        [36m&lt;/button&gt;[39m
                      [36m&lt;/div&gt;[39m
                    [36m&lt;/div&gt;[39m
                  [36m&lt;/div&gt;[39m
                [36m&lt;/div&gt;[39m
                [36m&lt;div[39m
                  [33mclass[39m=[32m&quot;project-card&quot;[39m
                  [33mtabindex[39m=[32m&quot;0&quot;[39m
                [36m&gt;[39m
                  [36m&lt;div[39m
                    [33msx[39m=[32m&quot;[object Object]&quot;[39m
                  [36m&gt;[39m
                    [36m&lt;button[39m
                      [33maria-label[39m=[32m&quot;Pin project&quot;[39m
                    [36m&gt;[39m
                      [0mStarBorderIcon[0m
                    [36m&lt;/button&gt;[39m
                    [36m&lt;div[39m
                      [33msx[39m=[32m&quot;[object Object]&quot;[39m
                    [36m&gt;[39m
                      [36m&lt;h2&gt;[39m
                        [0mTest Project 3[0m
                      [36m&lt;/h2&gt;[39m
                      [36m&lt;div&gt;[39m
                        [0mFolderIcon[0m
                        [36m&lt;p&gt;[39m
                          [0m/path/to/project[0m
                        [36m&lt;/p&gt;[39m
                      [36m&lt;/div&gt;[39m
                      [36m&lt;div&gt;[39m
                        [36m&lt;div&gt;[39m
                          [36m&lt;span[39m
                            [33mcolor[39m=[32m&quot;primary&quot;[39m
                            [33mvariant[39m=[32m&quot;outlined&quot;[39m
                          [36m&gt;[39m
                            [0mtest[0m
                          [36m&lt;/span&gt;[39m
                          [36m&lt;span[39m
                            [33mcolor[39m=[32m&quot;primary&quot;[39m
                            [33mvariant[39m=[32m&quot;outlined&quot;[39m
                          [36m&gt;[39m
                            [0mmock[0m
                          [36m&lt;/span&gt;[39m
                        [36m&lt;/div&gt;[39m
                      [36m&lt;/div&gt;[39m
                      [36m&lt;div&gt;[39m
                        [36m&lt;div&gt;[39m
                          [0mNotesIcon[0m
                          [36m&lt;p[39m
                            [33mfont-weight[39m=[32m&quot;medium&quot;[39m
                          [36m&gt;[39m
                            [0mNotes[0m
                          [36m&lt;/p&gt;[39m
                        [36m&lt;/div&gt;[39m
                        [36m&lt;p&gt;[39m
                          [0mTest project notes[0m
                        [36m&lt;/p&gt;[39m
                      [36m&lt;/div&gt;[39m
                    [36m&lt;/div&gt;[39m
                    [36m&lt;div[39m
                      [33msx[39m=[32m&quot;[object Object]&quot;[39m
                    [36m&gt;[39m
                      [36m&lt;div&gt;[39m
                        [36m&lt;label[39m
                          [33msx[39m=[32m&quot;[object Object]&quot;[39m
                        [36m&gt;[39m
                          [36m&lt;input[39m
                            [33mtype[39m=[32m&quot;checkbox&quot;[39m
                          [36m/&gt;[39m
                          [0m [0m
                          [0mContinue[0m
                        [36m&lt;/label&gt;[39m
                        [36m&lt;button[39m
                          [33mdata-launch-btn[39m=[32m&quot;true&quot;[39m
                        [36m&gt;[39m
                          [0mLaunchIcon[0m
                          [0m [0m
                          [0mLaunch[0m
                        [36m&lt;/button&gt;[39m
                      [36m&lt;/div&gt;[39m
                      [36m&lt;div&gt;[39m
                        [36m&lt;button[39m
                          [33maria-label[39m=[32m&quot;Edit project&quot;[39m
                        [36m&gt;[39m
                          [0mEditIcon[0m
                        [36m&lt;/button&gt;[39m
                        [36m&lt;button[39m
                          [33maria-label[39m=[32m&quot;Delete project&quot;[39m
                        [36m&gt;[39m
                          [0mDeleteIcon[0m
                        [36m&lt;/button&gt;[39m
                      [36m&lt;/div&gt;[39m
                    [36m&lt;/div&gt;[39m
                  [36m&lt;/div&gt;[39m
                [36m&lt;/div&gt;[39m
              [36m&lt;/div&gt;[39m
              [36m&lt;hr[39m
                [33msx[39m=[32m&quot;[object Object]&quot;[39m
              [36m/&gt;[39m
            [36m&lt;/div&gt;[39m
            [36m&lt;div&gt;[39m
              [36m&lt;p&gt;[39m
                [0mAll Projects[0m
              [36m&lt;/p&gt;[39m
              [36m&lt;div[39m
                [33mcolumns[39m=[32m&quot;2&quot;[39m
                [33mdata-testid[39m=[32m&quot;mock-masonry&quot;[39m
                [33mspacing[39m=[32m&quot;2&quot;[39m
              [36m&gt;[39m
                [36m&lt;div[39m
                  [33mclass[39m=[32m&quot;project-card&quot;[39m
                  [33mtabindex[39m=[32m&quot;0&quot;[39m
                [36m&gt;[39m
                  [36m&lt;div[39m
                    [33msx[39m=[32m&quot;[object Object]&quot;[39m
                  [36m&gt;[39m
                    [36m&lt;button[39m
                      [33maria-label[39m=[32m&quot;Pin project&quot;[39m
                    [36m&gt;[39m
                      [0mStarBorderIcon[0m
                    [36m&lt;/button&gt;[39m
                    [36m&lt;div[39m
                      [33msx[39m=[32m&quot;[object Object]&quot;[39m
                    [36m&gt;[39m
                      [36m&lt;h2&gt;[39m
                        [0mTest Project 1[0m
                      [36m&lt;/h2&gt;[39m
                      [36m&lt;div&gt;[39m
                        [0mFolderIcon[0m
                        [36m&lt;p&gt;[39m
                          [0m/path/to/project[0m
                        [36m&lt;/p&gt;[39m
                      [36m&lt;/div&gt;[39m
                      [36m&lt;div&gt;[39m
                        [36m&lt;div&gt;[39m
                          [36m&lt;span[39m
                            [33mcolor[39m=[32m&quot;primary&quot;[39m
                            [33mvariant[39m=[32m&quot;outlined&quot;[39m
                          [36m&gt;[39m
                            [0mtest[0m
                          [36m&lt;/span&gt;[39m
                          [36m&lt;span[39m
                            [33mcolor[39m=[32m&quot;primary&quot;[39m
                            [33mvariant[39m=[32m&quot;outlined&quot;[39m
                          [36m&gt;[39m
                            [0mmock[0m
                          [36m&lt;/span&gt;[39m
                        [36m&lt;/div&gt;[39m
                      [36m&lt;/div&gt;[39m
                      [36m&lt;div&gt;[39m
                        [36m&lt;div&gt;[39m
                          [0mNotesIcon[0m
                          [36m&lt;p[39m
                            [33mfont-weight[39m=[32m&quot;medium&quot;[39m
                          [36m&gt;[39m
                            [0mNotes[0m
                          [36m&lt;/p&gt;[39m
                        [36m&lt;/div&gt;[39m
                        [36m&lt;p&gt;[39m
                          [0mTest project notes[0m
                        [36m&lt;/p&gt;[39m
                      [36m&lt;/div&gt;[39m
                    [36m&lt;/div&gt;[39m
                    [36m&lt;div[39m
                      [33msx[39m=[32m&quot;[object Object]&quot;[39m
                    [36m&gt;[39m
                      [36m&lt;div&gt;[39m
                        [36m&lt;label[39m
                          [33msx[39m=[32m&quot;[object Object]&quot;[39m
                        [36m&gt;[39m
                          [36m&lt;input[39m
                            [33mtype[39m=[32m&quot;checkbox&quot;[39m
                          [36m/&gt;[39m
                          [0m [0m
                          [0mContinue[0m
                        [36m&lt;/label&gt;[39m
                        [36m&lt;button[39m
                          [33mdata-launch-btn[39m=[32m&quot;true&quot;[39m
                        [36m&gt;[39m
                          [0mLaunchIcon[0m
                          [0m [0m
                          [0mLaunch[0m
                        [36m&lt;/button&gt;[39m
                      [36m&lt;/div&gt;[39m
                      [36m&lt;div&gt;[39m
                        [36m&lt;button[39m
                          [33maria-label[39m=[32m&quot;Edit project&quot;[39m
                        [36m&gt;[39m
                          [0mEditIcon[0m
                        [36m&lt;/button&gt;[39m
                        [36m&lt;button[39m
                          [33maria-label[39m=[32m&quot;Delete project&quot;[39m
                        [36m&gt;[39m
                          [0mDeleteIcon[0m
                        [36m&lt;/button&gt;[39m
                      [36m&lt;/div&gt;[39m
                    [36m&lt;/div&gt;[39m
                  [36m&lt;/div&gt;[39m
                [36m&lt;/div&gt;[39m
                [36m&lt;div[39m
                  [33mclass[39m=[32m&quot;project-card&quot;[39m
                  [33mtabindex[39m=[32m&quot;0&quot;[39m
                [36m&gt;[39m
                  [36m&lt;div[39m
                    [33msx[39m=[32m&quot;[object Object]&quot;[39m
                  [36m&gt;[39m
                    [36m&lt;button[39m
                      [33maria-label[39m=[32m&quot;Pin project&quot;[39m
                    [36m&gt;[39m
                      [0mStarBorderIcon[0m
                    [36m&lt;/button&gt;[39m
                    [36m&lt;div[39m
                      [33msx[39m=[32m&quot;[object Object]&quot;[39m
                    [36m&gt;[39m
                      [36m&lt;h2&gt;[39m
                        [0mTest Project 2[0m
                      [36m&lt;/h2&gt;[39m
                      [36m&lt;div&gt;[39m
                        [0mFolderIcon[0m
                        [36m&lt;p&gt;[39m
                          [0m/path/to/project[0m
                        [36m&lt;/p&gt;[39m
                      [36m&lt;/div&gt;[39m
                      [36m&lt;div&gt;[39m
                        [36m&lt;div&gt;[39m
                          [36m&lt;span[39m
                            [33mcolor[39m=[32m&quot;primary&quot;[39m
                            [33mvariant[39m=[32m&quot;outlined&quot;[39m
                          [36m&gt;[39m
                            [0mtest[0m
                          [36m&lt;/span&gt;[39m
                          [36m&lt;span[39m
                            [33mcolor[39m=[32m&quot;primary&quot;[39m
                            [33mvariant[39m=[32m&quot;outlined&quot;[39m
                          [36m&gt;[39m
                            [0mmock[0m
                          [36m&lt;/span&gt;[39m
                        [36m&lt;/div&gt;[39m
                      [36m&lt;/div&gt;[39m
                      [36m&lt;div&gt;[39m
                        [36m&lt;div&gt;[39m
                          [0mNotesIcon[0m
                          [36m&lt;p[39m
                            [33mfont-weight[39m=[32m&quot;medium&quot;[39m
                          [36m&gt;[39m
                            [0mNotes[0m
                          [36m&lt;/p&gt;[39m
                        [36m&lt;/div&gt;[39m
                        [36m&lt;p&gt;[39m
                          [0mTest project notes[0m
                        [36m&lt;/p&gt;[39m
                      [36m&lt;/div&gt;[39m
                    [36m&lt;/div&gt;[39m
                    [36m&lt;div[39m
                      [33msx[39m=[32m&quot;[object Object]&quot;[39m
                    [36m&gt;[39m
                      [36m&lt;div&gt;[39m
                        [36m&lt;label[39m
                          [33msx[39m=[32m&quot;[object Object]&quot;[39m
                        [36m&gt;[39m
                          [36m&lt;input[39m
                            [33mtype[39m=[32m&quot;checkbox&quot;[39m
                          [36m/&gt;[39m
                          [0m [0m
                          [0mContinue[0m
                        [36m&lt;/label&gt;[39m
                        [36m&lt;button[39m
                          [33mdata-launch-btn[39m=[32m&quot;true&quot;[39m
                        [36m&gt;[39m
                          [0mLaunchIcon[0m
                          [0m [0m
                          [0mLaunch[0m
                        [36m&lt;/button&gt;[39m
                      [36m&lt;/div&gt;[39m
                      [36m&lt;div&gt;[39m
                        [36m&lt;button[39m
                          [33maria-label[39m=[32m&quot;Edit project&quot;[39m
                        [36m&gt;[39m
                          [0mEditIcon[0m
                        [36m&lt;/button&gt;[39m
                        [36m&lt;button[39m
                          [33maria-label[39m=[32m&quot;Delete project&quot;[39m
                        [36m&gt;[39m
                          [0mDeleteIcon[0m
                        [36m&lt;/button&gt;[39m
                      [36m&lt;/div&gt;[39m
                    [36m&lt;/div&gt;[39m
                  [36m&lt;/div&gt;[39m
                [36m&lt;/div&gt;[39m
                [36m&lt;div[39m
                  [33mclass[39m=[32m&quot;project-card&quot;[39m
                  [33mtabindex[39m=[32m&quot;0&quot;[39m
                [36m&gt;[39m
                  [36m&lt;div[39m
                    [33msx[39m=[32m&quot;[object Object]&quot;[39m
                  [36m&gt;[39m
                    [36m&lt;button[39m
                      [33maria-label[39m=[32m&quot;Pin project&quot;[39m
                    [36m&gt;[39m
                      [0mStarBorderIcon[0m
                    [36m&lt;/button&gt;[39m
                    [36m&lt;div[39m
                      [33msx[39m=[32m&quot;[object Object]&quot;[39m
                    [36m&gt;[39m
                      [36m&lt;h2&gt;[39m
                        [0mTest Project 3[0m
                      [36m&lt;/h2&gt;[39m
                      [36m&lt;div&gt;[39m
                        [0mFolderIcon[0m
                        [36m&lt;p&gt;[39m
                          [0m/path/to/project[0m
                        [36m&lt;/p&gt;[39m
                      [36m&lt;/div&gt;[39m
                      [36m&lt;div&gt;[39m
                        [36m&lt;div&gt;[39m
                          [36m&lt;span[39m
                            [33mcolor[39m=[32m&quot;primary&quot;[39m
                            [33mvariant[39m=[32m&quot;outlined&quot;[39m
                          [36m&gt;[39m
                            [0mtest[0m
                          [36m&lt;/span&gt;[39m
                          [36m&lt;span[39m
                            [33mcolor[39m=[32m&quot;primary&quot;[39m
                            [33mvariant[39m=[32m&quot;outlined&quot;[39m
                          [36m&gt;[39m
                            [0mmock[0m
                          [36m&lt;/span&gt;[39m
                        [36m&lt;/div&gt;[39m
                      [36m&lt;/div&gt;[39m
                      [36m&lt;div&gt;[39m
                        [36m&lt;div&gt;[39m
                          [0mNotesIcon[0m
                          [36m&lt;p[39m
                            [33mfont-weight[39m=[32m&quot;medium&quot;[39m
                          [36m&gt;[39m
                            [0mNotes[0m
                          [36m&lt;/p&gt;[39m
                        [36m&lt;/div&gt;[39m
                        [36m&lt;p&gt;[39m
                          [0mTest project notes[0m
                        [36m&lt;/p&gt;[39m
                      [36m&lt;/div&gt;[39m
                    [36m&lt;/div&gt;[39m
                    [36m&lt;div[39m
                      [33msx[39m=[32m&quot;[object Object]&quot;[39m
                    [36m&gt;[39m
                      [36m&lt;div&gt;[39m
                        [36m&lt;label[39m
                          [33msx[39m=[32m&quot;[object Object]&quot;[39m
                        [36m&gt;[39m
                          [36m&lt;input[39m
                            [33mtype[39m=[32m&quot;checkbox&quot;[39m
                          [36m/&gt;[39m
                          [0m [0m
                          [0mContinue[0m
                        [36m&lt;/label&gt;[39m
                        [36m&lt;button[39m
                          [33mdata-launch-btn[39m=[32m&quot;true&quot;[39m
                        [36m&gt;[39m
                          [0mLaunchIcon[0m
                          [0m [0m
                          [0mLaunch[0m
                        [36m&lt;/button&gt;[39m
                      [36m&lt;/div&gt;[39m
                      [36m&lt;div&gt;[39m
                        [36m&lt;button[39m
                          [33maria-label[39m=[32m&quot;Edit project&quot;[39m
                        [36m&gt;[39m
                          [0mEditIcon[0m
                        [36m&lt;/button&gt;[39m
                        [36m&lt;button[39m
                          [33maria-label[39m=[32m&quot;Delete project&quot;[39m
                        [36m&gt;[39m
                          [0mDeleteIcon[0m
                        [36m&lt;/button&gt;[39m
                      [36m&lt;/div&gt;[39m
                    [36m&lt;/div&gt;[39m
                  [36m&lt;/div&gt;[39m
                [36m&lt;/div&gt;[39m
              [36m&lt;/div&gt;[39m
            [36m&lt;/div&gt;[39m
          [36m&lt;/div&gt;[39m
        [36m&lt;/div&gt;[39m
        [36m&lt;button[39m
          [33maria-label[39m=[32m&quot;add&quot;[39m
          [33mcolor[39m=[32m&quot;primary&quot;[39m
          [33msx[39m=[32m&quot;[object Object]&quot;[39m
        [36m&gt;[39m
          [0mAddIcon[0m
        [36m&lt;/button&gt;[39m
      [36m&lt;/div&gt;[39m
    [36m&lt;/div&gt;[39m
  [36m&lt;/body&gt;[39m
[36m&lt;/html&gt;[39m" type="TestingLibraryElementError">
TestingLibraryElementError: Found multiple elements with the text: Test Project 1

Here are the matching elements:

Ignored nodes: comments, script, style
&lt;h2&gt;
  Test Project 1
&lt;/h2&gt;

Ignored nodes: comments, script, style
&lt;h2&gt;
  Test Project 1
&lt;/h2&gt;

(If this is intentional, then use the `*AllBy*` variant of the query (like `queryAllByText`, `getAllByText`, or `findAllByText`)).

Ignored nodes: comments, script, style
&lt;body&gt;
  &lt;div&gt;
    &lt;div&gt;
      &lt;header
        elevation=&quot;0&quot;
        position=&quot;static&quot;
      &gt;
        &lt;div&gt;
          &lt;div&gt;
            Claude Launcher
          &lt;/div&gt;
          &lt;input
            placeholder=&quot;Search projects...&quot;
            value=&quot;&quot;
          /&gt;
          &lt;div
            sx=&quot;[object Object]&quot;
          &gt;
            &lt;label&gt;
              Sort by
            &lt;/label&gt;
            &lt;select
              role=&quot;combobox&quot;
            &gt;
              &lt;option
                role=&quot;option&quot;
                value=&quot;recent&quot;
              &gt;
                Recently Used
              &lt;/option&gt;
              &lt;option
                role=&quot;option&quot;
                value=&quot;name&quot;
              &gt;
                Name (A-Z)
              &lt;/option&gt;
            &lt;/select&gt;
          &lt;/div&gt;
          &lt;button
            aria-label=&quot;Refresh projects&quot;
          &gt;
            RefreshIcon
          &lt;/button&gt;
          &lt;button
            aria-label=&quot;Switch to dark theme&quot;
          &gt;
            DarkModeIcon
          &lt;/button&gt;
        &lt;/div&gt;
      &lt;/header&gt;
      &lt;div
        sx=&quot;[object Object]&quot;
      &gt;
        &lt;div&gt;
          &lt;div&gt;
            &lt;p&gt;
              Filter by Tags:
            &lt;/p&gt;
          &lt;/div&gt;
          &lt;div&gt;
            &lt;span
              color=&quot;default&quot;
              sx=&quot;[object Object]&quot;
              variant=&quot;outlined&quot;
            &gt;
              mock
            &lt;/span&gt;
            &lt;span
              color=&quot;default&quot;
              sx=&quot;[object Object]&quot;
              variant=&quot;outlined&quot;
            &gt;
              test
            &lt;/span&gt;
          &lt;/div&gt;
        &lt;/div&gt;
        &lt;div&gt;
          &lt;div&gt;
            &lt;p&gt;
              Recent Projects
            &lt;/p&gt;
            &lt;div
              columns=&quot;2&quot;
              data-testid=&quot;mock-masonry&quot;
              spacing=&quot;2&quot;
            &gt;
              &lt;div
                class=&quot;project-card&quot;
                tabindex=&quot;0&quot;
              &gt;
                &lt;div
                  sx=&quot;[object Object]&quot;
                &gt;
                  &lt;button
                    aria-label=&quot;Pin project&quot;
                  &gt;
                    StarBorderIcon
                  &lt;/button&gt;
                  &lt;div
                    sx=&quot;[object Object]&quot;
                  &gt;
                    &lt;h2&gt;
                      Test Project 1
                    &lt;/h2&gt;
                    &lt;div&gt;
                      FolderIcon
                      &lt;p&gt;
                        /path/to/project
                      &lt;/p&gt;
                    &lt;/div&gt;
                    &lt;div&gt;
                      &lt;div&gt;
                        &lt;span
                          color=&quot;primary&quot;
                          variant=&quot;outlined&quot;
                        &gt;
                          test
                        &lt;/span&gt;
                        &lt;span
                          color=&quot;primary&quot;
                          variant=&quot;outlined&quot;
                        &gt;
                          mock
                        &lt;/span&gt;
                      &lt;/div&gt;
                    &lt;/div&gt;
                    &lt;div&gt;
                      &lt;div&gt;
                        NotesIcon
                        &lt;p
                          font-weight=&quot;medium&quot;
                        &gt;
                          Notes
                        &lt;/p&gt;
                      &lt;/div&gt;
                      &lt;p&gt;
                        Test project notes
                      &lt;/p&gt;
                    &lt;/div&gt;
                  &lt;/div&gt;
                  &lt;div
                    sx=&quot;[object Object]&quot;
                  &gt;
                    &lt;div&gt;
                      &lt;label
                        sx=&quot;[object Object]&quot;
                      &gt;
                        &lt;input
                          type=&quot;checkbox&quot;
                        /&gt;
                         
                        Continue
                      &lt;/label&gt;
                      &lt;button
                        data-launch-btn=&quot;true&quot;
                      &gt;
                        LaunchIcon
                         
                        Launch
                      &lt;/button&gt;
                    &lt;/div&gt;
                    &lt;div&gt;
                      &lt;button
                        aria-label=&quot;Edit project&quot;
                      &gt;
                        EditIcon
                      &lt;/button&gt;
                      &lt;button
                        aria-label=&quot;Delete project&quot;
                      &gt;
                        DeleteIcon
                      &lt;/button&gt;
                    &lt;/div&gt;
                  &lt;/div&gt;
                &lt;/div&gt;
              &lt;/div&gt;
              &lt;div
                class=&quot;project-card&quot;
                tabindex=&quot;0&quot;
              &gt;
                &lt;div
                  sx=&quot;[object Object]&quot;
                &gt;
                  &lt;button
                    aria-label=&quot;Pin project&quot;
                  &gt;
                    StarBorderIcon
                  &lt;/button&gt;
                  &lt;div
                    sx=&quot;[object Object]&quot;
                  &gt;
                    &lt;h2&gt;
                      Test Project 2
                    &lt;/h2&gt;
                    &lt;div&gt;
                      FolderIcon
                      &lt;p&gt;
                        /path/to/project
                      &lt;/p&gt;
                    &lt;/div&gt;
                    &lt;div&gt;
                      &lt;div&gt;
                        &lt;span
                          color=&quot;primary&quot;
                          variant=&quot;outlined&quot;
                        &gt;
                          test
                        &lt;/span&gt;
                        &lt;span
                          color=&quot;primary&quot;
                          variant=&quot;outlined&quot;
                        &gt;
                          mock
                        &lt;/span&gt;
                      &lt;/div&gt;
                    &lt;/div&gt;
                    &lt;div&gt;
                      &lt;div&gt;
                        NotesIcon
                        &lt;p
                          font-weight=&quot;medium&quot;
                        &gt;
                          Notes
                        &lt;/p&gt;
                      &lt;/div&gt;
                      &lt;p&gt;
                        Test project notes
                      &lt;/p&gt;
                    &lt;/div&gt;
                  &lt;/div&gt;
                  &lt;div
                    sx=&quot;[object Object]&quot;
                  &gt;
                    &lt;div&gt;
                      &lt;label
                        sx=&quot;[object Object]&quot;
                      &gt;
                        &lt;input
                          type=&quot;checkbox&quot;
                        /&gt;
                         
                        Continue
                      &lt;/label&gt;
                      &lt;button
                        data-launch-btn=&quot;true&quot;
                      &gt;
                        LaunchIcon
                         
                        Launch
                      &lt;/button&gt;
                    &lt;/div&gt;
                    &lt;div&gt;
                      &lt;button
                        aria-label=&quot;Edit project&quot;
                      &gt;
                        EditIcon
                      &lt;/button&gt;
                      &lt;button
                        aria-label=&quot;Delete project&quot;
                      &gt;
                        DeleteIcon
                      &lt;/button&gt;
                    &lt;/div&gt;
                  &lt;/div&gt;
                &lt;/div&gt;
              &lt;/div&gt;
              &lt;div
                class=&quot;project-card&quot;
                tabindex=&quot;0&quot;
              &gt;
                &lt;div
                  sx=&quot;[object Object]&quot;
                &gt;
                  &lt;button
                    aria-label=&quot;Pin project&quot;
                  &gt;
                    StarBorderIcon
                  &lt;/button&gt;
                  &lt;div
                    sx=&quot;[object Object]&quot;
                  &gt;
                    &lt;h2&gt;
                      Test Project 3
                    &lt;/h2&gt;
                    &lt;div&gt;
                      FolderIcon
                      &lt;p&gt;
                        /path/to/project
                      &lt;/p&gt;
                    &lt;/div&gt;
                    &lt;div&gt;
                      &lt;div&gt;
                        &lt;span
                          color=&quot;primary&quot;
                          variant=&quot;outlined&quot;
                        &gt;
                          test
                        &lt;/span&gt;
                        &lt;span
                          color=&quot;primary&quot;
                          variant=&quot;outlined&quot;
                        &gt;
                          mock
                        &lt;/span&gt;
                      &lt;/div&gt;
                    &lt;/div&gt;
                    &lt;div&gt;
                      &lt;div&gt;
                        NotesIcon
                        &lt;p
                          font-weight=&quot;medium&quot;
                        &gt;
                          Notes
                        &lt;/p&gt;
                      &lt;/div&gt;
                      &lt;p&gt;
                        Test project notes
                      &lt;/p&gt;
                    &lt;/div&gt;
                  &lt;/div&gt;
                  &lt;div
                    sx=&quot;[object Object]&quot;
                  &gt;
                    &lt;div&gt;
                      &lt;label
                        sx=&quot;[object Object]&quot;
                      &gt;
                        &lt;input
                          type=&quot;checkbox&quot;
                        /&gt;
                         
                        Continue
                      &lt;/label&gt;
                      &lt;button
                        data-launch-btn=&quot;true&quot;
                      &gt;
                        LaunchIcon
                         
                        Launch
                      &lt;/button&gt;
                    &lt;/div&gt;
                    &lt;div&gt;
                      &lt;button
                        aria-label=&quot;Edit project&quot;
                      &gt;
                        EditIcon
                      &lt;/button&gt;
                      &lt;button
                        aria-label=&quot;Delete project&quot;
                      &gt;
                        DeleteIcon
                      &lt;/button&gt;
                    &lt;/div&gt;
                  &lt;/div&gt;
                &lt;/div&gt;
              &lt;/div&gt;
            &lt;/div&gt;
            &lt;hr
              sx=&quot;[object Object]&quot;
            /&gt;
          &lt;/div&gt;
          &lt;div&gt;
            &lt;p&gt;
              All Projects
            &lt;/p&gt;
            &lt;div
              columns=&quot;2&quot;
              data-testid=&quot;mock-masonry&quot;
              spacing=&quot;2&quot;
            &gt;
              &lt;div
                class=&quot;project-card&quot;
                tabindex=&quot;0&quot;
              &gt;
                &lt;div
                  sx=&quot;[object Object]&quot;
                &gt;
                  &lt;button
                    aria-label=&quot;Pin project&quot;
                  &gt;
                    StarBorderIcon
                  &lt;/button&gt;
                  &lt;div
                    sx=&quot;[object Object]&quot;
                  &gt;
                    &lt;h2&gt;
                      Test Project 1
                    &lt;/h2&gt;
                    &lt;div&gt;
                      FolderIcon
                      &lt;p&gt;
                        /path/to/project
                      &lt;/p&gt;
                    &lt;/div&gt;
                    &lt;div&gt;
                      &lt;div&gt;
                        &lt;span
                          color=&quot;primary&quot;
                          variant=&quot;outlined&quot;
                        &gt;
                          test
                        &lt;/span&gt;
                        &lt;span
                          color=&quot;primary&quot;
                          variant=&quot;outlined&quot;
                        &gt;
                          mock
                        &lt;/span&gt;
                      &lt;/div&gt;
                    &lt;/div&gt;
                    &lt;div&gt;
                      &lt;div&gt;
                        NotesIcon
                        &lt;p
                          font-weight=&quot;medium&quot;
                        &gt;
                          Notes
                        &lt;/p&gt;
                      &lt;/div&gt;
                      &lt;p&gt;
                        Test project notes
                      &lt;/p&gt;
                    &lt;/div&gt;
                  &lt;/div&gt;
                  &lt;div
                    sx=&quot;[object Object]&quot;
                  &gt;
                    &lt;div&gt;
                      &lt;label
                        sx=&quot;[object Object]&quot;
                      &gt;
                        &lt;input
                          type=&quot;checkbox&quot;
                        /&gt;
                         
                        Continue
                      &lt;/label&gt;
                      &lt;button
                        data-launch-btn=&quot;true&quot;
                      &gt;
                        LaunchIcon
                         
                        Launch
                      &lt;/button&gt;
                    &lt;/div&gt;
                    &lt;div&gt;
                      &lt;button
                        aria-label=&quot;Edit project&quot;
                      &gt;
                        EditIcon
                      &lt;/button&gt;
                      &lt;button
                        aria-label=&quot;Delete project&quot;
                      &gt;
                        DeleteIcon
                      &lt;/button&gt;
                    &lt;/div&gt;
                  &lt;/div&gt;
                &lt;/div&gt;
              &lt;/div&gt;
              &lt;div
                class=&quot;project-card&quot;
                tabindex=&quot;0&quot;
              &gt;
                &lt;div
                  sx=&quot;[object Object]&quot;
                &gt;
                  &lt;button
                    aria-label=&quot;Pin project&quot;
                  &gt;
                    StarBorderIcon
                  &lt;/button&gt;
                  &lt;div
                    sx=&quot;[object Object]&quot;
                  &gt;
                    &lt;h2&gt;
                      Test Project 2
                    &lt;/h2&gt;
                    &lt;div&gt;
                      FolderIcon
                      &lt;p&gt;
                        /path/to/project
                      &lt;/p&gt;
                    &lt;/div&gt;
                    &lt;div&gt;
                      &lt;div&gt;
                        &lt;span
                          color=&quot;primary&quot;
                          variant=&quot;outlined&quot;
                        &gt;
                          test
                        &lt;/span&gt;
                        &lt;span
                          color=&quot;primary&quot;
                          variant=&quot;outlined&quot;
                        &gt;
                          mock
                        &lt;/span&gt;
                      &lt;/div&gt;
                    &lt;/div&gt;
                    &lt;div&gt;
                      &lt;div&gt;
                        NotesIcon
                        &lt;p
                          font-weight=&quot;medium&quot;
                        &gt;
                          Notes
                        &lt;/p&gt;
                      &lt;/div&gt;
                      &lt;p&gt;
                        Test project notes
                      &lt;/p&gt;
                    &lt;/div&gt;
                  &lt;/div&gt;
                  &lt;div
                    sx=&quot;[object Object]&quot;
                  &gt;
                    &lt;div&gt;
                      &lt;label
                        sx=&quot;[object Object]&quot;
                      &gt;
                        &lt;input
                          type=&quot;checkbox&quot;
                        /&gt;
                         
                        Continue
                      &lt;/label&gt;
                      &lt;button
                        data-launch-btn=&quot;true&quot;
                      &gt;
                        LaunchIcon
                         
                        Launch
                      &lt;/button&gt;
                    &lt;/div&gt;
                    &lt;div&gt;
                      &lt;button
                        aria-label=&quot;Edit project&quot;
                      &gt;
                        EditIcon
                      &lt;/button&gt;
                      &lt;button
                        aria-label=&quot;Delete project&quot;
                      &gt;
                        DeleteIcon
                      &lt;/button&gt;
                    &lt;/div&gt;
                  &lt;/div&gt;
                &lt;/div&gt;
              &lt;/div&gt;
              &lt;div
                class=&quot;project-card&quot;
                tabindex=&quot;0&quot;
              &gt;
                &lt;div
                  sx=&quot;[object Object]&quot;
                &gt;
                  &lt;button
                    aria-label=&quot;Pin project&quot;
                  &gt;
                    StarBorderIcon
                  &lt;/button&gt;
                  &lt;div
                    sx=&quot;[object Object]&quot;
                  &gt;
                    &lt;h2&gt;
                      Test Project 3
                    &lt;/h2&gt;
                    &lt;div&gt;
                      FolderIcon
                      &lt;p&gt;
                        /path/to/project
                      &lt;/p&gt;
                    &lt;/div&gt;
                    &lt;div&gt;
                      &lt;div&gt;
                        &lt;span
                          color=&quot;primary&quot;
                          variant=&quot;outlined&quot;
                        &gt;
                          test
                        &lt;/span&gt;
                        &lt;span
                          color=&quot;primary&quot;
                          variant=&quot;outlined&quot;
                        &gt;
                          mock
                        &lt;/span&gt;
                      &lt;/div&gt;
                    &lt;/div&gt;
                    &lt;div&gt;
                      &lt;div&gt;
                        NotesIcon
                        &lt;p
                          font-weight=&quot;medium&quot;
                        &gt;
                          Notes
                        &lt;/p&gt;
                      &lt;/div&gt;
                      &lt;p&gt;
                        Test project notes
                      &lt;/p&gt;
                    &lt;/div&gt;
                  &lt;/div&gt;
                  &lt;div
                    sx=&quot;[object Object]&quot;
                  &gt;
                    &lt;div&gt;
                      &lt;label
                        sx=&quot;[object Object]&quot;
                      &gt;
                        &lt;input
                          type=&quot;checkbox&quot;
                        /&gt;
                         
                        Continue
                      &lt;/label&gt;
                      &lt;button
                        data-launch-btn=&quot;true&quot;
                      &gt;
                        LaunchIcon
                         
                        Launch
                      &lt;/button&gt;
                    &lt;/div&gt;
                    &lt;div&gt;
                      &lt;button
                        aria-label=&quot;Edit project&quot;
                      &gt;
                        EditIcon
                      &lt;/button&gt;
                      &lt;button
                        aria-label=&quot;Delete project&quot;
                      &gt;
                        DeleteIcon
                      &lt;/button&gt;
                    &lt;/div&gt;
                  &lt;/div&gt;
                &lt;/div&gt;
              &lt;/div&gt;
            &lt;/div&gt;
          &lt;/div&gt;
        &lt;/div&gt;
      &lt;/div&gt;
      &lt;button
        aria-label=&quot;add&quot;
        color=&quot;primary&quot;
        sx=&quot;[object Object]&quot;
      &gt;
        AddIcon
      &lt;/button&gt;
    &lt;/div&gt;
  &lt;/div&gt;
&lt;/body&gt;

Ignored nodes: comments, script, style
&lt;html&gt;
  &lt;head /&gt;
  &lt;body&gt;
    &lt;div&gt;
      &lt;div&gt;
        &lt;header
          elevation=&quot;0&quot;
          position=&quot;static&quot;
        &gt;
          &lt;div&gt;
            &lt;div&gt;
              Claude Launcher
            &lt;/div&gt;
            &lt;input
              placeholder=&quot;Search projects...&quot;
              value=&quot;&quot;
            /&gt;
            &lt;div
              sx=&quot;[object Object]&quot;
            &gt;
              &lt;label&gt;
                Sort by
              &lt;/label&gt;
              &lt;select
                role=&quot;combobox&quot;
              &gt;
                &lt;option
                  role=&quot;option&quot;
                  value=&quot;recent&quot;
                &gt;
                  Recently Used
                &lt;/option&gt;
                &lt;option
                  role=&quot;option&quot;
                  value=&quot;name&quot;
                &gt;
                  Name (A-Z)
                &lt;/option&gt;
              &lt;/select&gt;
            &lt;/div&gt;
            &lt;button
              aria-label=&quot;Refresh projects&quot;
            &gt;
              RefreshIcon
            &lt;/button&gt;
            &lt;button
              aria-label=&quot;Switch to dark theme&quot;
            &gt;
              DarkModeIcon
            &lt;/button&gt;
          &lt;/div&gt;
        &lt;/header&gt;
        &lt;div
          sx=&quot;[object Object]&quot;
        &gt;
          &lt;div&gt;
            &lt;div&gt;
              &lt;p&gt;
                Filter by Tags:
              &lt;/p&gt;
            &lt;/div&gt;
            &lt;div&gt;
              &lt;span
                color=&quot;default&quot;
                sx=&quot;[object Object]&quot;
                variant=&quot;outlined&quot;
              &gt;
                mock
              &lt;/span&gt;
              &lt;span
                color=&quot;default&quot;
                sx=&quot;[object Object]&quot;
                variant=&quot;outlined&quot;
              &gt;
                test
              &lt;/span&gt;
            &lt;/div&gt;
          &lt;/div&gt;
          &lt;div&gt;
            &lt;div&gt;
              &lt;p&gt;
                Recent Projects
              &lt;/p&gt;
              &lt;div
                columns=&quot;2&quot;
                data-testid=&quot;mock-masonry&quot;
                spacing=&quot;2&quot;
              &gt;
                &lt;div
                  class=&quot;project-card&quot;
                  tabindex=&quot;0&quot;
                &gt;
                  &lt;div
                    sx=&quot;[object Object]&quot;
                  &gt;
                    &lt;button
                      aria-label=&quot;Pin project&quot;
                    &gt;
                      StarBorderIcon
                    &lt;/button&gt;
                    &lt;div
                      sx=&quot;[object Object]&quot;
                    &gt;
                      &lt;h2&gt;
                        Test Project 1
                      &lt;/h2&gt;
                      &lt;div&gt;
                        FolderIcon
                        &lt;p&gt;
                          /path/to/project
                        &lt;/p&gt;
                      &lt;/div&gt;
                      &lt;div&gt;
                        &lt;div&gt;
                          &lt;span
                            color=&quot;primary&quot;
                            variant=&quot;outlined&quot;
                          &gt;
                            test
                          &lt;/span&gt;
                          &lt;span
                            color=&quot;primary&quot;
                            variant=&quot;outlined&quot;
                          &gt;
                            mock
                          &lt;/span&gt;
                        &lt;/div&gt;
                      &lt;/div&gt;
                      &lt;div&gt;
                        &lt;div&gt;
                          NotesIcon
                          &lt;p
                            font-weight=&quot;medium&quot;
                          &gt;
                            Notes
                          &lt;/p&gt;
                        &lt;/div&gt;
                        &lt;p&gt;
                          Test project notes
                        &lt;/p&gt;
                      &lt;/div&gt;
                    &lt;/div&gt;
                    &lt;div
                      sx=&quot;[object Object]&quot;
                    &gt;
                      &lt;div&gt;
                        &lt;label
                          sx=&quot;[object Object]&quot;
                        &gt;
                          &lt;input
                            type=&quot;checkbox&quot;
                          /&gt;
                           
                          Continue
                        &lt;/label&gt;
                        &lt;button
                          data-launch-btn=&quot;true&quot;
                        &gt;
                          LaunchIcon
                           
                          Launch
                        &lt;/button&gt;
                      &lt;/div&gt;
                      &lt;div&gt;
                        &lt;button
                          aria-label=&quot;Edit project&quot;
                        &gt;
                          EditIcon
                        &lt;/button&gt;
                        &lt;button
                          aria-label=&quot;Delete project&quot;
                        &gt;
                          DeleteIcon
                        &lt;/button&gt;
                      &lt;/div&gt;
                    &lt;/div&gt;
                  &lt;/div&gt;
                &lt;/div&gt;
                &lt;div
                  class=&quot;project-card&quot;
                  tabindex=&quot;0&quot;
                &gt;
                  &lt;div
                    sx=&quot;[object Object]&quot;
                  &gt;
                    &lt;button
                      aria-label=&quot;Pin project&quot;
                    &gt;
                      StarBorderIcon
                    &lt;/button&gt;
                    &lt;div
                      sx=&quot;[object Object]&quot;
                    &gt;
                      &lt;h2&gt;
                        Test Project 2
                      &lt;/h2&gt;
                      &lt;div&gt;
                        FolderIcon
                        &lt;p&gt;
                          /path/to/project
                        &lt;/p&gt;
                      &lt;/div&gt;
                      &lt;div&gt;
                        &lt;div&gt;
                          &lt;span
                            color=&quot;primary&quot;
                            variant=&quot;outlined&quot;
                          &gt;
                            test
                          &lt;/span&gt;
                          &lt;span
                            color=&quot;primary&quot;
                            variant=&quot;outlined&quot;
                          &gt;
                            mock
                          &lt;/span&gt;
                        &lt;/div&gt;
                      &lt;/div&gt;
                      &lt;div&gt;
                        &lt;div&gt;
                          NotesIcon
                          &lt;p
                            font-weight=&quot;medium&quot;
                          &gt;
                            Notes
                          &lt;/p&gt;
                        &lt;/div&gt;
                        &lt;p&gt;
                          Test project notes
                        &lt;/p&gt;
                      &lt;/div&gt;
                    &lt;/div&gt;
                    &lt;div
                      sx=&quot;[object Object]&quot;
                    &gt;
                      &lt;div&gt;
                        &lt;label
                          sx=&quot;[object Object]&quot;
                        &gt;
                          &lt;input
                            type=&quot;checkbox&quot;
                          /&gt;
                           
                          Continue
                        &lt;/label&gt;
                        &lt;button
                          data-launch-btn=&quot;true&quot;
                        &gt;
                          LaunchIcon
                           
                          Launch
                        &lt;/button&gt;
                      &lt;/div&gt;
                      &lt;div&gt;
                        &lt;button
                          aria-label=&quot;Edit project&quot;
                        &gt;
                          EditIcon
                        &lt;/button&gt;
                        &lt;button
                          aria-label=&quot;Delete project&quot;
                        &gt;
                          DeleteIcon
                        &lt;/button&gt;
                      &lt;/div&gt;
                    &lt;/div&gt;
                  &lt;/div&gt;
                &lt;/div&gt;
                &lt;div
                  class=&quot;project-card&quot;
                  tabindex=&quot;0&quot;
                &gt;
                  &lt;div
                    sx=&quot;[object Object]&quot;
                  &gt;
                    &lt;button
                      aria-label=&quot;Pin project&quot;
                    &gt;
                      StarBorderIcon
                    &lt;/button&gt;
                    &lt;div
                      sx=&quot;[object Object]&quot;
                    &gt;
                      &lt;h2&gt;
                        Test Project 3
                      &lt;/h2&gt;
                      &lt;div&gt;
                        FolderIcon
                        &lt;p&gt;
                          /path/to/project
                        &lt;/p&gt;
                      &lt;/div&gt;
                      &lt;div&gt;
                        &lt;div&gt;
                          &lt;span
                            color=&quot;primary&quot;
                            variant=&quot;outlined&quot;
                          &gt;
                            test
                          &lt;/span&gt;
                          &lt;span
                            color=&quot;primary&quot;
                            variant=&quot;outlined&quot;
                          &gt;
                            mock
                          &lt;/span&gt;
                        &lt;/div&gt;
                      &lt;/div&gt;
                      &lt;div&gt;
                        &lt;div&gt;
                          NotesIcon
                          &lt;p
                            font-weight=&quot;medium&quot;
                          &gt;
                            Notes
                          &lt;/p&gt;
                        &lt;/div&gt;
                        &lt;p&gt;
                          Test project notes
                        &lt;/p&gt;
                      &lt;/div&gt;
                    &lt;/div&gt;
                    &lt;div
                      sx=&quot;[object Object]&quot;
                    &gt;
                      &lt;div&gt;
                        &lt;label
                          sx=&quot;[object Object]&quot;
                        &gt;
                          &lt;input
                            type=&quot;checkbox&quot;
                          /&gt;
                           
                          Continue
                        &lt;/label&gt;
                        &lt;button
                          data-launch-btn=&quot;true&quot;
                        &gt;
                          LaunchIcon
                           
                          Launch
                        &lt;/button&gt;
                      &lt;/div&gt;
                      &lt;div&gt;
                        &lt;button
                          aria-label=&quot;Edit project&quot;
                        &gt;
                          EditIcon
                        &lt;/button&gt;
                        &lt;button
                          aria-label=&quot;Delete project&quot;
                        &gt;
                          DeleteIcon
                        &lt;/button&gt;
                      &lt;/div&gt;
                    &lt;/div&gt;
                  &lt;/div&gt;
                &lt;/div&gt;
              &lt;/div&gt;
              &lt;hr
                sx=&quot;[object Object]&quot;
              /&gt;
            &lt;/div&gt;
            &lt;div&gt;
              &lt;p&gt;
                All Projects
              &lt;/p&gt;
              &lt;div
                columns=&quot;2&quot;
                data-testid=&quot;mock-masonry&quot;
                spacing=&quot;2&quot;
              &gt;
                &lt;div
                  class=&quot;project-card&quot;
                  tabindex=&quot;0&quot;
                &gt;
                  &lt;div
                    sx=&quot;[object Object]&quot;
                  &gt;
                    &lt;button
                      aria-label=&quot;Pin project&quot;
                    &gt;
                      StarBorderIcon
                    &lt;/button&gt;
                    &lt;div
                      sx=&quot;[object Object]&quot;
                    &gt;
                      &lt;h2&gt;
                        Test Project 1
                      &lt;/h2&gt;
                      &lt;div&gt;
                        FolderIcon
                        &lt;p&gt;
                          /path/to/project
                        &lt;/p&gt;
                      &lt;/div&gt;
                      &lt;div&gt;
                        &lt;div&gt;
                          &lt;span
                            color=&quot;primary&quot;
                            variant=&quot;outlined&quot;
                          &gt;
                            test
                          &lt;/span&gt;
                          &lt;span
                            color=&quot;primary&quot;
                            variant=&quot;outlined&quot;
                          &gt;
                            mock
                          &lt;/span&gt;
                        &lt;/div&gt;
                      &lt;/div&gt;
                      &lt;div&gt;
                        &lt;div&gt;
                          NotesIcon
                          &lt;p
                            font-weight=&quot;medium&quot;
                          &gt;
                            Notes
                          &lt;/p&gt;
                        &lt;/div&gt;
                        &lt;p&gt;
                          Test project notes
                        &lt;/p&gt;
                      &lt;/div&gt;
                    &lt;/div&gt;
                    &lt;div
                      sx=&quot;[object Object]&quot;
                    &gt;
                      &lt;div&gt;
                        &lt;label
                          sx=&quot;[object Object]&quot;
                        &gt;
                          &lt;input
                            type=&quot;checkbox&quot;
                          /&gt;
                           
                          Continue
                        &lt;/label&gt;
                        &lt;button
                          data-launch-btn=&quot;true&quot;
                        &gt;
                          LaunchIcon
                           
                          Launch
                        &lt;/button&gt;
                      &lt;/div&gt;
                      &lt;div&gt;
                        &lt;button
                          aria-label=&quot;Edit project&quot;
                        &gt;
                          EditIcon
                        &lt;/button&gt;
                        &lt;button
                          aria-label=&quot;Delete project&quot;
                        &gt;
                          DeleteIcon
                        &lt;/button&gt;
                      &lt;/div&gt;
                    &lt;/div&gt;
                  &lt;/div&gt;
                &lt;/div&gt;
                &lt;div
                  class=&quot;project-card&quot;
                  tabindex=&quot;0&quot;
                &gt;
                  &lt;div
                    sx=&quot;[object Object]&quot;
                  &gt;
                    &lt;button
                      aria-label=&quot;Pin project&quot;
                    &gt;
                      StarBorderIcon
                    &lt;/button&gt;
                    &lt;div
                      sx=&quot;[object Object]&quot;
                    &gt;
                      &lt;h2&gt;
                        Test Project 2
                      &lt;/h2&gt;
                      &lt;div&gt;
                        FolderIcon
                        &lt;p&gt;
                          /path/to/project
                        &lt;/p&gt;
                      &lt;/div&gt;
                      &lt;div&gt;
                        &lt;div&gt;
                          &lt;span
                            color=&quot;primary&quot;
                            variant=&quot;outlined&quot;
                          &gt;
                            test
                          &lt;/span&gt;
                          &lt;span
                            color=&quot;primary&quot;
                            variant=&quot;outlined&quot;
                          &gt;
                            mock
                          &lt;/span&gt;
                        &lt;/div&gt;
                      &lt;/div&gt;
                      &lt;div&gt;
                        &lt;div&gt;
                          NotesIcon
                          &lt;p
                            font-weight=&quot;medium&quot;
                          &gt;
                            Notes
                          &lt;/p&gt;
                        &lt;/div&gt;
                        &lt;p&gt;
                          Test project notes
                        &lt;/p&gt;
                      &lt;/div&gt;
                    &lt;/div&gt;
                    &lt;div
                      sx=&quot;[object Object]&quot;
                    &gt;
                      &lt;div&gt;
                        &lt;label
                          sx=&quot;[object Object]&quot;
                        &gt;
                          &lt;input
                            type=&quot;checkbox&quot;
                          /&gt;
                           
                          Continue
                        &lt;/label&gt;
                        &lt;button
                          data-launch-btn=&quot;true&quot;
                        &gt;
                          LaunchIcon
                           
                          Launch
                        &lt;/button&gt;
                      &lt;/div&gt;
                      &lt;div&gt;
                        &lt;button
                          aria-label=&quot;Edit project&quot;
                        &gt;
                          EditIcon
                        &lt;/button&gt;
                        &lt;button
                          aria-label=&quot;Delete project&quot;
                        &gt;
                          DeleteIcon
                        &lt;/button&gt;
                      &lt;/div&gt;
                    &lt;/div&gt;
                  &lt;/div&gt;
                &lt;/div&gt;
                &lt;div
                  class=&quot;project-card&quot;
                  tabindex=&quot;0&quot;
                &gt;
                  &lt;div
                    sx=&quot;[object Object]&quot;
                  &gt;
                    &lt;button
                      aria-label=&quot;Pin project&quot;
                    &gt;
                      StarBorderIcon
                    &lt;/button&gt;
                    &lt;div
                      sx=&quot;[object Object]&quot;
                    &gt;
                      &lt;h2&gt;
                        Test Project 3
                      &lt;/h2&gt;
                      &lt;div&gt;
                        FolderIcon
                        &lt;p&gt;
                          /path/to/project
                        &lt;/p&gt;
                      &lt;/div&gt;
                      &lt;div&gt;
                        &lt;div&gt;
                          &lt;span
                            color=&quot;primary&quot;
                            variant=&quot;outlined&quot;
                          &gt;
                            test
                          &lt;/span&gt;
                          &lt;span
                            color=&quot;primary&quot;
                            variant=&quot;outlined&quot;
                          &gt;
                            mock
                          &lt;/span&gt;
                        &lt;/div&gt;
                      &lt;/div&gt;
                      &lt;div&gt;
                        &lt;div&gt;
                          NotesIcon
                          &lt;p
                            font-weight=&quot;medium&quot;
                          &gt;
                            Notes
                          &lt;/p&gt;
                        &lt;/div&gt;
                        &lt;p&gt;
                          Test project notes
                        &lt;/p&gt;
                      &lt;/div&gt;
                    &lt;/div&gt;
                    &lt;div
                      sx=&quot;[object Object]&quot;
                    &gt;
                      &lt;div&gt;
                        &lt;label
                          sx=&quot;[object Object]&quot;
                        &gt;
                          &lt;input
                            type=&quot;checkbox&quot;
                          /&gt;
                           
                          Continue
                        &lt;/label&gt;
                        &lt;button
                          data-launch-btn=&quot;true&quot;
                        &gt;
                          LaunchIcon
                           
                          Launch
                        &lt;/button&gt;
                      &lt;/div&gt;
                      &lt;div&gt;
                        &lt;button
                          aria-label=&quot;Edit project&quot;
                        &gt;
                          EditIcon
                        &lt;/button&gt;
                        &lt;button
                          aria-label=&quot;Delete project&quot;
                        &gt;
                          DeleteIcon
                        &lt;/button&gt;
                      &lt;/div&gt;
                    &lt;/div&gt;
                  &lt;/div&gt;
                &lt;/div&gt;
              &lt;/div&gt;
            &lt;/div&gt;
          &lt;/div&gt;
        &lt;/div&gt;
        &lt;button
          aria-label=&quot;add&quot;
          color=&quot;primary&quot;
          sx=&quot;[object Object]&quot;
        &gt;
          AddIcon
        &lt;/button&gt;
      &lt;/div&gt;
    &lt;/div&gt;
  &lt;/body&gt;
&lt;/html&gt;
 ❯ Proxy.waitForWrapper node_modules/@testing-library/react/node_modules/@testing-library/dom/dist/wait-for.js:163:27
 ❯ src/App.test.jsx:136:13
            </failure>
        </testcase>
        <testcase classname="src/App.test.jsx" name="App Component &gt; Initialization Flow &gt; should show loading spinner during initialization" time="0.500713319">
        </testcase>
        <testcase classname="src/App.test.jsx" name="App Component &gt; Initialization Flow &gt; should show warning if Claude is not installed" time="0.216972843">
        </testcase>
        <testcase classname="src/App.test.jsx" name="App Component &gt; Search Functionality &gt; should filter projects based on search query with debouncing" time="4.172230212">
        </testcase>
        <testcase classname="src/App.test.jsx" name="App Component &gt; Search Functionality &gt; should search across multiple fields" time="2.766204178">
        </testcase>
        <testcase classname="src/App.test.jsx" name="App Component &gt; Tag Filtering &gt; should filter projects by selected tags" time="1.094328527">
        </testcase>
        <testcase classname="src/App.test.jsx" name="App Component &gt; Tag Filtering &gt; should support multiple tag filters with AND logic" time="1.301709711">
        </testcase>
        <testcase classname="src/App.test.jsx" name="App Component &gt; Tag Filtering &gt; should clear tag filters" time="1.567684222">
        </testcase>
        <testcase classname="src/App.test.jsx" name="App Component &gt; Sort Functionality &gt; should sort projects by name (A-Z)" time="2.062181329">
        </testcase>
        <testcase classname="src/App.test.jsx" name="App Component &gt; Sort Functionality &gt; should sort projects by recently used" time="0.855332691">
        </testcase>
        <testcase classname="src/App.test.jsx" name="App Component &gt; Sort Functionality &gt; should persist sort preference" time="0.804483808">
        </testcase>
        <testcase classname="src/App.test.jsx" name="App Component &gt; Theme Toggle &gt; should toggle between light and dark themes" time="0.610818891">
        </testcase>
        <testcase classname="src/App.test.jsx" name="App Component &gt; Error Handling with Snackbar &gt; should show error when project loading fails" time="0.127832327">
        </testcase>
        <testcase classname="src/App.test.jsx" name="App Component &gt; Error Handling with Snackbar &gt; should show warning for duplicate projects" time="1.441085323">
            <system-err>
Warning: An update to App inside a test was not wrapped in act(...).

When testing, code that causes React state updates should be wrapped into act(...):

act(() =&gt; {
  /* fire events that update state */
});
/* assert on the output */

This ensures that you&apos;re testing the behavior the user would see in the browser. Learn more at https://reactjs.org/link/wrap-tests-with-act
    at App (/mnt/c/CustomScripts/MyContext/tauri-react-python/src/App.jsx:54:57)
    at ThemeProvider (/mnt/c/CustomScripts/MyContext/tauri-react-python/src/test/setup.js:10:21)
    at Wrapper (/mnt/c/CustomScripts/MyContext/tauri-react-python/src/test/testUtils.jsx:18:22)

Warning: An update to App inside a test was not wrapped in act(...).

When testing, code that causes React state updates should be wrapped into act(...):

act(() =&gt; {
  /* fire events that update state */
});
/* assert on the output */

This ensures that you&apos;re testing the behavior the user would see in the browser. Learn more at https://reactjs.org/link/wrap-tests-with-act
    at App (/mnt/c/CustomScripts/MyContext/tauri-react-python/src/App.jsx:54:57)
    at ThemeProvider (/mnt/c/CustomScripts/MyContext/tauri-react-python/src/test/setup.js:10:21)
    at Wrapper (/mnt/c/CustomScripts/MyContext/tauri-react-python/src/test/testUtils.jsx:18:22)
Warning: An update to App inside a test was not wrapped in act(...).

When testing, code that causes React state updates should be wrapped into act(...):

act(() =&gt; {
  /* fire events that update state */
});
/* assert on the output */

This ensures that you&apos;re testing the behavior the user would see in the browser. Learn more at https://reactjs.org/link/wrap-tests-with-act
    at App (/mnt/c/CustomScripts/MyContext/tauri-react-python/src/App.jsx:54:57)
    at ThemeProvider (/mnt/c/CustomScripts/MyContext/tauri-react-python/src/test/setup.js:10:21)
    at Wrapper (/mnt/c/CustomScripts/MyContext/tauri-react-python/src/test/testUtils.jsx:18:22)
Warning: An update to App inside a test was not wrapped in act(...).

When testing, code that causes React state updates should be wrapped into act(...):

act(() =&gt; {
  /* fire events that update state */
});
/* assert on the output */

This ensures that you&apos;re testing the behavior the user would see in the browser. Learn more at https://reactjs.org/link/wrap-tests-with-act
    at App (/mnt/c/CustomScripts/MyContext/tauri-react-python/src/App.jsx:54:57)
    at ThemeProvider (/mnt/c/CustomScripts/MyContext/tauri-react-python/src/test/setup.js:10:21)
    at Wrapper (/mnt/c/CustomScripts/MyContext/tauri-react-python/src/test/testUtils.jsx:18:22)
Warning: An update to App inside a test was not wrapped in act(...).

When testing, code that causes React state updates should be wrapped into act(...):

act(() =&gt; {
  /* fire events that update state */
});
/* assert on the output */

This ensures that you&apos;re testing the behavior the user would see in the browser. Learn more at https://reactjs.org/link/wrap-tests-with-act
    at App (/mnt/c/CustomScripts/MyContext/tauri-react-python/src/App.jsx:54:57)
    at ThemeProvider (/mnt/c/CustomScripts/MyContext/tauri-react-python/src/test/setup.js:10:21)
    at Wrapper (/mnt/c/CustomScripts/MyContext/tauri-react-python/src/test/testUtils.jsx:18:22)
Warning: An update to App inside a test was not wrapped in act(...).

When testing, code that causes React state updates should be wrapped into act(...):

act(() =&gt; {
  /* fire events that update state */
});
/* assert on the output */

This ensures that you&apos;re testing the behavior the user would see in the browser. Learn more at https://reactjs.org/link/wrap-tests-with-act
    at App (/mnt/c/CustomScripts/MyContext/tauri-react-python/src/App.jsx:54:57)
    at ThemeProvider (/mnt/c/CustomScripts/MyContext/tauri-react-python/src/test/setup.js:10:21)
    at Wrapper (/mnt/c/CustomScripts/MyContext/tauri-react-python/src/test/testUtils.jsx:18:22)

            </system-err>
        </testcase>
        <testcase classname="src/App.test.jsx" name="App Component &gt; Keyboard Navigation &gt; should launch selected project with Enter key" time="0.79278946">
            <system-err>
Warning: An update to App inside a test was not wrapped in act(...).

When testing, code that causes React state updates should be wrapped into act(...):

act(() =&gt; {
  /* fire events that update state */
});
/* assert on the output */

This ensures that you&apos;re testing the behavior the user would see in the browser. Learn more at https://reactjs.org/link/wrap-tests-with-act
    at App (/mnt/c/CustomScripts/MyContext/tauri-react-python/src/App.jsx:54:57)
    at ThemeProvider (/mnt/c/CustomScripts/MyContext/tauri-react-python/src/test/setup.js:10:21)
    at Wrapper (/mnt/c/CustomScripts/MyContext/tauri-react-python/src/test/testUtils.jsx:18:22)

Warning: An update to App inside a test was not wrapped in act(...).

When testing, code that causes React state updates should be wrapped into act(...):

act(() =&gt; {
  /* fire events that update state */
});
/* assert on the output */

This ensures that you&apos;re testing the behavior the user would see in the browser. Learn more at https://reactjs.org/link/wrap-tests-with-act
    at App (/mnt/c/CustomScripts/MyContext/tauri-react-python/src/App.jsx:54:57)
    at ThemeProvider (/mnt/c/CustomScripts/MyContext/tauri-react-python/src/test/setup.js:10:21)
    at Wrapper (/mnt/c/CustomScripts/MyContext/tauri-react-python/src/test/testUtils.jsx:18:22)
Warning: An update to App inside a test was not wrapped in act(...).

When testing, code that causes React state updates should be wrapped into act(...):

act(() =&gt; {
  /* fire events that update state */
});
/* assert on the output */

This ensures that you&apos;re testing the behavior the user would see in the browser. Learn more at https://reactjs.org/link/wrap-tests-with-act
    at App (/mnt/c/CustomScripts/MyContext/tauri-react-python/src/App.jsx:54:57)
    at ThemeProvider (/mnt/c/CustomScripts/MyContext/tauri-react-python/src/test/setup.js:10:21)
    at Wrapper (/mnt/c/CustomScripts/MyContext/tauri-react-python/src/test/testUtils.jsx:18:22)
Warning: An update to App inside a test was not wrapped in act(...).

When testing, code that causes React state updates should be wrapped into act(...):

act(() =&gt; {
  /* fire events that update state */
});
/* assert on the output */

This ensures that you&apos;re testing the behavior the user would see in the browser. Learn more at https://reactjs.org/link/wrap-tests-with-act
    at App (/mnt/c/CustomScripts/MyContext/tauri-react-python/src/App.jsx:54:57)
    at ThemeProvider (/mnt/c/CustomScripts/MyContext/tauri-react-python/src/test/setup.js:10:21)
    at Wrapper (/mnt/c/CustomScripts/MyContext/tauri-react-python/src/test/testUtils.jsx:18:22)
Warning: An update to App inside a test was not wrapped in act(...).

When testing, code that causes React state updates should be wrapped into act(...):

act(() =&gt; {
  /* fire events that update state */
});
/* assert on the output */

This ensures that you&apos;re testing the behavior the user would see in the browser. Learn more at https://reactjs.org/link/wrap-tests-with-act
    at App (/mnt/c/CustomScripts/MyContext/tauri-react-python/src/App.jsx:54:57)
    at ThemeProvider (/mnt/c/CustomScripts/MyContext/tauri-react-python/src/test/setup.js:10:21)
    at Wrapper (/mnt/c/CustomScripts/MyContext/tauri-react-python/src/test/testUtils.jsx:18:22)
Warning: An update to App inside a test was not wrapped in act(...).

When testing, code that causes React state updates should be wrapped into act(...):

act(() =&gt; {
  /* fire events that update state */
});
/* assert on the output */

This ensures that you&apos;re testing the behavior the user would see in the browser. Learn more at https://reactjs.org/link/wrap-tests-with-act
    at App (/mnt/c/CustomScripts/MyContext/tauri-react-python/src/App.jsx:54:57)
    at ThemeProvider (/mnt/c/CustomScripts/MyContext/tauri-react-python/src/test/setup.js:10:21)
    at Wrapper (/mnt/c/CustomScripts/MyContext/tauri-react-python/src/test/testUtils.jsx:18:22)

            </system-err>
        </testcase>
        <testcase classname="src/App.test.jsx" name="App Component &gt; Keyboard Navigation &gt; should launch with continue flag on Shift+Enter" time="0.681658933">
            <system-err>
Warning: An update to App inside a test was not wrapped in act(...).

When testing, code that causes React state updates should be wrapped into act(...):

act(() =&gt; {
  /* fire events that update state */
});
/* assert on the output */

This ensures that you&apos;re testing the behavior the user would see in the browser. Learn more at https://reactjs.org/link/wrap-tests-with-act
    at App (/mnt/c/CustomScripts/MyContext/tauri-react-python/src/App.jsx:54:57)
    at ThemeProvider (/mnt/c/CustomScripts/MyContext/tauri-react-python/src/test/setup.js:10:21)
    at Wrapper (/mnt/c/CustomScripts/MyContext/tauri-react-python/src/test/testUtils.jsx:18:22)
Warning: An update to App inside a test was not wrapped in act(...).

When testing, code that causes React state updates should be wrapped into act(...):

act(() =&gt; {
  /* fire events that update state */
});
/* assert on the output */

This ensures that you&apos;re testing the behavior the user would see in the browser. Learn more at https://reactjs.org/link/wrap-tests-with-act
    at App (/mnt/c/CustomScripts/MyContext/tauri-react-python/src/App.jsx:54:57)
    at ThemeProvider (/mnt/c/CustomScripts/MyContext/tauri-react-python/src/test/setup.js:10:21)
    at Wrapper (/mnt/c/CustomScripts/MyContext/tauri-react-python/src/test/testUtils.jsx:18:22)
Warning: An update to App inside a test was not wrapped in act(...).

When testing, code that causes React state updates should be wrapped into act(...):

act(() =&gt; {
  /* fire events that update state */
});
/* assert on the output */

This ensures that you&apos;re testing the behavior the user would see in the browser. Learn more at https://reactjs.org/link/wrap-tests-with-act
    at App (/mnt/c/CustomScripts/MyContext/tauri-react-python/src/App.jsx:54:57)
    at ThemeProvider (/mnt/c/CustomScripts/MyContext/tauri-react-python/src/test/setup.js:10:21)
    at Wrapper (/mnt/c/CustomScripts/MyContext/tauri-react-python/src/test/testUtils.jsx:18:22)
Warning: An update to App inside a test was not wrapped in act(...).

When testing, code that causes React state updates should be wrapped into act(...):

act(() =&gt; {
  /* fire events that update state */
});
/* assert on the output */

This ensures that you&apos;re testing the behavior the user would see in the browser. Learn more at https://reactjs.org/link/wrap-tests-with-act
    at App (/mnt/c/CustomScripts/MyContext/tauri-react-python/src/App.jsx:54:57)
    at ThemeProvider (/mnt/c/CustomScripts/MyContext/tauri-react-python/src/test/setup.js:10:21)
    at Wrapper (/mnt/c/CustomScripts/MyContext/tauri-react-python/src/test/testUtils.jsx:18:22)
Warning: An update to App inside a test was not wrapped in act(...).

When testing, code that causes React state updates should be wrapped into act(...):

act(() =&gt; {
  /* fire events that update state */
});
/* assert on the output */

This ensures that you&apos;re testing the behavior the user would see in the browser. Learn more at https://reactjs.org/link/wrap-tests-with-act
    at App (/mnt/c/CustomScripts/MyContext/tauri-react-python/src/App.jsx:54:57)
    at ThemeProvider (/mnt/c/CustomScripts/MyContext/tauri-react-python/src/test/setup.js:10:21)
    at Wrapper (/mnt/c/CustomScripts/MyContext/tauri-react-python/src/test/testUtils.jsx:18:22)

            </system-err>
        </testcase>
        <testcase classname="src/App.test.jsx" name="App Component &gt; Drag and Drop Areas &gt; should show drop overlay on drag over" time="1.484683885">
        </testcase>
        <testcase classname="src/App.test.jsx" name="App Component &gt; Add Project Functionality &gt; should add project through file dialog" time="1.556261541">
        </testcase>
        <testcase classname="src/App.test.jsx" name="App Component &gt; Add Project Functionality &gt; should show loading state while adding" time="1.656919571">
        </testcase>
        <testcase classname="src/App.test.jsx" name="App Component &gt; Delete Dialog Flow &gt; should show confirmation dialog before deleting" time="1.256901926">
        </testcase>
        <testcase classname="src/App.test.jsx" name="App Component &gt; Delete Dialog Flow &gt; should delete project on confirmation" time="2.425891993">
        </testcase>
        <testcase classname="src/App.test.jsx" name="App Component &gt; Delete Dialog Flow &gt; should cancel deletion" time="2.946061629">
        </testcase>
    </testsuite>
    <testsuite name="src/components/ProjectCard.test.jsx" timestamp="2025-07-15T10:13:26.973Z" hostname="Gab-ROG" tests="41" failures="0" errors="0" skipped="0" time="3.143857421">
        <testcase classname="src/components/ProjectCard.test.jsx" name="ProjectCard &gt; Rendering &gt; renders project name" time="0.084104126">
        </testcase>
        <testcase classname="src/components/ProjectCard.test.jsx" name="ProjectCard &gt; Rendering &gt; renders project path" time="0.056703744">
        </testcase>
        <testcase classname="src/components/ProjectCard.test.jsx" name="ProjectCard &gt; Rendering &gt; renders all tags" time="0.057423799">
        </testcase>
        <testcase classname="src/components/ProjectCard.test.jsx" name="ProjectCard &gt; Rendering &gt; renders notes" time="0.045711898">
        </testcase>
        <testcase classname="src/components/ProjectCard.test.jsx" name="ProjectCard &gt; Rendering &gt; renders &quot;No notes yet&quot; when notes are empty" time="0.062673212">
        </testcase>
        <testcase classname="src/components/ProjectCard.test.jsx" name="ProjectCard &gt; Rendering &gt; truncates long notes with ellipsis" time="0.045035016">
        </testcase>
        <testcase classname="src/components/ProjectCard.test.jsx" name="ProjectCard &gt; Rendering &gt; renders with empty tags array" time="0.049987683">
        </testcase>
        <testcase classname="src/components/ProjectCard.test.jsx" name="ProjectCard &gt; Pin/Unpin functionality &gt; shows star border icon when unpinned" time="0.056054584">
        </testcase>
        <testcase classname="src/components/ProjectCard.test.jsx" name="ProjectCard &gt; Pin/Unpin functionality &gt; shows filled star icon when pinned" time="0.054210034">
        </testcase>
        <testcase classname="src/components/ProjectCard.test.jsx" name="ProjectCard &gt; Pin/Unpin functionality &gt; calls onPin with correct arguments when clicking pin button" time="0.070183228">
        </testcase>
        <testcase classname="src/components/ProjectCard.test.jsx" name="ProjectCard &gt; Pin/Unpin functionality &gt; toggles pin state correctly" time="0.073568351">
        </testcase>
        <testcase classname="src/components/ProjectCard.test.jsx" name="ProjectCard &gt; Pin/Unpin functionality &gt; shows loading spinner when pin operation is in progress" time="0.061526884">
        </testcase>
        <testcase classname="src/components/ProjectCard.test.jsx" name="ProjectCard &gt; Pin/Unpin functionality &gt; disables pin button during loading" time="0.056386238">
        </testcase>
        <testcase classname="src/components/ProjectCard.test.jsx" name="ProjectCard &gt; Edit mode &gt; enters edit mode when clicking edit button" time="0.083417372">
        </testcase>
        <testcase classname="src/components/ProjectCard.test.jsx" name="ProjectCard &gt; Edit mode &gt; shows save and cancel buttons in edit mode" time="0.071574916">
        </testcase>
        <testcase classname="src/components/ProjectCard.test.jsx" name="ProjectCard &gt; Edit mode &gt; focuses name field when entering edit mode" time="0.078569655">
        </testcase>
        <testcase classname="src/components/ProjectCard.test.jsx" name="ProjectCard &gt; Edit mode &gt; disables edit button when any operation is loading" time="0.043343034">
        </testcase>
        <testcase classname="src/components/ProjectCard.test.jsx" name="ProjectCard &gt; Saving edits &gt; saves edited values correctly" time="0.187130351">
        </testcase>
        <testcase classname="src/components/ProjectCard.test.jsx" name="ProjectCard &gt; Saving edits &gt; trims whitespace from tags" time="0.14138281">
        </testcase>
        <testcase classname="src/components/ProjectCard.test.jsx" name="ProjectCard &gt; Saving edits &gt; filters out empty tags" time="0.136806267">
        </testcase>
        <testcase classname="src/components/ProjectCard.test.jsx" name="ProjectCard &gt; Saving edits &gt; shows loading spinner during save" time="0.118227252">
        </testcase>
        <testcase classname="src/components/ProjectCard.test.jsx" name="ProjectCard &gt; Saving edits &gt; disables save/cancel buttons during update" time="0.11606163">
        </testcase>
        <testcase classname="src/components/ProjectCard.test.jsx" name="ProjectCard &gt; Canceling edits &gt; reverts changes when canceling" time="0.143412531">
        </testcase>
        <testcase classname="src/components/ProjectCard.test.jsx" name="ProjectCard &gt; Canceling edits &gt; exits edit mode when canceling" time="0.111980389">
        </testcase>
        <testcase classname="src/components/ProjectCard.test.jsx" name="ProjectCard &gt; Launch functionality &gt; calls onLaunch with project id and continue flag false by default" time="0.045333644">
        </testcase>
        <testcase classname="src/components/ProjectCard.test.jsx" name="ProjectCard &gt; Launch functionality &gt; calls onLaunch with continue flag true when checkbox is checked" time="0.129529452">
        </testcase>
        <testcase classname="src/components/ProjectCard.test.jsx" name="ProjectCard &gt; Launch functionality &gt; resets continue flag after launch" time="0.153876429">
        </testcase>
        <testcase classname="src/components/ProjectCard.test.jsx" name="ProjectCard &gt; Launch functionality &gt; shows loading state during launch" time="0.057356769">
        </testcase>
        <testcase classname="src/components/ProjectCard.test.jsx" name="ProjectCard &gt; Launch functionality &gt; has data-launch-btn attribute for keyboard navigation" time="0.049128296">
        </testcase>
        <testcase classname="src/components/ProjectCard.test.jsx" name="ProjectCard &gt; Delete functionality &gt; calls onDelete with project id" time="0.061956589">
        </testcase>
        <testcase classname="src/components/ProjectCard.test.jsx" name="ProjectCard &gt; Delete functionality &gt; disables delete button when any operation is loading" time="0.042963524">
        </testcase>
        <testcase classname="src/components/ProjectCard.test.jsx" name="ProjectCard &gt; Tag click handling &gt; calls onTagClick when clicking a tag" time="0.052296738">
        </testcase>
        <testcase classname="src/components/ProjectCard.test.jsx" name="ProjectCard &gt; Tag click handling &gt; makes tags non-clickable when onTagClick is not provided" time="0.071405731">
        </testcase>
        <testcase classname="src/components/ProjectCard.test.jsx" name="ProjectCard &gt; Keyboard focus and selected state &gt; applies hover effect on card" time="0.07345149">
        </testcase>
        <testcase classname="src/components/ProjectCard.test.jsx" name="ProjectCard &gt; Keyboard focus and selected state &gt; card can receive focus through launch button" time="0.06208463">
        </testcase>
        <testcase classname="src/components/ProjectCard.test.jsx" name="ProjectCard &gt; Keyboard focus and selected state &gt; handles isSelected prop (visual selection)" time="0.072568188">
        </testcase>
        <testcase classname="src/components/ProjectCard.test.jsx" name="ProjectCard &gt; Loading states for different operations &gt; handles multiple loading operations correctly" time="0.045812511">
        </testcase>
        <testcase classname="src/components/ProjectCard.test.jsx" name="ProjectCard &gt; Loading states for different operations &gt; shows appropriate loading state for each operation" time="0.089743314">
        </testcase>
        <testcase classname="src/components/ProjectCard.test.jsx" name="ProjectCard &gt; Edge cases &gt; handles undefined loadingOperations prop" time="0.043953413">
        </testcase>
        <testcase classname="src/components/ProjectCard.test.jsx" name="ProjectCard &gt; Edge cases &gt; handles project with special characters in name" time="0.04267147">
        </testcase>
        <testcase classname="src/components/ProjectCard.test.jsx" name="ProjectCard &gt; Edge cases &gt; handles very long project paths" time="0.041170585">
        </testcase>
    </testsuite>
    <testsuite name="src/components/ProjectGrid.test.jsx" timestamp="2025-07-15T10:13:27.000Z" hostname="Gab-ROG" tests="17" failures="7" errors="0" skipped="0" time="5.582570971">
        <testcase classname="src/components/ProjectGrid.test.jsx" name="ProjectGrid &gt; Grid Layout Rendering &gt; renders project grid with multiple projects" time="0.460641891">
        </testcase>
        <testcase classname="src/components/ProjectGrid.test.jsx" name="ProjectGrid &gt; Grid Layout Rendering &gt; renders with proper sections when projects exist" time="0.342146621">
        </testcase>
        <testcase classname="src/components/ProjectGrid.test.jsx" name="ProjectGrid &gt; Recent Projects Section &gt; displays recent projects section when recent projects exist" time="0.745074883">
        </testcase>
        <testcase classname="src/components/ProjectGrid.test.jsx" name="ProjectGrid &gt; Recent Projects Section &gt; does not display recent projects section when empty" time="0.330410538">
        </testcase>
        <testcase classname="src/components/ProjectGrid.test.jsx" name="ProjectGrid &gt; Pinned Projects &gt; displays pinned projects in a separate section" time="0.424632752">
        </testcase>
        <testcase classname="src/components/ProjectGrid.test.jsx" name="ProjectGrid &gt; Pinned Projects &gt; shows &quot;All Projects&quot; when no pinned projects exist" time="0.243581765">
        </testcase>
        <testcase classname="src/components/ProjectGrid.test.jsx" name="ProjectGrid &gt; Empty State &gt; displays empty state when no projects exist" time="0.025067776">
        </testcase>
        <testcase classname="src/components/ProjectGrid.test.jsx" name="ProjectGrid &gt; Empty State &gt; displays empty state for unpinned section when only pinned projects exist" time="0.108187562">
        </testcase>
        <testcase classname="src/components/ProjectGrid.test.jsx" name="ProjectGrid &gt; Keyboard Navigation &gt; highlights selected project" time="0.237995806">
            <failure message="Cannot read properties of null (reading &apos;Symbol(computedStyle)&apos;)" type="TypeError">
TypeError: Cannot read properties of null (reading &apos;Symbol(computedStyle)&apos;)
 ❯ GlobalWindow.getComputedStyle node_modules/happy-dom/src/window/BrowserWindow.ts:1139:11
 ❯ src/components/ProjectGrid.test.jsx:149:29
            </failure>
        </testcase>
        <testcase classname="src/components/ProjectGrid.test.jsx" name="ProjectGrid &gt; Keyboard Navigation &gt; scrolls selected project into view" time="1.089695366">
        </testcase>
        <testcase classname="src/components/ProjectGrid.test.jsx" name="ProjectGrid &gt; Responsive Layout &gt; uses single column layout on small screens" time="0.000672351">
            <failure message="createTheme is not defined" type="ReferenceError">
ReferenceError: createTheme is not defined
 ❯ src/components/ProjectGrid.test.jsx:183:32
            </failure>
        </testcase>
        <testcase classname="src/components/ProjectGrid.test.jsx" name="ProjectGrid &gt; Responsive Layout &gt; uses two column layout on larger screens" time="0.183147699">
            <failure message="expected 0 to be greater than 0" type="AssertionError">
AssertionError: expected 0 to be greater than 0
 ❯ src/components/ProjectGrid.test.jsx:231:38
            </failure>
        </testcase>
        <testcase classname="src/components/ProjectGrid.test.jsx" name="ProjectGrid &gt; Props Passing to ProjectCard &gt; passes correct props to each ProjectCard" time="0.116951065">
        </testcase>
        <testcase classname="src/components/ProjectGrid.test.jsx" name="ProjectGrid &gt; Props Passing to ProjectCard &gt; correctly calculates global index for projects across sections" time="0.585680982">
            <failure message="expected …(6) to have a length of 4 but got 6" type="AssertionError">
AssertionError: expected …(6) to have a length of 4 but got 6

- Expected
+ Received

- 4
+ 6

 ❯ src/components/ProjectGrid.test.jsx:283:28
            </failure>
        </testcase>
        <testcase classname="src/components/ProjectGrid.test.jsx" name="ProjectGrid &gt; Masonry Layout Integration &gt; renders projects in Masonry component" time="0.263536638">
            <failure message="expected 0 to be greater than 0" type="AssertionError">
AssertionError: expected 0 to be greater than 0
 ❯ src/components/ProjectGrid.test.jsx:298:40
            </failure>
        </testcase>
        <testcase classname="src/components/ProjectGrid.test.jsx" name="ProjectGrid &gt; Masonry Layout Integration &gt; applies correct spacing between items" time="0.112828578">
            <failure message="expect(received).toBeInTheDocument()

received value must be an HTMLElement or an SVGElement.
" type="Error">
Error: expect(received).toBeInTheDocument()

received value must be an HTMLElement or an SVGElement.

 ❯ src/components/ProjectGrid.test.jsx:312:32
            </failure>
        </testcase>
        <testcase classname="src/components/ProjectGrid.test.jsx" name="ProjectGrid &gt; Section Ordering &gt; renders sections in correct order: Recent -&gt; Pinned -&gt; Others" time="0.309335866">
            <failure message="Unable to find an accessible element with the role &quot;heading&quot;

Here are the accessible roles:

  button:

  Name &quot;Pin project&quot;:
  [36m&lt;button[39m
    [33maria-label[39m=[32m&quot;Pin project&quot;[39m
  [36m/&gt;[39m

  Name &quot;LaunchIcon Launch&quot;:
  [36m&lt;button[39m
    [33mdata-launch-btn[39m=[32m&quot;true&quot;[39m
  [36m/&gt;[39m

  Name &quot;Edit project&quot;:
  [36m&lt;button[39m
    [33maria-label[39m=[32m&quot;Edit project&quot;[39m
  [36m/&gt;[39m

  Name &quot;Delete project&quot;:
  [36m&lt;button[39m
    [33maria-label[39m=[32m&quot;Delete project&quot;[39m
  [36m/&gt;[39m

  Name &quot;Unpin project&quot;:
  [36m&lt;button[39m
    [33maria-label[39m=[32m&quot;Unpin project&quot;[39m
  [36m/&gt;[39m

  Name &quot;LaunchIcon Launch&quot;:
  [36m&lt;button[39m
    [33mdata-launch-btn[39m=[32m&quot;true&quot;[39m
  [36m/&gt;[39m

  Name &quot;Edit project&quot;:
  [36m&lt;button[39m
    [33maria-label[39m=[32m&quot;Edit project&quot;[39m
  [36m/&gt;[39m

  Name &quot;Delete project&quot;:
  [36m&lt;button[39m
    [33maria-label[39m=[32m&quot;Delete project&quot;[39m
  [36m/&gt;[39m

  Name &quot;Pin project&quot;:
  [36m&lt;button[39m
    [33maria-label[39m=[32m&quot;Pin project&quot;[39m
  [36m/&gt;[39m

  Name &quot;LaunchIcon Launch&quot;:
  [36m&lt;button[39m
    [33mdata-launch-btn[39m=[32m&quot;true&quot;[39m
  [36m/&gt;[39m

  Name &quot;Edit project&quot;:
  [36m&lt;button[39m
    [33maria-label[39m=[32m&quot;Edit project&quot;[39m
  [36m/&gt;[39m

  Name &quot;Delete project&quot;:
  [36m&lt;button[39m
    [33maria-label[39m=[32m&quot;Delete project&quot;[39m
  [36m/&gt;[39m

  Name &quot;Pin project&quot;:
  [36m&lt;button[39m
    [33maria-label[39m=[32m&quot;Pin project&quot;[39m
  [36m/&gt;[39m

  Name &quot;LaunchIcon Launch&quot;:
  [36m&lt;button[39m
    [33mdata-launch-btn[39m=[32m&quot;true&quot;[39m
  [36m/&gt;[39m

  Name &quot;Edit project&quot;:
  [36m&lt;button[39m
    [33maria-label[39m=[32m&quot;Edit project&quot;[39m
  [36m/&gt;[39m

  Name &quot;Delete project&quot;:
  [36m&lt;button[39m
    [33maria-label[39m=[32m&quot;Delete project&quot;[39m
  [36m/&gt;[39m

  --------------------------------------------------
  heading:

  Name &quot;Recent&quot;:
  [36m&lt;h2 /&gt;[39m

  Name &quot;Pinned&quot;:
  [36m&lt;h2 /&gt;[39m

  Name &quot;Recent&quot;:
  [36m&lt;h2 /&gt;[39m

  Name &quot;Unpinned&quot;:
  [36m&lt;h2 /&gt;[39m

  --------------------------------------------------
  checkbox:

  Name &quot;Continue&quot;:
  [36m&lt;input[39m
    [33mtype[39m=[32m&quot;checkbox&quot;[39m
  [36m/&gt;[39m

  Name &quot;Continue&quot;:
  [36m&lt;input[39m
    [33mtype[39m=[32m&quot;checkbox&quot;[39m
  [36m/&gt;[39m

  Name &quot;Continue&quot;:
  [36m&lt;input[39m
    [33mtype[39m=[32m&quot;checkbox&quot;[39m
  [36m/&gt;[39m

  Name &quot;Continue&quot;:
  [36m&lt;input[39m
    [33mtype[39m=[32m&quot;checkbox&quot;[39m
  [36m/&gt;[39m

  --------------------------------------------------
  separator:

  Name &quot;&quot;:
  [36m&lt;hr[39m
    [33msx[39m=[32m&quot;[object Object]&quot;[39m
  [36m/&gt;[39m

  Name &quot;&quot;:
  [36m&lt;hr[39m
    [33msx[39m=[32m&quot;[object Object]&quot;[39m
  [36m/&gt;[39m

  --------------------------------------------------

Ignored nodes: comments, script, style
[36m&lt;body&gt;[39m
  [36m&lt;div&gt;[39m
    [36m&lt;div&gt;[39m
      [36m&lt;div&gt;[39m
        [36m&lt;p&gt;[39m
          [0mRecent Projects[0m
        [36m&lt;/p&gt;[39m
        [36m&lt;div[39m
          [33mcolumns[39m=[32m&quot;2&quot;[39m
          [33mdata-testid[39m=[32m&quot;mock-masonry&quot;[39m
          [33mspacing[39m=[32m&quot;2&quot;[39m
        [36m&gt;[39m
          [36m&lt;div[39m
            [33mclass[39m=[32m&quot;project-card&quot;[39m
            [33mtabindex[39m=[32m&quot;0&quot;[39m
          [36m&gt;[39m
            [36m&lt;div[39m
              [33msx[39m=[32m&quot;[object Object]&quot;[39m
            [36m&gt;[39m
              [36m&lt;button[39m
                [33maria-label[39m=[32m&quot;Pin project&quot;[39m
              [36m&gt;[39m
                [0mStarBorderIcon[0m
              [36m&lt;/button&gt;[39m
              [36m&lt;div[39m
                [33msx[39m=[32m&quot;[object Object]&quot;[39m
              [36m&gt;[39m
                [36m&lt;h2&gt;[39m
                  [0mRecent[0m
                [36m&lt;/h2&gt;[39m
                [36m&lt;div&gt;[39m
                  [0mFolderIcon[0m
                  [36m&lt;p&gt;[39m
                    [0m/path/to/project[0m
                  [36m&lt;/p&gt;[39m
                [36m&lt;/div&gt;[39m
                [36m&lt;div&gt;[39m
                  [36m&lt;div&gt;[39m
                    [36m&lt;span[39m
                      [33mcolor[39m=[32m&quot;primary&quot;[39m
                      [33mvariant[39m=[32m&quot;outlined&quot;[39m
                    [36m&gt;[39m
                      [0mtest[0m
                    [36m&lt;/span&gt;[39m
                    [36m&lt;span[39m
                      [33mcolor[39m=[32m&quot;primary&quot;[39m
                      [33mvariant[39m=[32m&quot;outlined&quot;[39m
                    [36m&gt;[39m
                      [0mmock[0m
                    [36m&lt;/span&gt;[39m
                  [36m&lt;/div&gt;[39m
                [36m&lt;/div&gt;[39m
                [36m&lt;div&gt;[39m
                  [36m&lt;div&gt;[39m
                    [0mNotesIcon[0m
                    [36m&lt;p[39m
                      [33mfont-weight[39m=[32m&quot;medium&quot;[39m
                    [36m&gt;[39m
                      [0mNotes[0m
                    [36m&lt;/p&gt;[39m
                  [36m&lt;/div&gt;[39m
                  [36m&lt;p&gt;[39m
                    [0mTest project notes[0m
                  [36m&lt;/p&gt;[39m
                [36m&lt;/div&gt;[39m
              [36m&lt;/div&gt;[39m
              [36m&lt;div[39m
                [33msx[39m=[32m&quot;[object Object]&quot;[39m
              [36m&gt;[39m
                [36m&lt;div&gt;[39m
                  [36m&lt;label[39m
                    [33msx[39m=[32m&quot;[object Object]&quot;[39m
                  [36m&gt;[39m
                    [36m&lt;input[39m
                      [33mtype[39m=[32m&quot;checkbox&quot;[39m
                    [36m/&gt;[39m
                    [0m [0m
                    [0mContinue[0m
                  [36m&lt;/label&gt;[39m
                  [36m&lt;button[39m
                    [33mdata-launch-btn[39m=[32m&quot;true&quot;[39m
                  [36m&gt;[39m
                    [0mLaunchIcon[0m
                    [0m [0m
                    [0mLaunch[0m
                  [36m&lt;/button&gt;[39m
                [36m&lt;/div&gt;[39m
                [36m&lt;div&gt;[39m
                  [36m&lt;button[39m
                    [33maria-label[39m=[32m&quot;Edit project&quot;[39m
                  [36m&gt;[39m
                    [0mEditIcon[0m
                  [36m&lt;/button&gt;[39m
                  [36m&lt;button[39m
                    [33maria-label[39m=[32m&quot;Delete project&quot;[39m
                  [36m&gt;[39m
                    [0mDeleteIcon[0m
                  [36m&lt;/button&gt;[39m
                [36m&lt;/div&gt;[39m
              [36m&lt;/div&gt;[39m
            [36m&lt;/div&gt;[39m
          [36m&lt;/div&gt;[39m
        [36m&lt;/div&gt;[39m
        [36m&lt;hr[39m
          [33msx[39m=[32m&quot;[object Object]&quot;[39m
        [36m/&gt;[39m
      [36m&lt;/div&gt;[39m
      [36m&lt;div&gt;[39m
        [36m&lt;p&gt;[39m
          [0mPinned Projects[0m
        [36m&lt;/p&gt;[39m
        [36m&lt;div[39m
          [33mcolumns[39m=[32m&quot;2&quot;[39m
          [33mdata-testid[39m=[32m&quot;mock-masonry&quot;[39m
          [33mspacing[39m=[32m&quot;2&quot;[39m
        [36m&gt;[39m
          [36m&lt;div[39m
            [33mclass[39m=[32m&quot;project-card&quot;[39m
            [33mtabindex[39m=[32m&quot;0&quot;[39m
          [36m&gt;[39m
            [36m&lt;div[39m
              [33msx[39m=[32m&quot;[object Object]&quot;[39m
            [36m&gt;[39m
              [36m&lt;button[39m
                [33maria-label[39m=[32m&quot;Unpin project&quot;[39m
              [36m&gt;[39m
                [0mStarIcon[0m
              [36m&lt;/button&gt;[39m
              [36m&lt;div[39m
                [33msx[39m=[32m&quot;[object Object]&quot;[39m
              [36m&gt;[39m
                [36m&lt;h2&gt;[39m
                  [0mPinned[0m
                [36m&lt;/h2&gt;[39m
                [36m&lt;div&gt;[39m
                  [0mFolderIcon[0m
                  [36m&lt;p&gt;[39m
                    [0m/path/to/project[0m
                  [36m&lt;/p&gt;[39m
                [36m&lt;/div&gt;[39m
                [36m&lt;div&gt;[39m
                  [36m&lt;div&gt;[39m
                    [36m&lt;span[39m
                      [33mcolor[39m=[32m&quot;primary&quot;[39m
                      [33mvariant[39m=[32m&quot;outlined&quot;[39m
                    [36m&gt;[39m
                      [0mtest[0m
                    [36m&lt;/span&gt;[39m
                    [36m&lt;span[39m
                      [33mcolor[39m=[32m&quot;primary&quot;[39m
                      [33mvariant[39m=[32m&quot;outlined&quot;[39m
                    [36m&gt;[39m
                      [0mmock[0m
                    [36m&lt;/span&gt;[39m
                  [36m&lt;/div&gt;[39m
                [36m&lt;/div&gt;[39m
                [36m&lt;div&gt;[39m
                  [36m&lt;div&gt;[39m
                    [0mNotesIcon[0m
                    [36m&lt;p[39m
                      [33mfont-weight[39m=[32m&quot;medium&quot;[39m
                    [36m&gt;[39m
                      [0mNotes[0m
                    [36m&lt;/p&gt;[39m
                  [36m&lt;/div&gt;[39m
                  [36m&lt;p&gt;[39m
                    [0mTest project notes[0m
                  [36m&lt;/p&gt;[39m
                [36m&lt;/div&gt;[39m
              [36m&lt;/div&gt;[39m
              [36m&lt;div[39m
                [33msx[39m=[32m&quot;[object Object]&quot;[39m
              [36m&gt;[39m
                [36m&lt;div&gt;[39m
                  [36m&lt;label[39m
                    [33msx[39m=[32m&quot;[object Object]&quot;[39m
                  [36m&gt;[39m
                    [36m&lt;input[39m
                      [33mtype[39m=[32m&quot;checkbox&quot;[39m
                    [36m/&gt;[39m
                    [0m [0m
                    [0mContinue[0m
                  [36m&lt;/label&gt;[39m
                  [36m&lt;button[39m
                    [33mdata-launch-btn[39m=[32m&quot;true&quot;[39m
                  [36m&gt;[39m
                    [0mLaunchIcon[0m
                    [0m [0m
                    [0mLaunch[0m
                  [36m&lt;/button&gt;[39m
                [36m&lt;/div&gt;[39m
                [36m&lt;div&gt;[39m
                  [36m&lt;button[39m
                    [33maria-label[39m=[32m&quot;Edit project&quot;[39m
                  [36m&gt;[39m
                    [0mEditIcon[0m
                  [36m&lt;/button&gt;[39m
                  [36m&lt;button[39m
                    [33maria-label[39m=[32m&quot;Delete project&quot;[39m
                  [36m&gt;[39m
                    [0mDeleteIcon[0m
                  [36m&lt;/button&gt;[39m
                [36m&lt;/div&gt;[39m
              [36m&lt;/div&gt;[39m
            [36m&lt;/div&gt;[39m
          [36m&lt;/div&gt;[39m
        [36m&lt;/div&gt;[39m
        [36m&lt;hr[39m
          [33msx[39m=[32m&quot;[object Object]&quot;[39m
        [36m/&gt;[39m
      [36m&lt;/div&gt;[39m
      [36m&lt;div&gt;[39m
        [36m&lt;p&gt;[39m
          [0mOther Projects[0m
        [36m&lt;/p&gt;[39m
        [36m&lt;div[39m
          [33mcolumns[39m=[32m&quot;2&quot;[39m
          [33mdata-testid[39m=[32m&quot;mock-masonry&quot;[39m
          [33mspacing[39m=[32m&quot;2&quot;[39m
        [36m&gt;[39m
          [36m&lt;div[39m
            [33mclass[39m=[32m&quot;project-card&quot;[39m
            [33mtabindex[39m=[32m&quot;0&quot;[39m
          [36m&gt;[39m
            [36m&lt;div[39m
              [33msx[39m=[32m&quot;[object Object]&quot;[39m
            [36m&gt;[39m
              [36m&lt;button[39m
                [33maria-label[39m=[32m&quot;Pin project&quot;[39m
              [36m&gt;[39m
                [0mStarBorderIcon[0m
              [36m&lt;/button&gt;[39m
              [36m&lt;div[39m
                [33msx[39m=[32m&quot;[object Object]&quot;[39m
              [36m&gt;[39m
                [36m&lt;h2&gt;[39m
                  [0mRecent[0m
                [36m&lt;/h2&gt;[39m
                [36m&lt;div&gt;[39m
                  [0mFolderIcon[0m
                  [36m&lt;p&gt;[39m
                    [0m/path/to/project[0m
                  [36m&lt;/p&gt;[39m
                [36m&lt;/div&gt;[39m
                [36m&lt;div&gt;[39m
                  [36m&lt;div&gt;[39m
                    [36m&lt;span[39m
                      [33mcolor[39m=[32m&quot;primary&quot;[39m
                      [33mvariant[39m=[32m&quot;outlined&quot;[39m
                    [36m&gt;[39m
                      [0mtest[0m
                    [36m&lt;/span&gt;[39m
                    [36m&lt;span[39m
                      [33mcolor[39m=[32m&quot;primary&quot;[39m
                      [33mvariant[39m=[32m&quot;outlined&quot;[39m
                    [36m&gt;[39m
                      [0mmock[0m
                    [36m&lt;/span&gt;[39m
                  [36m&lt;/div&gt;[39m
                [36m&lt;/div&gt;[39m
                [36m&lt;div&gt;[39m
                  [36m&lt;div&gt;[39m
                    [0mNotesIcon[0m
                    [36m&lt;p[39m
                      [33mfont-weight[39m=[32m&quot;medium&quot;[39m
                    [36m&gt;[39m
                      [0mNotes[0m
                    [36m&lt;/p&gt;[39m
                  [36m&lt;/div&gt;[39m
                  [36m&lt;p&gt;[39m
                    [0mTest project notes[0m
                  [36m&lt;/p&gt;[39m
                [36m&lt;/div&gt;[39m
              [36m&lt;/div&gt;[39m
              [36m&lt;div[39m
                [33msx[39m=[32m&quot;[object Object]&quot;[39m
              [36m&gt;[39m
                [36m&lt;div&gt;[39m
                  [36m&lt;label[39m
                    [33msx[39m=[32m&quot;[object Object]&quot;[39m
                  [36m&gt;[39m
                    [36m&lt;input[39m
                      [33mtype[39m=[32m&quot;checkbox&quot;[39m
                    [36m/&gt;[39m
                    [0m [0m
                    [0mContinue[0m
                  [36m&lt;/label&gt;[39m
                  [36m&lt;button[39m
                    [33mdata-launch-btn[39m=[32m&quot;true&quot;[39m
                  [36m&gt;[39m
                    [0mLaunchIcon[0m
                    [0m [0m
                    [0mLaunch[0m
                  [36m&lt;/button&gt;[39m
                [36m&lt;/div&gt;[39m
                [36m&lt;div&gt;[39m
                  [36m&lt;button[39m
                    [33maria-label[39m=[32m&quot;Edit project&quot;[39m
                  [36m&gt;[39m
                    [0mEditIcon[0m
                  [36m&lt;/button&gt;[39m
                  [36m&lt;button[39m
                    [33maria-label[39m=[32m&quot;Delete project&quot;[39m
                  [36m&gt;[39m
                    [0mDeleteIcon[0m
                  [36m&lt;/button&gt;[39m
                [36m&lt;/div&gt;[39m
              [36m&lt;/div&gt;[39m
            [36m&lt;/div&gt;[39m
          [36m&lt;/div&gt;[39m
          [36m&lt;div[39m
            [33mclass[39m=[32m&quot;project-card&quot;[39m
            [33mtabindex[39m=[32m&quot;0&quot;[39m
          [36m&gt;[39m
            [36m&lt;div[39m
              [33msx[39m=[32m&quot;[object Object]&quot;[39m
            [36m&gt;[39m
              [36m&lt;button[39m
                [33maria-label[39m=[32m&quot;Pin project&quot;[39m
              [36m&gt;[39m
                [0mStarBorderIcon[0m
              [36m&lt;/button&gt;[39m
              [36m&lt;div[39m
                [33msx[39m=[32m&quot;[object Object]&quot;[39m
              [36m&gt;[39m
                [36m&lt;h2&gt;[39m
                  [0mUnpinned[0m
                [36m&lt;/h2&gt;[39m
                [36m&lt;div&gt;[39m
                  [0mFolderIcon[0m
                  [36m&lt;p&gt;[39m
                    [0m/path/to/project[0m
                  [36m&lt;/p&gt;[39m
                [36m&lt;/div&gt;[39m
                [36m&lt;div&gt;[39m
                  [36m&lt;div&gt;[39m
                    [36m&lt;span[39m
                      [33mcolor[39m=[32m&quot;primary&quot;[39m
                      [33mvariant[39m=[32m&quot;outlined&quot;[39m
                    [36m&gt;[39m
                      [0mtest[0m
                    [36m&lt;/span&gt;[39m
                    [36m&lt;span[39m
                      [33mcolor[39m=[32m&quot;primary&quot;[39m
                      [33mvariant[39m=[32m&quot;outlined&quot;[39m
                    [36m&gt;[39m
                      [0mmock[0m
                    [36m&lt;/span&gt;[39m
                  [36m&lt;/div&gt;[39m
                [36m&lt;/div&gt;[39m
                [36m&lt;div&gt;[39m
                  [36m&lt;div&gt;[39m
                    [0mNotesIcon[0m
                    [36m&lt;p[39m
                      [33mfont-weight[39m=[32m&quot;medium&quot;[39m
                    [36m&gt;[39m
                      [0mNotes[0m
                    [36m&lt;/p&gt;[39m
                  [36m&lt;/div&gt;[39m
                  [36m&lt;p&gt;[39m
                    [0mTest project notes[0m
                  [36m&lt;/p&gt;[39m
                [36m&lt;/div&gt;[39m
              [36m&lt;/div&gt;[39m
              [36m&lt;div[39m
                [33msx[39m=[32m&quot;[object Object]&quot;[39m
              [36m&gt;[39m
                [36m&lt;div&gt;[39m
                  [36m&lt;label[39m
                    [33msx[39m=[32m&quot;[object Object]&quot;[39m
                  [36m&gt;[39m
                    [36m&lt;input[39m
                      [33mtype[39m=[32m&quot;checkbox&quot;[39m
                    [36m/&gt;[39m
                    [0m [0m
                    [0mContinue[0m
                  [36m&lt;/label&gt;[39m
                  [36m&lt;button[39m
                    [33mdata-launch-btn[39m=[32m&quot;true&quot;[39m
                  [36m&gt;[39m
                    [0mLaunchIcon[0m
                    [0m [0m
                    [0mLaunch[0m
                  [36m&lt;/button&gt;[39m
                [36m&lt;/div&gt;[39m
                [36m&lt;div&gt;[39m
                  [36m&lt;button[39m
                    [33maria-label[39m=[32m&quot;Edit project&quot;[39m
                  [36m&gt;[39m
                    [0mEditIcon[0m
                  [36m&lt;/button&gt;[39m
                  [36m&lt;button[39m
                    [33maria-label[39m=[32m&quot;Delete project&quot;[39m
                  [36m&gt;[39m
                    [0mDeleteIcon[0m
                  [36m&lt;/button&gt;[39m
                [36m&lt;/div&gt;[39m
              [36m&lt;/div&gt;[39m
            [36m&lt;/div&gt;[39m
          [36m&lt;/div&gt;[39m
        [36m&lt;/div&gt;[39m
      [36m&lt;/div&gt;[39m
    [36m&lt;/div&gt;[39m
  [36m&lt;/div&gt;[39m
[36m&lt;/body&gt;[39m" type="TestingLibraryElementError">
TestingLibraryElementError: Unable to find an accessible element with the role &quot;heading&quot;

Here are the accessible roles:

  button:

  Name &quot;Pin project&quot;:
  &lt;button
    aria-label=&quot;Pin project&quot;
  /&gt;

  Name &quot;LaunchIcon Launch&quot;:
  &lt;button
    data-launch-btn=&quot;true&quot;
  /&gt;

  Name &quot;Edit project&quot;:
  &lt;button
    aria-label=&quot;Edit project&quot;
  /&gt;

  Name &quot;Delete project&quot;:
  &lt;button
    aria-label=&quot;Delete project&quot;
  /&gt;

  Name &quot;Unpin project&quot;:
  &lt;button
    aria-label=&quot;Unpin project&quot;
  /&gt;

  Name &quot;LaunchIcon Launch&quot;:
  &lt;button
    data-launch-btn=&quot;true&quot;
  /&gt;

  Name &quot;Edit project&quot;:
  &lt;button
    aria-label=&quot;Edit project&quot;
  /&gt;

  Name &quot;Delete project&quot;:
  &lt;button
    aria-label=&quot;Delete project&quot;
  /&gt;

  Name &quot;Pin project&quot;:
  &lt;button
    aria-label=&quot;Pin project&quot;
  /&gt;

  Name &quot;LaunchIcon Launch&quot;:
  &lt;button
    data-launch-btn=&quot;true&quot;
  /&gt;

  Name &quot;Edit project&quot;:
  &lt;button
    aria-label=&quot;Edit project&quot;
  /&gt;

  Name &quot;Delete project&quot;:
  &lt;button
    aria-label=&quot;Delete project&quot;
  /&gt;

  Name &quot;Pin project&quot;:
  &lt;button
    aria-label=&quot;Pin project&quot;
  /&gt;

  Name &quot;LaunchIcon Launch&quot;:
  &lt;button
    data-launch-btn=&quot;true&quot;
  /&gt;

  Name &quot;Edit project&quot;:
  &lt;button
    aria-label=&quot;Edit project&quot;
  /&gt;

  Name &quot;Delete project&quot;:
  &lt;button
    aria-label=&quot;Delete project&quot;
  /&gt;

  --------------------------------------------------
  heading:

  Name &quot;Recent&quot;:
  &lt;h2 /&gt;

  Name &quot;Pinned&quot;:
  &lt;h2 /&gt;

  Name &quot;Recent&quot;:
  &lt;h2 /&gt;

  Name &quot;Unpinned&quot;:
  &lt;h2 /&gt;

  --------------------------------------------------
  checkbox:

  Name &quot;Continue&quot;:
  &lt;input
    type=&quot;checkbox&quot;
  /&gt;

  Name &quot;Continue&quot;:
  &lt;input
    type=&quot;checkbox&quot;
  /&gt;

  Name &quot;Continue&quot;:
  &lt;input
    type=&quot;checkbox&quot;
  /&gt;

  Name &quot;Continue&quot;:
  &lt;input
    type=&quot;checkbox&quot;
  /&gt;

  --------------------------------------------------
  separator:

  Name &quot;&quot;:
  &lt;hr
    sx=&quot;[object Object]&quot;
  /&gt;

  Name &quot;&quot;:
  &lt;hr
    sx=&quot;[object Object]&quot;
  /&gt;

  --------------------------------------------------

Ignored nodes: comments, script, style
&lt;body&gt;
  &lt;div&gt;
    &lt;div&gt;
      &lt;div&gt;
        &lt;p&gt;
          Recent Projects
        &lt;/p&gt;
        &lt;div
          columns=&quot;2&quot;
          data-testid=&quot;mock-masonry&quot;
          spacing=&quot;2&quot;
        &gt;
          &lt;div
            class=&quot;project-card&quot;
            tabindex=&quot;0&quot;
          &gt;
            &lt;div
              sx=&quot;[object Object]&quot;
            &gt;
              &lt;button
                aria-label=&quot;Pin project&quot;
              &gt;
                StarBorderIcon
              &lt;/button&gt;
              &lt;div
                sx=&quot;[object Object]&quot;
              &gt;
                &lt;h2&gt;
                  Recent
                &lt;/h2&gt;
                &lt;div&gt;
                  FolderIcon
                  &lt;p&gt;
                    /path/to/project
                  &lt;/p&gt;
                &lt;/div&gt;
                &lt;div&gt;
                  &lt;div&gt;
                    &lt;span
                      color=&quot;primary&quot;
                      variant=&quot;outlined&quot;
                    &gt;
                      test
                    &lt;/span&gt;
                    &lt;span
                      color=&quot;primary&quot;
                      variant=&quot;outlined&quot;
                    &gt;
                      mock
                    &lt;/span&gt;
                  &lt;/div&gt;
                &lt;/div&gt;
                &lt;div&gt;
                  &lt;div&gt;
                    NotesIcon
                    &lt;p
                      font-weight=&quot;medium&quot;
                    &gt;
                      Notes
                    &lt;/p&gt;
                  &lt;/div&gt;
                  &lt;p&gt;
                    Test project notes
                  &lt;/p&gt;
                &lt;/div&gt;
              &lt;/div&gt;
              &lt;div
                sx=&quot;[object Object]&quot;
              &gt;
                &lt;div&gt;
                  &lt;label
                    sx=&quot;[object Object]&quot;
                  &gt;
                    &lt;input
                      type=&quot;checkbox&quot;
                    /&gt;
                     
                    Continue
                  &lt;/label&gt;
                  &lt;button
                    data-launch-btn=&quot;true&quot;
                  &gt;
                    LaunchIcon
                     
                    Launch
                  &lt;/button&gt;
                &lt;/div&gt;
                &lt;div&gt;
                  &lt;button
                    aria-label=&quot;Edit project&quot;
                  &gt;
                    EditIcon
                  &lt;/button&gt;
                  &lt;button
                    aria-label=&quot;Delete project&quot;
                  &gt;
                    DeleteIcon
                  &lt;/button&gt;
                &lt;/div&gt;
              &lt;/div&gt;
            &lt;/div&gt;
          &lt;/div&gt;
        &lt;/div&gt;
        &lt;hr
          sx=&quot;[object Object]&quot;
        /&gt;
      &lt;/div&gt;
      &lt;div&gt;
        &lt;p&gt;
          Pinned Projects
        &lt;/p&gt;
        &lt;div
          columns=&quot;2&quot;
          data-testid=&quot;mock-masonry&quot;
          spacing=&quot;2&quot;
        &gt;
          &lt;div
            class=&quot;project-card&quot;
            tabindex=&quot;0&quot;
          &gt;
            &lt;div
              sx=&quot;[object Object]&quot;
            &gt;
              &lt;button
                aria-label=&quot;Unpin project&quot;
              &gt;
                StarIcon
              &lt;/button&gt;
              &lt;div
                sx=&quot;[object Object]&quot;
              &gt;
                &lt;h2&gt;
                  Pinned
                &lt;/h2&gt;
                &lt;div&gt;
                  FolderIcon
                  &lt;p&gt;
                    /path/to/project
                  &lt;/p&gt;
                &lt;/div&gt;
                &lt;div&gt;
                  &lt;div&gt;
                    &lt;span
                      color=&quot;primary&quot;
                      variant=&quot;outlined&quot;
                    &gt;
                      test
                    &lt;/span&gt;
                    &lt;span
                      color=&quot;primary&quot;
                      variant=&quot;outlined&quot;
                    &gt;
                      mock
                    &lt;/span&gt;
                  &lt;/div&gt;
                &lt;/div&gt;
                &lt;div&gt;
                  &lt;div&gt;
                    NotesIcon
                    &lt;p
                      font-weight=&quot;medium&quot;
                    &gt;
                      Notes
                    &lt;/p&gt;
                  &lt;/div&gt;
                  &lt;p&gt;
                    Test project notes
                  &lt;/p&gt;
                &lt;/div&gt;
              &lt;/div&gt;
              &lt;div
                sx=&quot;[object Object]&quot;
              &gt;
                &lt;div&gt;
                  &lt;label
                    sx=&quot;[object Object]&quot;
                  &gt;
                    &lt;input
                      type=&quot;checkbox&quot;
                    /&gt;
                     
                    Continue
                  &lt;/label&gt;
                  &lt;button
                    data-launch-btn=&quot;true&quot;
                  &gt;
                    LaunchIcon
                     
                    Launch
                  &lt;/button&gt;
                &lt;/div&gt;
                &lt;div&gt;
                  &lt;button
                    aria-label=&quot;Edit project&quot;
                  &gt;
                    EditIcon
                  &lt;/button&gt;
                  &lt;button
                    aria-label=&quot;Delete project&quot;
                  &gt;
                    DeleteIcon
                  &lt;/button&gt;
                &lt;/div&gt;
              &lt;/div&gt;
            &lt;/div&gt;
          &lt;/div&gt;
        &lt;/div&gt;
        &lt;hr
          sx=&quot;[object Object]&quot;
        /&gt;
      &lt;/div&gt;
      &lt;div&gt;
        &lt;p&gt;
          Other Projects
        &lt;/p&gt;
        &lt;div
          columns=&quot;2&quot;
          data-testid=&quot;mock-masonry&quot;
          spacing=&quot;2&quot;
        &gt;
          &lt;div
            class=&quot;project-card&quot;
            tabindex=&quot;0&quot;
          &gt;
            &lt;div
              sx=&quot;[object Object]&quot;
            &gt;
              &lt;button
                aria-label=&quot;Pin project&quot;
              &gt;
                StarBorderIcon
              &lt;/button&gt;
              &lt;div
                sx=&quot;[object Object]&quot;
              &gt;
                &lt;h2&gt;
                  Recent
                &lt;/h2&gt;
                &lt;div&gt;
                  FolderIcon
                  &lt;p&gt;
                    /path/to/project
                  &lt;/p&gt;
                &lt;/div&gt;
                &lt;div&gt;
                  &lt;div&gt;
                    &lt;span
                      color=&quot;primary&quot;
                      variant=&quot;outlined&quot;
                    &gt;
                      test
                    &lt;/span&gt;
                    &lt;span
                      color=&quot;primary&quot;
                      variant=&quot;outlined&quot;
                    &gt;
                      mock
                    &lt;/span&gt;
                  &lt;/div&gt;
                &lt;/div&gt;
                &lt;div&gt;
                  &lt;div&gt;
                    NotesIcon
                    &lt;p
                      font-weight=&quot;medium&quot;
                    &gt;
                      Notes
                    &lt;/p&gt;
                  &lt;/div&gt;
                  &lt;p&gt;
                    Test project notes
                  &lt;/p&gt;
                &lt;/div&gt;
              &lt;/div&gt;
              &lt;div
                sx=&quot;[object Object]&quot;
              &gt;
                &lt;div&gt;
                  &lt;label
                    sx=&quot;[object Object]&quot;
                  &gt;
                    &lt;input
                      type=&quot;checkbox&quot;
                    /&gt;
                     
                    Continue
                  &lt;/label&gt;
                  &lt;button
                    data-launch-btn=&quot;true&quot;
                  &gt;
                    LaunchIcon
                     
                    Launch
                  &lt;/button&gt;
                &lt;/div&gt;
                &lt;div&gt;
                  &lt;button
                    aria-label=&quot;Edit project&quot;
                  &gt;
                    EditIcon
                  &lt;/button&gt;
                  &lt;button
                    aria-label=&quot;Delete project&quot;
                  &gt;
                    DeleteIcon
                  &lt;/button&gt;
                &lt;/div&gt;
              &lt;/div&gt;
            &lt;/div&gt;
          &lt;/div&gt;
          &lt;div
            class=&quot;project-card&quot;
            tabindex=&quot;0&quot;
          &gt;
            &lt;div
              sx=&quot;[object Object]&quot;
            &gt;
              &lt;button
                aria-label=&quot;Pin project&quot;
              &gt;
                StarBorderIcon
              &lt;/button&gt;
              &lt;div
                sx=&quot;[object Object]&quot;
              &gt;
                &lt;h2&gt;
                  Unpinned
                &lt;/h2&gt;
                &lt;div&gt;
                  FolderIcon
                  &lt;p&gt;
                    /path/to/project
                  &lt;/p&gt;
                &lt;/div&gt;
                &lt;div&gt;
                  &lt;div&gt;
                    &lt;span
                      color=&quot;primary&quot;
                      variant=&quot;outlined&quot;
                    &gt;
                      test
                    &lt;/span&gt;
                    &lt;span
                      color=&quot;primary&quot;
                      variant=&quot;outlined&quot;
                    &gt;
                      mock
                    &lt;/span&gt;
                  &lt;/div&gt;
                &lt;/div&gt;
                &lt;div&gt;
                  &lt;div&gt;
                    NotesIcon
                    &lt;p
                      font-weight=&quot;medium&quot;
                    &gt;
                      Notes
                    &lt;/p&gt;
                  &lt;/div&gt;
                  &lt;p&gt;
                    Test project notes
                  &lt;/p&gt;
                &lt;/div&gt;
              &lt;/div&gt;
              &lt;div
                sx=&quot;[object Object]&quot;
              &gt;
                &lt;div&gt;
                  &lt;label
                    sx=&quot;[object Object]&quot;
                  &gt;
                    &lt;input
                      type=&quot;checkbox&quot;
                    /&gt;
                     
                    Continue
                  &lt;/label&gt;
                  &lt;button
                    data-launch-btn=&quot;true&quot;
                  &gt;
                    LaunchIcon
                     
                    Launch
                  &lt;/button&gt;
                &lt;/div&gt;
                &lt;div&gt;
                  &lt;button
                    aria-label=&quot;Edit project&quot;
                  &gt;
                    EditIcon
                  &lt;/button&gt;
                  &lt;button
                    aria-label=&quot;Delete project&quot;
                  &gt;
                    DeleteIcon
                  &lt;/button&gt;
                &lt;/div&gt;
              &lt;/div&gt;
            &lt;/div&gt;
          &lt;/div&gt;
        &lt;/div&gt;
      &lt;/div&gt;
    &lt;/div&gt;
  &lt;/div&gt;
&lt;/body&gt;
 ❯ Object.getElementError node_modules/@testing-library/react/node_modules/@testing-library/dom/dist/config.js:37:19
 ❯ node_modules/@testing-library/react/node_modules/@testing-library/dom/dist/query-helpers.js:76:38
 ❯ node_modules/@testing-library/react/node_modules/@testing-library/dom/dist/query-helpers.js:109:15
 ❯ src/components/ProjectGrid.test.jsx:331:31
            </failure>
        </testcase>
    </testsuite>
    <testsuite name="src/test/react.test.jsx" timestamp="2025-07-15T10:13:27.044Z" hostname="Gab-ROG" tests="1" failures="0" errors="0" skipped="0" time="0.008423945">
        <testcase classname="src/test/react.test.jsx" name="React Test Environment &gt; should render a simple component" time="0.007690866">
        </testcase>
    </testsuite>
    <testsuite name="src/test/integration/App.integration.test.jsx" timestamp="2025-07-15T10:13:27.045Z" hostname="Gab-ROG" tests="11" failures="2" errors="0" skipped="0" time="10.51277396">
        <testcase classname="src/test/integration/App.integration.test.jsx" name="App Integration Tests &gt; Application Initialization &gt; should load projects and settings on startup" time="0.551927359">
        </testcase>
        <testcase classname="src/test/integration/App.integration.test.jsx" name="App Integration Tests &gt; Application Initialization &gt; should handle database initialization failure" time="0.137930878">
        </testcase>
        <testcase classname="src/test/integration/App.integration.test.jsx" name="App Integration Tests &gt; Project Management &gt; should add a new project via file dialog" time="1.99336522">
            <failure message="Unable to find an element with the text: new-project. This could be because the text is broken up by multiple elements. In this case, you can provide a function for your text matcher to make your matcher more flexible.

Ignored nodes: comments, script, style
[36m&lt;body&gt;[39m
  [36m&lt;div&gt;[39m
    [36m&lt;div&gt;[39m
      [36m&lt;header[39m
        [33melevation[39m=[32m&quot;0&quot;[39m
        [33mposition[39m=[32m&quot;static&quot;[39m
      [36m&gt;[39m
        [36m&lt;div&gt;[39m
          [36m&lt;div&gt;[39m
            [0mClaude Launcher[0m
          [36m&lt;/div&gt;[39m
          [36m&lt;input[39m
            [33mplaceholder[39m=[32m&quot;Search projects...&quot;[39m
            [33mvalue[39m=[32m&quot;&quot;[39m
          [36m/&gt;[39m
          [36m&lt;div[39m
            [33msx[39m=[32m&quot;[object Object]&quot;[39m
          [36m&gt;[39m
            [36m&lt;label&gt;[39m
              [0mSort by[0m
            [36m&lt;/label&gt;[39m
            [36m&lt;select[39m
              [33mrole[39m=[32m&quot;combobox&quot;[39m
            [36m&gt;[39m
              [36m&lt;option[39m
                [33mrole[39m=[32m&quot;option&quot;[39m
                [33mvalue[39m=[32m&quot;recent&quot;[39m
              [36m&gt;[39m
                [0mRecently Used[0m
              [36m&lt;/option&gt;[39m
              [36m&lt;option[39m
                [33mrole[39m=[32m&quot;option&quot;[39m
                [33mvalue[39m=[32m&quot;name&quot;[39m
              [36m&gt;[39m
                [0mName (A-Z)[0m
              [36m&lt;/option&gt;[39m
            [36m&lt;/select&gt;[39m
          [36m&lt;/div&gt;[39m
          [36m&lt;button[39m
            [33maria-label[39m=[32m&quot;Refresh projects&quot;[39m
          [36m&gt;[39m
            [0mRefreshIcon[0m
          [36m&lt;/button&gt;[39m
          [36m&lt;button[39m
            [33maria-label[39m=[32m&quot;Switch to dark theme&quot;[39m
          [36m&gt;[39m
            [0mDarkModeIcon[0m
          [36m&lt;/button&gt;[39m
        [36m&lt;/div&gt;[39m
      [36m&lt;/header&gt;[39m
      [36m&lt;div[39m
        [33msx[39m=[32m&quot;[object Object]&quot;[39m
      [36m&gt;[39m
        [36m&lt;div&gt;[39m
          [36m&lt;div&gt;[39m
            [36m&lt;p&gt;[39m
              [0mFilter by Tags:[0m
            [36m&lt;/p&gt;[39m
          [36m&lt;/div&gt;[39m
          [36m&lt;div&gt;[39m
            [36m&lt;span[39m
              [33mcolor[39m=[32m&quot;default&quot;[39m
              [33msx[39m=[32m&quot;[object Object]&quot;[39m
              [33mvariant[39m=[32m&quot;outlined&quot;[39m
            [36m&gt;[39m
              [0mpython[0m
            [36m&lt;/span&gt;[39m
            [36m&lt;span[39m
              [33mcolor[39m=[32m&quot;default&quot;[39m
              [33msx[39m=[32m&quot;[object Object]&quot;[39m
              [33mvariant[39m=[32m&quot;outlined&quot;[39m
            [36m&gt;[39m
              [0mreact[0m
            [36m&lt;/span&gt;[39m
            [36m&lt;span[39m
              [33mcolor[39m=[32m&quot;default&quot;[39m
              [33msx[39m=[32m&quot;[object Object]&quot;[39m
              [33mvariant[39m=[32m&quot;outlined&quot;[39m
            [36m&gt;[39m
              [0mtypescript[0m
            [36m&lt;/span&gt;[39m
          [36m&lt;/div&gt;[39m
        [36m&lt;/div&gt;[39m
        [36m&lt;div&gt;[39m
          [36m&lt;div&gt;[39m
            [36m&lt;p&gt;[39m
              [0mRecent Projects[0m
            [36m&lt;/p&gt;[39m
            [36m&lt;div[39m
              [33mcolumns[39m=[32m&quot;2&quot;[39m
              [33mdata-testid[39m=[32m&quot;mock-masonry&quot;[39m
              [33mspacing[39m=[32m&quot;2&quot;[39m
            [36m&gt;[39m
              [36m&lt;div[39m
                [33mclass[39m=[32m&quot;project-card&quot;[39m
                [33mtabindex[39m=[32m&quot;0&quot;[39m
              [36m&gt;[39m
                [36m&lt;div[39m
                  [33msx[39m=[32m&quot;[object Object]&quot;[39m
                [36m&gt;[39m
                  [36m&lt;button[39m
                    [33maria-label[39m=[32m&quot;Pin project&quot;[39m
                  [36m&gt;[39m
                    [0mStarBorderIcon[0m
                  [36m&lt;/button&gt;[39m
                  [36m&lt;div[39m
                    [33msx[39m=[32m&quot;[object Object]&quot;[39m
                  [36m&gt;[39m
                    [36m&lt;h2&gt;[39m
                      [0mProject 1[0m
                    [36m&lt;/h2&gt;[39m
                    [36m&lt;div&gt;[39m
                      [0mFolderIcon[0m
                      [36m&lt;p&gt;[39m
                        [0m/home/user/project1[0m
                      [36m&lt;/p&gt;[39m
                    [36m&lt;/div&gt;[39m
                    [36m&lt;div&gt;[39m
                      [36m&lt;div&gt;[39m
                        [36m&lt;span[39m
                          [33mcolor[39m=[32m&quot;primary&quot;[39m
                          [33mvariant[39m=[32m&quot;outlined&quot;[39m
                        [36m&gt;[39m
                          [0mreact[0m
                        [36m&lt;/span&gt;[39m
                        [36m&lt;span[39m
                          [33mcolor[39m=[32m&quot;primary&quot;[39m
                          [33mvariant[39m=[32m&quot;outlined&quot;[39m
                        [36m&gt;[39m
                          [0mtypescript[0m
                        [36m&lt;/span&gt;[39m
                      [36m&lt;/div&gt;[39m
                    [36m&lt;/div&gt;[39m
                    [36m&lt;div&gt;[39m
                      [36m&lt;div&gt;[39m
                        [0mNotesIcon[0m
                        [36m&lt;p[39m
                          [33mfont-weight[39m=[32m&quot;medium&quot;[39m
                        [36m&gt;[39m
                          [0mNotes[0m
                        [36m&lt;/p&gt;[39m
                      [36m&lt;/div&gt;[39m
                      [36m&lt;p&gt;[39m
                        [0mSample project notes[0m
                      [36m&lt;/p&gt;[39m
                    [36m&lt;/div&gt;[39m
                  [36m&lt;/div&gt;[39m
                  [36m&lt;div[39m
                    [33msx[39m=[32m&quot;[object Object]&quot;[39m
                  [36m&gt;[39m
                    [36m&lt;div&gt;[39m
                      [36m&lt;label[39m
                        [33msx[39m=[32m&quot;[object Object]&quot;[39m
                      [36m&gt;[39m
                        [36m&lt;input[39m
                          [33mtype[39m=[32m&quot;checkbox&quot;[39m
                        [36m/&gt;[39m
                        [0m [0m
                        [0mContinue[0m
                      [36m&lt;/label&gt;[39m
                      [36m&lt;button[39m
                        [33mdata-launch-btn[39m=[32m&quot;true&quot;[39m
                      [36m&gt;[39m
                        [0mLaunchIcon[0m
                        [0m [0m
                        [0mLaunch[0m
                      [36m&lt;/button&gt;[39m
                    [36m&lt;/div&gt;[39m
                    [36m&lt;div&gt;[39m
                      [36m&lt;button[39m
                        [33maria-label[39m=[32m&quot;Edit project&quot;[39m
                      [36m&gt;[39m
                        [0mEditIcon[0m
                      [36m&lt;/button&gt;[39m
                      [36m&lt;button[39m
                        [33maria-label[39m=[32m&quot;Delete project&quot;[39m
                      [36m&gt;[39m
                        [0mDeleteIcon[0m
                      [36m&lt;/button&gt;[39m
                    [36m&lt;/div&gt;[39m
                  [36m&lt;/div&gt;[39m
                [36m&lt;/div&gt;[39m
              [36m&lt;/div&gt;[39m
            [36m&lt;/div&gt;[39m
            [36m&lt;hr[39m
              [33msx[39m=[32m&quot;[object Object]&quot;[39m
            [36m/&gt;[39m
          [36m&lt;/div&gt;[39m
          [36m&lt;div&gt;[39m
            [36m&lt;p&gt;[39m
              [0mPinned Projects[0m
            [36m&lt;/p&gt;[39m
            [36m&lt;div[39m
              [33mcolumns[39m=[32m&quot;2&quot;[39m
              [33mdata-testid[39m=[32m&quot;mock-masonry&quot;[39m
              [33mspacing[39m=[32m&quot;2&quot;[39m
            [36m&gt;[39m
              [36m&lt;div[39m
                [33mclass[39m=[32m&quot;project-card&quot;[39m
                [33mtabindex[39m=[32m&quot;0&quot;[39m
              [36m&gt;[39m
                [36m&lt;div[39m
                  [33msx[39m=[32m&quot;[object Object]&quot;[39m
                [36m&gt;[39m
                  [36m&lt;button[39m
                    [33maria-label[39m=[32m&quot;Unpin project&quot;[39m
                  [36m&gt;[39m
                    [0mStarIcon[0m
                  [36m&lt;/button&gt;[39m
                  [36m&lt;div[39m
                    [33msx[39m=[32m&quot;[object Object]&quot;[39m
                  [36m&gt;[39m
                    [36m&lt;h2&gt;[39m
                      [0mProject 2[0m
                    [36m&lt;/h2&gt;[39m
                    [36m&lt;div&gt;[39m
                      [0mFolderIcon[0m
                      [36m&lt;p&gt;[39m
                        [0m/home/user/project2[0m
                      [36m&lt;/p&gt;[39m
                    [36m&lt;/div&gt;[39m
                    [36m&lt;div&gt;[39m
                      [36m&lt;div&gt;[39m
                        [36m&lt;span[39m
                          [33mcolor[39m=[32m&quot;primary&quot;[39m
                          [33mvariant[39m=[32m&quot;outlined&quot;[39m
                        [36m&gt;[39m
                          [0mpython[0m
                        [36m&lt;/span&gt;[39m
                      [36m&lt;/div&gt;[39m
                    [36m&lt;/div&gt;[39m
                    [36m&lt;div&gt;[39m
                      [36m&lt;div&gt;[39m
                        [0mNotesIcon[0m
                        [36m&lt;p[39m
                          [33mfont-weight[39m=[32m&quot;medium&quot;[39m
                        [36m&gt;[39m
                          [0mNotes[0m
                        [36m&lt;/p&gt;[39m
                      [36m&lt;/div&gt;[39m
                      [36m&lt;p[39m
                        [33mfont-style[39m=[32m&quot;italic&quot;[39m
                      [36m&gt;[39m
                        [0mNo notes yet[0m
                      [36m&lt;/p&gt;[39m
                    [36m&lt;/div&gt;[39m
                  [36m&lt;/div&gt;[39m
                  [36m&lt;div[39m
                    [33msx[39m=[32m&quot;[object Object]&quot;[39m
                  [36m&gt;[39m
                    [36m&lt;div&gt;[39m
                      [36m&lt;label[39m
                        [33msx[39m=[32m&quot;[object Object]&quot;[39m
                      [36m&gt;[39m
                        [36m&lt;input[39m
                          [33mtype[39m=[32m&quot;checkbox&quot;[39m
                        [36m/&gt;[39m
                        [0m [0m
                        [0mContinue[0m
                      [36m&lt;/label&gt;[39m
                      [36m&lt;button[39m
                        [33mdata-launch-btn[39m=[32m&quot;true&quot;[39m
                      [36m&gt;[39m
                        [0mLaunchIcon[0m
                        [0m [0m
                        [0mLaunch[0m
                      [36m&lt;/button&gt;[39m
                    [36m&lt;/div&gt;[39m
                    [36m&lt;div&gt;[39m
                      [36m&lt;button[39m
                        [33maria-label[39m=[32m&quot;Edit project&quot;[39m
                      [36m&gt;[39m
                        [0mEditIcon[0m
                      [36m&lt;/button&gt;[39m
                      [36m&lt;button[39m
                        [33maria-label[39m=[32m&quot;Delete project&quot;[39m
                      [36m&gt;[39m
                        [0mDeleteIcon[0m
                      [36m&lt;/button&gt;[39m
                    [36m&lt;/div&gt;[39m
                  [36m&lt;/div&gt;[39m
                [36m&lt;/div&gt;[39m
              [36m&lt;/div&gt;[39m
            [36m&lt;/div&gt;[39m
            [36m&lt;hr[39m
              [33msx[39m=[32m&quot;[object Object]&quot;[39m
            [36m/&gt;[39m
          [36m&lt;/div&gt;[39m
          [36m&lt;div&gt;[39m
            [36m&lt;p&gt;[39m
              [0mOther Projects[0m
            [36m&lt;/p&gt;[39m
            [36m&lt;div[39m
              [33mcolumns[39m=[32m&quot;2&quot;[39m
              [33mdata-testid[39m=[32m&quot;mock-masonry&quot;[39m
              [33mspacing[39m=[32m&quot;2&quot;[39m
            [36m&gt;[39m
              [36m&lt;div[39m
                [33mclass[39m=[32m&quot;project-card&quot;[39m
                [33mtabindex[39m=[32m&quot;0&quot;[39m
              [36m&gt;[39m
                [36m&lt;div[39m
                  [33msx[39m=[32m&quot;[object Object]&quot;[39m
                [36m&gt;[39m
                  [36m&lt;button[39m
                    [33maria-label[39m=[32m&quot;Pin project&quot;[39m
                  [36m&gt;[39m
                    [0mStarBorderIcon[0m
                  [36m&lt;/button&gt;[39m
                  [36m&lt;div[39m
                    [33msx[39m=[32m&quot;[object Object]&quot;[39m
                  [36m&gt;[39m
                    [36m&lt;h2&gt;[39m
                      [0mProject 1[0m
                    [36m&lt;/h2&gt;[39m
                    [36m&lt;div&gt;[39m
                      [0mFolderIcon[0m
                      [36m&lt;p&gt;[39m
                        [0m/home/user/project1[0m
                      [36m&lt;/p&gt;[39m
                    [36m&lt;/div&gt;[39m
                    [36m&lt;div&gt;[39m
                      [36m&lt;div&gt;[39m
                        [36m&lt;span[39m
                          [33mcolor[39m=[32m&quot;primary&quot;[39m
                          [33mvariant[39m=[32m&quot;outlined&quot;[39m
                        [36m&gt;[39m
                          [0mreact[0m
                        [36m&lt;/span&gt;[39m
                        [36m&lt;span[39m
                          [33mcolor[39m=[32m&quot;primary&quot;[39m
                          [33mvariant[39m=[32m&quot;outlined&quot;[39m
                        [36m&gt;[39m
                          [0mtypescript[0m
                        [36m&lt;/span&gt;[39m
                      [36m&lt;/div&gt;[39m
                    [36m&lt;/div&gt;[39m
                    [36m&lt;div&gt;[39m
                      [36m&lt;div&gt;[39m
                        [0mNotesIcon[0m
                        [36m&lt;p[39m
                          [33mfont-weight[39m=[32m&quot;medium&quot;[39m
                        [36m&gt;[39m
                          [0mNotes[0m
                        [36m&lt;/p&gt;[39m
                      [36m&lt;/div&gt;[39m
                      [36m&lt;p&gt;[39m
                        [0mSample project notes[0m
                      [36m&lt;/p&gt;[39m
                    [36m&lt;/div&gt;[39m
                  [36m&lt;/div&gt;[39m
                  [36m&lt;div[39m
                    [33msx[39m=[32m&quot;[object Object]&quot;[39m
                  [36m&gt;[39m
                    [36m&lt;div&gt;[39m
                      [36m&lt;label[39m
                        [33msx[39m=[32m&quot;[object Object]&quot;[39m
                      [36m&gt;[39m
                        [36m&lt;input[39m
                          [33mtype[39m=[32m&quot;checkbox&quot;[39m
                        [36m/&gt;[39m
                        [0m [0m
                        [0mContinue[0m
                      [36m&lt;/label&gt;[39m
                      [36m&lt;button[39m
                        [33mdata-launch-btn[39m=[32m&quot;true&quot;[39m
                      [36m&gt;[39m
                        [0mLaunchIcon[0m
                        [0m [0m
                        [0mLaunch[0m
                      [36m&lt;/button&gt;[39m
                    [36m&lt;/div&gt;[39m
                    [36m&lt;div&gt;[39m
                      [36m&lt;button[39m
                        [33maria-label[39m=[32m&quot;Edit project&quot;[39m
                      [36m&gt;[39m
                        [0mEditIcon[0m
                      [36m&lt;/button&gt;[39m
                      [36m&lt;button[39m
                        [33maria-label[39m=[32m&quot;Delete project&quot;[39m
                      [36m&gt;[39m
                        [0mDeleteIcon[0m
                      [36m&lt;/button&gt;[39m
                    [36m&lt;/div&gt;[39m
                  [36m&lt;/div&gt;[39m
                [36m&lt;/div&gt;[39m
              [36m&lt;/div&gt;[39m
            [36m&lt;/div&gt;[39m
          [36m&lt;/div&gt;[39m
        [36m&lt;/div&gt;[39m
      [36m&lt;/div&gt;[39m
      [36m&lt;button[39m
        [33maria-label[39m=[32m&quot;add&quot;[39m
        [33mcolor[39m=[32m&quot;primary&quot;[39m
        [33msx[39m=[32m&quot;[object Object]&quot;[39m
      [36m&gt;[39m
        [0mAddIcon[0m
      [36m&lt;/button&gt;[39m
      [36m&lt;div&gt;[39m
        [36m&lt;div[39m
          [33mrole[39m=[32m&quot;alert&quot;[39m
          [33mseverity[39m=[32m&quot;success&quot;[39m
          [33msx[39m=[32m&quot;[object Object]&quot;[39m
        [36m&gt;[39m
          [0mAdded project: new-project[0m
        [36m&lt;/div&gt;[39m
      [36m&lt;/div&gt;[39m
    [36m&lt;/div&gt;[39m
  [36m&lt;/div&gt;[39m
[36m&lt;/body&gt;[39m

Ignored nodes: comments, script, style
[36m&lt;html&gt;[39m
  [36m&lt;head /&gt;[39m
  [36m&lt;body&gt;[39m
    [36m&lt;div&gt;[39m
      [36m&lt;div&gt;[39m
        [36m&lt;header[39m
          [33melevation[39m=[32m&quot;0&quot;[39m
          [33mposition[39m=[32m&quot;static&quot;[39m
        [36m&gt;[39m
          [36m&lt;div&gt;[39m
            [36m&lt;div&gt;[39m
              [0mClaude Launcher[0m
            [36m&lt;/div&gt;[39m
            [36m&lt;input[39m
              [33mplaceholder[39m=[32m&quot;Search projects...&quot;[39m
              [33mvalue[39m=[32m&quot;&quot;[39m
            [36m/&gt;[39m
            [36m&lt;div[39m
              [33msx[39m=[32m&quot;[object Object]&quot;[39m
            [36m&gt;[39m
              [36m&lt;label&gt;[39m
                [0mSort by[0m
              [36m&lt;/label&gt;[39m
              [36m&lt;select[39m
                [33mrole[39m=[32m&quot;combobox&quot;[39m
              [36m&gt;[39m
                [36m&lt;option[39m
                  [33mrole[39m=[32m&quot;option&quot;[39m
                  [33mvalue[39m=[32m&quot;recent&quot;[39m
                [36m&gt;[39m
                  [0mRecently Used[0m
                [36m&lt;/option&gt;[39m
                [36m&lt;option[39m
                  [33mrole[39m=[32m&quot;option&quot;[39m
                  [33mvalue[39m=[32m&quot;name&quot;[39m
                [36m&gt;[39m
                  [0mName (A-Z)[0m
                [36m&lt;/option&gt;[39m
              [36m&lt;/select&gt;[39m
            [36m&lt;/div&gt;[39m
            [36m&lt;button[39m
              [33maria-label[39m=[32m&quot;Refresh projects&quot;[39m
            [36m&gt;[39m
              [0mRefreshIcon[0m
            [36m&lt;/button&gt;[39m
            [36m&lt;button[39m
              [33maria-label[39m=[32m&quot;Switch to dark theme&quot;[39m
            [36m&gt;[39m
              [0mDarkModeIcon[0m
            [36m&lt;/button&gt;[39m
          [36m&lt;/div&gt;[39m
        [36m&lt;/header&gt;[39m
        [36m&lt;div[39m
          [33msx[39m=[32m&quot;[object Object]&quot;[39m
        [36m&gt;[39m
          [36m&lt;div&gt;[39m
            [36m&lt;div&gt;[39m
              [36m&lt;p&gt;[39m
                [0mFilter by Tags:[0m
              [36m&lt;/p&gt;[39m
            [36m&lt;/div&gt;[39m
            [36m&lt;div&gt;[39m
              [36m&lt;span[39m
                [33mcolor[39m=[32m&quot;default&quot;[39m
                [33msx[39m=[32m&quot;[object Object]&quot;[39m
                [33mvariant[39m=[32m&quot;outlined&quot;[39m
              [36m&gt;[39m
                [0mpython[0m
              [36m&lt;/span&gt;[39m
              [36m&lt;span[39m
                [33mcolor[39m=[32m&quot;default&quot;[39m
                [33msx[39m=[32m&quot;[object Object]&quot;[39m
                [33mvariant[39m=[32m&quot;outlined&quot;[39m
              [36m&gt;[39m
                [0mreact[0m
              [36m&lt;/span&gt;[39m
              [36m&lt;span[39m
                [33mcolor[39m=[32m&quot;default&quot;[39m
                [33msx[39m=[32m&quot;[object Object]&quot;[39m
                [33mvariant[39m=[32m&quot;outlined&quot;[39m
              [36m&gt;[39m
                [0mtypescript[0m
              [36m&lt;/span&gt;[39m
            [36m&lt;/div&gt;[39m
          [36m&lt;/div&gt;[39m
          [36m&lt;div&gt;[39m
            [36m&lt;div&gt;[39m
              [36m&lt;p&gt;[39m
                [0mRecent Projects[0m
              [36m&lt;/p&gt;[39m
              [36m&lt;div[39m
                [33mcolumns[39m=[32m&quot;2&quot;[39m
                [33mdata-testid[39m=[32m&quot;mock-masonry&quot;[39m
                [33mspacing[39m=[32m&quot;2&quot;[39m
              [36m&gt;[39m
                [36m&lt;div[39m
                  [33mclass[39m=[32m&quot;project-card&quot;[39m
                  [33mtabindex[39m=[32m&quot;0&quot;[39m
                [36m&gt;[39m
                  [36m&lt;div[39m
                    [33msx[39m=[32m&quot;[object Object]&quot;[39m
                  [36m&gt;[39m
                    [36m&lt;button[39m
                      [33maria-label[39m=[32m&quot;Pin project&quot;[39m
                    [36m&gt;[39m
                      [0mStarBorderIcon[0m
                    [36m&lt;/button&gt;[39m
                    [36m&lt;div[39m
                      [33msx[39m=[32m&quot;[object Object]&quot;[39m
                    [36m&gt;[39m
                      [36m&lt;h2&gt;[39m
                        [0mProject 1[0m
                      [36m&lt;/h2&gt;[39m
                      [36m&lt;div&gt;[39m
                        [0mFolderIcon[0m
                        [36m&lt;p&gt;[39m
                          [0m/home/user/project1[0m
                        [36m&lt;/p&gt;[39m
                      [36m&lt;/div&gt;[39m
                      [36m&lt;div&gt;[39m
                        [36m&lt;div&gt;[39m
                          [36m&lt;span[39m
                            [33mcolor[39m=[32m&quot;primary&quot;[39m
                            [33mvariant[39m=[32m&quot;outlined&quot;[39m
                          [36m&gt;[39m
                            [0mreact[0m
                          [36m&lt;/span&gt;[39m
                          [36m&lt;span[39m
                            [33mcolor[39m=[32m&quot;primary&quot;[39m
                            [33mvariant[39m=[32m&quot;outlined&quot;[39m
                          [36m&gt;[39m
                            [0mtypescript[0m
                          [36m&lt;/span&gt;[39m
                        [36m&lt;/div&gt;[39m
                      [36m&lt;/div&gt;[39m
                      [36m&lt;div&gt;[39m
                        [36m&lt;div&gt;[39m
                          [0mNotesIcon[0m
                          [36m&lt;p[39m
                            [33mfont-weight[39m=[32m&quot;medium&quot;[39m
                          [36m&gt;[39m
                            [0mNotes[0m
                          [36m&lt;/p&gt;[39m
                        [36m&lt;/div&gt;[39m
                        [36m&lt;p&gt;[39m
                          [0mSample project notes[0m
                        [36m&lt;/p&gt;[39m
                      [36m&lt;/div&gt;[39m
                    [36m&lt;/div&gt;[39m
                    [36m&lt;div[39m
                      [33msx[39m=[32m&quot;[object Object]&quot;[39m
                    [36m&gt;[39m
                      [36m&lt;div&gt;[39m
                        [36m&lt;label[39m
                          [33msx[39m=[32m&quot;[object Object]&quot;[39m
                        [36m&gt;[39m
                          [36m&lt;input[39m
                            [33mtype[39m=[32m&quot;checkbox&quot;[39m
                          [36m/&gt;[39m
                          [0m [0m
                          [0mContinue[0m
                        [36m&lt;/label&gt;[39m
                        [36m&lt;button[39m
                          [33mdata-launch-btn[39m=[32m&quot;true&quot;[39m
                        [36m&gt;[39m
                          [0mLaunchIcon[0m
                          [0m [0m
                          [0mLaunch[0m
                        [36m&lt;/button&gt;[39m
                      [36m&lt;/div&gt;[39m
                      [36m&lt;div&gt;[39m
                        [36m&lt;button[39m
                          [33maria-label[39m=[32m&quot;Edit project&quot;[39m
                        [36m&gt;[39m
                          [0mEditIcon[0m
                        [36m&lt;/button&gt;[39m
                        [36m&lt;button[39m
                          [33maria-label[39m=[32m&quot;Delete project&quot;[39m
                        [36m&gt;[39m
                          [0mDeleteIcon[0m
                        [36m&lt;/button&gt;[39m
                      [36m&lt;/div&gt;[39m
                    [36m&lt;/div&gt;[39m
                  [36m&lt;/div&gt;[39m
                [36m&lt;/div&gt;[39m
              [36m&lt;/div&gt;[39m
              [36m&lt;hr[39m
                [33msx[39m=[32m&quot;[object Object]&quot;[39m
              [36m/&gt;[39m
            [36m&lt;/div&gt;[39m
            [36m&lt;div&gt;[39m
              [36m&lt;p&gt;[39m
                [0mPinned Projects[0m
              [36m&lt;/p&gt;[39m
              [36m&lt;div[39m
                [33mcolumns[39m=[32m&quot;2&quot;[39m
                [33mdata-testid[39m=[32m&quot;mock-masonry&quot;[39m
                [33mspacing[39m=[32m&quot;2&quot;[39m
              [36m&gt;[39m
                [36m&lt;div[39m
                  [33mclass[39m=[32m&quot;project-card&quot;[39m
                  [33mtabindex[39m=[32m&quot;0&quot;[39m
                [36m&gt;[39m
                  [36m&lt;div[39m
                    [33msx[39m=[32m&quot;[object Object]&quot;[39m
                  [36m&gt;[39m
                    [36m&lt;button[39m
                      [33maria-label[39m=[32m&quot;Unpin project&quot;[39m
                    [36m&gt;[39m
                      [0mStarIcon[0m
                    [36m&lt;/button&gt;[39m
                    [36m&lt;div[39m
                      [33msx[39m=[32m&quot;[object Object]&quot;[39m
                    [36m&gt;[39m
                      [36m&lt;h2&gt;[39m
                        [0mProject 2[0m
                      [36m&lt;/h2&gt;[39m
                      [36m&lt;div&gt;[39m
                        [0mFolderIcon[0m
                        [36m&lt;p&gt;[39m
                          [0m/home/user/project2[0m
                        [36m&lt;/p&gt;[39m
                      [36m&lt;/div&gt;[39m
                      [36m&lt;div&gt;[39m
                        [36m&lt;div&gt;[39m
                          [36m&lt;span[39m
                            [33mcolor[39m=[32m&quot;primary&quot;[39m
                            [33mvariant[39m=[32m&quot;outlined&quot;[39m
                          [36m&gt;[39m
                            [0mpython[0m
                          [36m&lt;/span&gt;[39m
                        [36m&lt;/div&gt;[39m
                      [36m&lt;/div&gt;[39m
                      [36m&lt;div&gt;[39m
                        [36m&lt;div&gt;[39m
                          [0mNotesIcon[0m
                          [36m&lt;p[39m
                            [33mfont-weight[39m=[32m&quot;medium&quot;[39m
                          [36m&gt;[39m
                            [0mNotes[0m
                          [36m&lt;/p&gt;[39m
                        [36m&lt;/div&gt;[39m
                        [36m&lt;p[39m
                          [33mfont-style[39m=[32m&quot;italic&quot;[39m
                        [36m&gt;[39m
                          [0mNo notes yet[0m
                        [36m&lt;/p&gt;[39m
                      [36m&lt;/div&gt;[39m
                    [36m&lt;/div&gt;[39m
                    [36m&lt;div[39m
                      [33msx[39m=[32m&quot;[object Object]&quot;[39m
                    [36m&gt;[39m
                      [36m&lt;div&gt;[39m
                        [36m&lt;label[39m
                          [33msx[39m=[32m&quot;[object Object]&quot;[39m
                        [36m&gt;[39m
                          [36m&lt;input[39m
                            [33mtype[39m=[32m&quot;checkbox&quot;[39m
                          [36m/&gt;[39m
                          [0m [0m
                          [0mContinue[0m
                        [36m&lt;/label&gt;[39m
                        [36m&lt;button[39m
                          [33mdata-launch-btn[39m=[32m&quot;true&quot;[39m
                        [36m&gt;[39m
                          [0mLaunchIcon[0m
                          [0m [0m
                          [0mLaunch[0m
                        [36m&lt;/button&gt;[39m
                      [36m&lt;/div&gt;[39m
                      [36m&lt;div&gt;[39m
                        [36m&lt;button[39m
                          [33maria-label[39m=[32m&quot;Edit project&quot;[39m
                        [36m&gt;[39m
                          [0mEditIcon[0m
                        [36m&lt;/button&gt;[39m
                        [36m&lt;button[39m
                          [33maria-label[39m=[32m&quot;Delete project&quot;[39m
                        [36m&gt;[39m
                          [0mDeleteIcon[0m
                        [36m&lt;/button&gt;[39m
                      [36m&lt;/div&gt;[39m
                    [36m&lt;/div&gt;[39m
                  [36m&lt;/div&gt;[39m
                [36m&lt;/div&gt;[39m
              [36m&lt;/div&gt;[39m
              [36m&lt;hr[39m
                [33msx[39m=[32m&quot;[object Object]&quot;[39m
              [36m/&gt;[39m
            [36m&lt;/div&gt;[39m
            [36m&lt;div&gt;[39m
              [36m&lt;p&gt;[39m
                [0mOther Projects[0m
              [36m&lt;/p&gt;[39m
              [36m&lt;div[39m
                [33mcolumns[39m=[32m&quot;2&quot;[39m
                [33mdata-testid[39m=[32m&quot;mock-masonry&quot;[39m
                [33mspacing[39m=[32m&quot;2&quot;[39m
              [36m&gt;[39m
                [36m&lt;div[39m
                  [33mclass[39m=[32m&quot;project-card&quot;[39m
                  [33mtabindex[39m=[32m&quot;0&quot;[39m
                [36m&gt;[39m
                  [36m&lt;div[39m
                    [33msx[39m=[32m&quot;[object Object]&quot;[39m
                  [36m&gt;[39m
                    [36m&lt;button[39m
                      [33maria-label[39m=[32m&quot;Pin project&quot;[39m
                    [36m&gt;[39m
                      [0mStarBorderIcon[0m
                    [36m&lt;/button&gt;[39m
                    [36m&lt;div[39m
                      [33msx[39m=[32m&quot;[object Object]&quot;[39m
                    [36m&gt;[39m
                      [36m&lt;h2&gt;[39m
                        [0mProject 1[0m
                      [36m&lt;/h2&gt;[39m
                      [36m&lt;div&gt;[39m
                        [0mFolderIcon[0m
                        [36m&lt;p&gt;[39m
                          [0m/home/user/project1[0m
                        [36m&lt;/p&gt;[39m
                      [36m&lt;/div&gt;[39m
                      [36m&lt;div&gt;[39m
                        [36m&lt;div&gt;[39m
                          [36m&lt;span[39m
                            [33mcolor[39m=[32m&quot;primary&quot;[39m
                            [33mvariant[39m=[32m&quot;outlined&quot;[39m
                          [36m&gt;[39m
                            [0mreact[0m
                          [36m&lt;/span&gt;[39m
                          [36m&lt;span[39m
                            [33mcolor[39m=[32m&quot;primary&quot;[39m
                            [33mvariant[39m=[32m&quot;outlined&quot;[39m
                          [36m&gt;[39m
                            [0mtypescript[0m
                          [36m&lt;/span&gt;[39m
                        [36m&lt;/div&gt;[39m
                      [36m&lt;/div&gt;[39m
                      [36m&lt;div&gt;[39m
                        [36m&lt;div&gt;[39m
                          [0mNotesIcon[0m
                          [36m&lt;p[39m
                            [33mfont-weight[39m=[32m&quot;medium&quot;[39m
                          [36m&gt;[39m
                            [0mNotes[0m
                          [36m&lt;/p&gt;[39m
                        [36m&lt;/div&gt;[39m
                        [36m&lt;p&gt;[39m
                          [0mSample project notes[0m
                        [36m&lt;/p&gt;[39m
                      [36m&lt;/div&gt;[39m
                    [36m&lt;/div&gt;[39m
                    [36m&lt;div[39m
                      [33msx[39m=[32m&quot;[object Object]&quot;[39m
                    [36m&gt;[39m
                      [36m&lt;div&gt;[39m
                        [36m&lt;label[39m
                          [33msx[39m=[32m&quot;[object Object]&quot;[39m
                        [36m&gt;[39m
                          [36m&lt;input[39m
                            [33mtype[39m=[32m&quot;checkbox&quot;[39m
                          [36m/&gt;[39m
                          [0m [0m
                          [0mContinue[0m
                        [36m&lt;/label&gt;[39m
                        [36m&lt;button[39m
                          [33mdata-launch-btn[39m=[32m&quot;true&quot;[39m
                        [36m&gt;[39m
                          [0mLaunchIcon[0m
                          [0m [0m
                          [0mLaunch[0m
                        [36m&lt;/button&gt;[39m
                      [36m&lt;/div&gt;[39m
                      [36m&lt;div&gt;[39m
                        [36m&lt;button[39m
                          [33maria-label[39m=[32m&quot;Edit project&quot;[39m
                        [36m&gt;[39m
                          [0mEditIcon[0m
                        [36m&lt;/button&gt;[39m
                        [36m&lt;button[39m
                          [33maria-label[39m=[32m&quot;Delete project&quot;[39m
                        [36m&gt;[39m
                          [0mDeleteIcon[0m
                        [36m&lt;/button&gt;[39m
                      [36m&lt;/div&gt;[39m
                    [36m&lt;/div&gt;[39m
                  [36m&lt;/div&gt;[39m
                [36m&lt;/div&gt;[39m
              [36m&lt;/div&gt;[39m
            [36m&lt;/div&gt;[39m
          [36m&lt;/div&gt;[39m
        [36m&lt;/div&gt;[39m
        [36m&lt;button[39m
          [33maria-label[39m=[32m&quot;add&quot;[39m
          [33mcolor[39m=[32m&quot;primary&quot;[39m
          [33msx[39m=[32m&quot;[object Object]&quot;[39m
        [36m&gt;[39m
          [0mAddIcon[0m
        [36m&lt;/button&gt;[39m
        [36m&lt;div&gt;[39m
          [36m&lt;div[39m
            [33mrole[39m=[32m&quot;alert&quot;[39m
            [33mseverity[39m=[32m&quot;success&quot;[39m
            [33msx[39m=[32m&quot;[object Object]&quot;[39m
          [36m&gt;[39m
            [0mAdded project: new-project[0m
          [36m&lt;/div&gt;[39m
        [36m&lt;/div&gt;[39m
      [36m&lt;/div&gt;[39m
    [36m&lt;/div&gt;[39m
  [36m&lt;/body&gt;[39m
[36m&lt;/html&gt;[39m" type="TestingLibraryElementError">
TestingLibraryElementError: Unable to find an element with the text: new-project. This could be because the text is broken up by multiple elements. In this case, you can provide a function for your text matcher to make your matcher more flexible.

Ignored nodes: comments, script, style
&lt;body&gt;
  &lt;div&gt;
    &lt;div&gt;
      &lt;header
        elevation=&quot;0&quot;
        position=&quot;static&quot;
      &gt;
        &lt;div&gt;
          &lt;div&gt;
            Claude Launcher
          &lt;/div&gt;
          &lt;input
            placeholder=&quot;Search projects...&quot;
            value=&quot;&quot;
          /&gt;
          &lt;div
            sx=&quot;[object Object]&quot;
          &gt;
            &lt;label&gt;
              Sort by
            &lt;/label&gt;
            &lt;select
              role=&quot;combobox&quot;
            &gt;
              &lt;option
                role=&quot;option&quot;
                value=&quot;recent&quot;
              &gt;
                Recently Used
              &lt;/option&gt;
              &lt;option
                role=&quot;option&quot;
                value=&quot;name&quot;
              &gt;
                Name (A-Z)
              &lt;/option&gt;
            &lt;/select&gt;
          &lt;/div&gt;
          &lt;button
            aria-label=&quot;Refresh projects&quot;
          &gt;
            RefreshIcon
          &lt;/button&gt;
          &lt;button
            aria-label=&quot;Switch to dark theme&quot;
          &gt;
            DarkModeIcon
          &lt;/button&gt;
        &lt;/div&gt;
      &lt;/header&gt;
      &lt;div
        sx=&quot;[object Object]&quot;
      &gt;
        &lt;div&gt;
          &lt;div&gt;
            &lt;p&gt;
              Filter by Tags:
            &lt;/p&gt;
          &lt;/div&gt;
          &lt;div&gt;
            &lt;span
              color=&quot;default&quot;
              sx=&quot;[object Object]&quot;
              variant=&quot;outlined&quot;
            &gt;
              python
            &lt;/span&gt;
            &lt;span
              color=&quot;default&quot;
              sx=&quot;[object Object]&quot;
              variant=&quot;outlined&quot;
            &gt;
              react
            &lt;/span&gt;
            &lt;span
              color=&quot;default&quot;
              sx=&quot;[object Object]&quot;
              variant=&quot;outlined&quot;
            &gt;
              typescript
            &lt;/span&gt;
          &lt;/div&gt;
        &lt;/div&gt;
        &lt;div&gt;
          &lt;div&gt;
            &lt;p&gt;
              Recent Projects
            &lt;/p&gt;
            &lt;div
              columns=&quot;2&quot;
              data-testid=&quot;mock-masonry&quot;
              spacing=&quot;2&quot;
            &gt;
              &lt;div
                class=&quot;project-card&quot;
                tabindex=&quot;0&quot;
              &gt;
                &lt;div
                  sx=&quot;[object Object]&quot;
                &gt;
                  &lt;button
                    aria-label=&quot;Pin project&quot;
                  &gt;
                    StarBorderIcon
                  &lt;/button&gt;
                  &lt;div
                    sx=&quot;[object Object]&quot;
                  &gt;
                    &lt;h2&gt;
                      Project 1
                    &lt;/h2&gt;
                    &lt;div&gt;
                      FolderIcon
                      &lt;p&gt;
                        /home/user/project1
                      &lt;/p&gt;
                    &lt;/div&gt;
                    &lt;div&gt;
                      &lt;div&gt;
                        &lt;span
                          color=&quot;primary&quot;
                          variant=&quot;outlined&quot;
                        &gt;
                          react
                        &lt;/span&gt;
                        &lt;span
                          color=&quot;primary&quot;
                          variant=&quot;outlined&quot;
                        &gt;
                          typescript
                        &lt;/span&gt;
                      &lt;/div&gt;
                    &lt;/div&gt;
                    &lt;div&gt;
                      &lt;div&gt;
                        NotesIcon
                        &lt;p
                          font-weight=&quot;medium&quot;
                        &gt;
                          Notes
                        &lt;/p&gt;
                      &lt;/div&gt;
                      &lt;p&gt;
                        Sample project notes
                      &lt;/p&gt;
                    &lt;/div&gt;
                  &lt;/div&gt;
                  &lt;div
                    sx=&quot;[object Object]&quot;
                  &gt;
                    &lt;div&gt;
                      &lt;label
                        sx=&quot;[object Object]&quot;
                      &gt;
                        &lt;input
                          type=&quot;checkbox&quot;
                        /&gt;
                         
                        Continue
                      &lt;/label&gt;
                      &lt;button
                        data-launch-btn=&quot;true&quot;
                      &gt;
                        LaunchIcon
                         
                        Launch
                      &lt;/button&gt;
                    &lt;/div&gt;
                    &lt;div&gt;
                      &lt;button
                        aria-label=&quot;Edit project&quot;
                      &gt;
                        EditIcon
                      &lt;/button&gt;
                      &lt;button
                        aria-label=&quot;Delete project&quot;
                      &gt;
                        DeleteIcon
                      &lt;/button&gt;
                    &lt;/div&gt;
                  &lt;/div&gt;
                &lt;/div&gt;
              &lt;/div&gt;
            &lt;/div&gt;
            &lt;hr
              sx=&quot;[object Object]&quot;
            /&gt;
          &lt;/div&gt;
          &lt;div&gt;
            &lt;p&gt;
              Pinned Projects
            &lt;/p&gt;
            &lt;div
              columns=&quot;2&quot;
              data-testid=&quot;mock-masonry&quot;
              spacing=&quot;2&quot;
            &gt;
              &lt;div
                class=&quot;project-card&quot;
                tabindex=&quot;0&quot;
              &gt;
                &lt;div
                  sx=&quot;[object Object]&quot;
                &gt;
                  &lt;button
                    aria-label=&quot;Unpin project&quot;
                  &gt;
                    StarIcon
                  &lt;/button&gt;
                  &lt;div
                    sx=&quot;[object Object]&quot;
                  &gt;
                    &lt;h2&gt;
                      Project 2
                    &lt;/h2&gt;
                    &lt;div&gt;
                      FolderIcon
                      &lt;p&gt;
                        /home/user/project2
                      &lt;/p&gt;
                    &lt;/div&gt;
                    &lt;div&gt;
                      &lt;div&gt;
                        &lt;span
                          color=&quot;primary&quot;
                          variant=&quot;outlined&quot;
                        &gt;
                          python
                        &lt;/span&gt;
                      &lt;/div&gt;
                    &lt;/div&gt;
                    &lt;div&gt;
                      &lt;div&gt;
                        NotesIcon
                        &lt;p
                          font-weight=&quot;medium&quot;
                        &gt;
                          Notes
                        &lt;/p&gt;
                      &lt;/div&gt;
                      &lt;p
                        font-style=&quot;italic&quot;
                      &gt;
                        No notes yet
                      &lt;/p&gt;
                    &lt;/div&gt;
                  &lt;/div&gt;
                  &lt;div
                    sx=&quot;[object Object]&quot;
                  &gt;
                    &lt;div&gt;
                      &lt;label
                        sx=&quot;[object Object]&quot;
                      &gt;
                        &lt;input
                          type=&quot;checkbox&quot;
                        /&gt;
                         
                        Continue
                      &lt;/label&gt;
                      &lt;button
                        data-launch-btn=&quot;true&quot;
                      &gt;
                        LaunchIcon
                         
                        Launch
                      &lt;/button&gt;
                    &lt;/div&gt;
                    &lt;div&gt;
                      &lt;button
                        aria-label=&quot;Edit project&quot;
                      &gt;
                        EditIcon
                      &lt;/button&gt;
                      &lt;button
                        aria-label=&quot;Delete project&quot;
                      &gt;
                        DeleteIcon
                      &lt;/button&gt;
                    &lt;/div&gt;
                  &lt;/div&gt;
                &lt;/div&gt;
              &lt;/div&gt;
            &lt;/div&gt;
            &lt;hr
              sx=&quot;[object Object]&quot;
            /&gt;
          &lt;/div&gt;
          &lt;div&gt;
            &lt;p&gt;
              Other Projects
            &lt;/p&gt;
            &lt;div
              columns=&quot;2&quot;
              data-testid=&quot;mock-masonry&quot;
              spacing=&quot;2&quot;
            &gt;
              &lt;div
                class=&quot;project-card&quot;
                tabindex=&quot;0&quot;
              &gt;
                &lt;div
                  sx=&quot;[object Object]&quot;
                &gt;
                  &lt;button
                    aria-label=&quot;Pin project&quot;
                  &gt;
                    StarBorderIcon
                  &lt;/button&gt;
                  &lt;div
                    sx=&quot;[object Object]&quot;
                  &gt;
                    &lt;h2&gt;
                      Project 1
                    &lt;/h2&gt;
                    &lt;div&gt;
                      FolderIcon
                      &lt;p&gt;
                        /home/user/project1
                      &lt;/p&gt;
                    &lt;/div&gt;
                    &lt;div&gt;
                      &lt;div&gt;
                        &lt;span
                          color=&quot;primary&quot;
                          variant=&quot;outlined&quot;
                        &gt;
                          react
                        &lt;/span&gt;
                        &lt;span
                          color=&quot;primary&quot;
                          variant=&quot;outlined&quot;
                        &gt;
                          typescript
                        &lt;/span&gt;
                      &lt;/div&gt;
                    &lt;/div&gt;
                    &lt;div&gt;
                      &lt;div&gt;
                        NotesIcon
                        &lt;p
                          font-weight=&quot;medium&quot;
                        &gt;
                          Notes
                        &lt;/p&gt;
                      &lt;/div&gt;
                      &lt;p&gt;
                        Sample project notes
                      &lt;/p&gt;
                    &lt;/div&gt;
                  &lt;/div&gt;
                  &lt;div
                    sx=&quot;[object Object]&quot;
                  &gt;
                    &lt;div&gt;
                      &lt;label
                        sx=&quot;[object Object]&quot;
                      &gt;
                        &lt;input
                          type=&quot;checkbox&quot;
                        /&gt;
                         
                        Continue
                      &lt;/label&gt;
                      &lt;button
                        data-launch-btn=&quot;true&quot;
                      &gt;
                        LaunchIcon
                         
                        Launch
                      &lt;/button&gt;
                    &lt;/div&gt;
                    &lt;div&gt;
                      &lt;button
                        aria-label=&quot;Edit project&quot;
                      &gt;
                        EditIcon
                      &lt;/button&gt;
                      &lt;button
                        aria-label=&quot;Delete project&quot;
                      &gt;
                        DeleteIcon
                      &lt;/button&gt;
                    &lt;/div&gt;
                  &lt;/div&gt;
                &lt;/div&gt;
              &lt;/div&gt;
            &lt;/div&gt;
          &lt;/div&gt;
        &lt;/div&gt;
      &lt;/div&gt;
      &lt;button
        aria-label=&quot;add&quot;
        color=&quot;primary&quot;
        sx=&quot;[object Object]&quot;
      &gt;
        AddIcon
      &lt;/button&gt;
      &lt;div&gt;
        &lt;div
          role=&quot;alert&quot;
          severity=&quot;success&quot;
          sx=&quot;[object Object]&quot;
        &gt;
          Added project: new-project
        &lt;/div&gt;
      &lt;/div&gt;
    &lt;/div&gt;
  &lt;/div&gt;
&lt;/body&gt;

Ignored nodes: comments, script, style
&lt;html&gt;
  &lt;head /&gt;
  &lt;body&gt;
    &lt;div&gt;
      &lt;div&gt;
        &lt;header
          elevation=&quot;0&quot;
          position=&quot;static&quot;
        &gt;
          &lt;div&gt;
            &lt;div&gt;
              Claude Launcher
            &lt;/div&gt;
            &lt;input
              placeholder=&quot;Search projects...&quot;
              value=&quot;&quot;
            /&gt;
            &lt;div
              sx=&quot;[object Object]&quot;
            &gt;
              &lt;label&gt;
                Sort by
              &lt;/label&gt;
              &lt;select
                role=&quot;combobox&quot;
              &gt;
                &lt;option
                  role=&quot;option&quot;
                  value=&quot;recent&quot;
                &gt;
                  Recently Used
                &lt;/option&gt;
                &lt;option
                  role=&quot;option&quot;
                  value=&quot;name&quot;
                &gt;
                  Name (A-Z)
                &lt;/option&gt;
              &lt;/select&gt;
            &lt;/div&gt;
            &lt;button
              aria-label=&quot;Refresh projects&quot;
            &gt;
              RefreshIcon
            &lt;/button&gt;
            &lt;button
              aria-label=&quot;Switch to dark theme&quot;
            &gt;
              DarkModeIcon
            &lt;/button&gt;
          &lt;/div&gt;
        &lt;/header&gt;
        &lt;div
          sx=&quot;[object Object]&quot;
        &gt;
          &lt;div&gt;
            &lt;div&gt;
              &lt;p&gt;
                Filter by Tags:
              &lt;/p&gt;
            &lt;/div&gt;
            &lt;div&gt;
              &lt;span
                color=&quot;default&quot;
                sx=&quot;[object Object]&quot;
                variant=&quot;outlined&quot;
              &gt;
                python
              &lt;/span&gt;
              &lt;span
                color=&quot;default&quot;
                sx=&quot;[object Object]&quot;
                variant=&quot;outlined&quot;
              &gt;
                react
              &lt;/span&gt;
              &lt;span
                color=&quot;default&quot;
                sx=&quot;[object Object]&quot;
                variant=&quot;outlined&quot;
              &gt;
                typescript
              &lt;/span&gt;
            &lt;/div&gt;
          &lt;/div&gt;
          &lt;div&gt;
            &lt;div&gt;
              &lt;p&gt;
                Recent Projects
              &lt;/p&gt;
              &lt;div
                columns=&quot;2&quot;
                data-testid=&quot;mock-masonry&quot;
                spacing=&quot;2&quot;
              &gt;
                &lt;div
                  class=&quot;project-card&quot;
                  tabindex=&quot;0&quot;
                &gt;
                  &lt;div
                    sx=&quot;[object Object]&quot;
                  &gt;
                    &lt;button
                      aria-label=&quot;Pin project&quot;
                    &gt;
                      StarBorderIcon
                    &lt;/button&gt;
                    &lt;div
                      sx=&quot;[object Object]&quot;
                    &gt;
                      &lt;h2&gt;
                        Project 1
                      &lt;/h2&gt;
                      &lt;div&gt;
                        FolderIcon
                        &lt;p&gt;
                          /home/user/project1
                        &lt;/p&gt;
                      &lt;/div&gt;
                      &lt;div&gt;
                        &lt;div&gt;
                          &lt;span
                            color=&quot;primary&quot;
                            variant=&quot;outlined&quot;
                          &gt;
                            react
                          &lt;/span&gt;
                          &lt;span
                            color=&quot;primary&quot;
                            variant=&quot;outlined&quot;
                          &gt;
                            typescript
                          &lt;/span&gt;
                        &lt;/div&gt;
                      &lt;/div&gt;
                      &lt;div&gt;
                        &lt;div&gt;
                          NotesIcon
                          &lt;p
                            font-weight=&quot;medium&quot;
                          &gt;
                            Notes
                          &lt;/p&gt;
                        &lt;/div&gt;
                        &lt;p&gt;
                          Sample project notes
                        &lt;/p&gt;
                      &lt;/div&gt;
                    &lt;/div&gt;
                    &lt;div
                      sx=&quot;[object Object]&quot;
                    &gt;
                      &lt;div&gt;
                        &lt;label
                          sx=&quot;[object Object]&quot;
                        &gt;
                          &lt;input
                            type=&quot;checkbox&quot;
                          /&gt;
                           
                          Continue
                        &lt;/label&gt;
                        &lt;button
                          data-launch-btn=&quot;true&quot;
                        &gt;
                          LaunchIcon
                           
                          Launch
                        &lt;/button&gt;
                      &lt;/div&gt;
                      &lt;div&gt;
                        &lt;button
                          aria-label=&quot;Edit project&quot;
                        &gt;
                          EditIcon
                        &lt;/button&gt;
                        &lt;button
                          aria-label=&quot;Delete project&quot;
                        &gt;
                          DeleteIcon
                        &lt;/button&gt;
                      &lt;/div&gt;
                    &lt;/div&gt;
                  &lt;/div&gt;
                &lt;/div&gt;
              &lt;/div&gt;
              &lt;hr
                sx=&quot;[object Object]&quot;
              /&gt;
            &lt;/div&gt;
            &lt;div&gt;
              &lt;p&gt;
                Pinned Projects
              &lt;/p&gt;
              &lt;div
                columns=&quot;2&quot;
                data-testid=&quot;mock-masonry&quot;
                spacing=&quot;2&quot;
              &gt;
                &lt;div
                  class=&quot;project-card&quot;
                  tabindex=&quot;0&quot;
                &gt;
                  &lt;div
                    sx=&quot;[object Object]&quot;
                  &gt;
                    &lt;button
                      aria-label=&quot;Unpin project&quot;
                    &gt;
                      StarIcon
                    &lt;/button&gt;
                    &lt;div
                      sx=&quot;[object Object]&quot;
                    &gt;
                      &lt;h2&gt;
                        Project 2
                      &lt;/h2&gt;
                      &lt;div&gt;
                        FolderIcon
                        &lt;p&gt;
                          /home/user/project2
                        &lt;/p&gt;
                      &lt;/div&gt;
                      &lt;div&gt;
                        &lt;div&gt;
                          &lt;span
                            color=&quot;primary&quot;
                            variant=&quot;outlined&quot;
                          &gt;
                            python
                          &lt;/span&gt;
                        &lt;/div&gt;
                      &lt;/div&gt;
                      &lt;div&gt;
                        &lt;div&gt;
                          NotesIcon
                          &lt;p
                            font-weight=&quot;medium&quot;
                          &gt;
                            Notes
                          &lt;/p&gt;
                        &lt;/div&gt;
                        &lt;p
                          font-style=&quot;italic&quot;
                        &gt;
                          No notes yet
                        &lt;/p&gt;
                      &lt;/div&gt;
                    &lt;/div&gt;
                    &lt;div
                      sx=&quot;[object Object]&quot;
                    &gt;
                      &lt;div&gt;
                        &lt;label
                          sx=&quot;[object Object]&quot;
                        &gt;
                          &lt;input
                            type=&quot;checkbox&quot;
                          /&gt;
                           
                          Continue
                        &lt;/label&gt;
                        &lt;button
                          data-launch-btn=&quot;true&quot;
                        &gt;
                          LaunchIcon
                           
                          Launch
                        &lt;/button&gt;
                      &lt;/div&gt;
                      &lt;div&gt;
                        &lt;button
                          aria-label=&quot;Edit project&quot;
                        &gt;
                          EditIcon
                        &lt;/button&gt;
                        &lt;button
                          aria-label=&quot;Delete project&quot;
                        &gt;
                          DeleteIcon
                        &lt;/button&gt;
                      &lt;/div&gt;
                    &lt;/div&gt;
                  &lt;/div&gt;
                &lt;/div&gt;
              &lt;/div&gt;
              &lt;hr
                sx=&quot;[object Object]&quot;
              /&gt;
            &lt;/div&gt;
            &lt;div&gt;
              &lt;p&gt;
                Other Projects
              &lt;/p&gt;
              &lt;div
                columns=&quot;2&quot;
                data-testid=&quot;mock-masonry&quot;
                spacing=&quot;2&quot;
              &gt;
                &lt;div
                  class=&quot;project-card&quot;
                  tabindex=&quot;0&quot;
                &gt;
                  &lt;div
                    sx=&quot;[object Object]&quot;
                  &gt;
                    &lt;button
                      aria-label=&quot;Pin project&quot;
                    &gt;
                      StarBorderIcon
                    &lt;/button&gt;
                    &lt;div
                      sx=&quot;[object Object]&quot;
                    &gt;
                      &lt;h2&gt;
                        Project 1
                      &lt;/h2&gt;
                      &lt;div&gt;
                        FolderIcon
                        &lt;p&gt;
                          /home/user/project1
                        &lt;/p&gt;
                      &lt;/div&gt;
                      &lt;div&gt;
                        &lt;div&gt;
                          &lt;span
                            color=&quot;primary&quot;
                            variant=&quot;outlined&quot;
                          &gt;
                            react
                          &lt;/span&gt;
                          &lt;span
                            color=&quot;primary&quot;
                            variant=&quot;outlined&quot;
                          &gt;
                            typescript
                          &lt;/span&gt;
                        &lt;/div&gt;
                      &lt;/div&gt;
                      &lt;div&gt;
                        &lt;div&gt;
                          NotesIcon
                          &lt;p
                            font-weight=&quot;medium&quot;
                          &gt;
                            Notes
                          &lt;/p&gt;
                        &lt;/div&gt;
                        &lt;p&gt;
                          Sample project notes
                        &lt;/p&gt;
                      &lt;/div&gt;
                    &lt;/div&gt;
                    &lt;div
                      sx=&quot;[object Object]&quot;
                    &gt;
                      &lt;div&gt;
                        &lt;label
                          sx=&quot;[object Object]&quot;
                        &gt;
                          &lt;input
                            type=&quot;checkbox&quot;
                          /&gt;
                           
                          Continue
                        &lt;/label&gt;
                        &lt;button
                          data-launch-btn=&quot;true&quot;
                        &gt;
                          LaunchIcon
                           
                          Launch
                        &lt;/button&gt;
                      &lt;/div&gt;
                      &lt;div&gt;
                        &lt;button
                          aria-label=&quot;Edit project&quot;
                        &gt;
                          EditIcon
                        &lt;/button&gt;
                        &lt;button
                          aria-label=&quot;Delete project&quot;
                        &gt;
                          DeleteIcon
                        &lt;/button&gt;
                      &lt;/div&gt;
                    &lt;/div&gt;
                  &lt;/div&gt;
                &lt;/div&gt;
              &lt;/div&gt;
            &lt;/div&gt;
          &lt;/div&gt;
        &lt;/div&gt;
        &lt;button
          aria-label=&quot;add&quot;
          color=&quot;primary&quot;
          sx=&quot;[object Object]&quot;
        &gt;
          AddIcon
        &lt;/button&gt;
        &lt;div&gt;
          &lt;div
            role=&quot;alert&quot;
            severity=&quot;success&quot;
            sx=&quot;[object Object]&quot;
          &gt;
            Added project: new-project
          &lt;/div&gt;
        &lt;/div&gt;
      &lt;/div&gt;
    &lt;/div&gt;
  &lt;/body&gt;
&lt;/html&gt;
 ❯ Proxy.waitForWrapper node_modules/@testing-library/react/node_modules/@testing-library/dom/dist/wait-for.js:163:27
 ❯ src/test/integration/App.integration.test.jsx:200:13
            </failure>
        </testcase>
        <testcase classname="src/test/integration/App.integration.test.jsx" name="App Integration Tests &gt; Project Management &gt; should delete a project with confirmation" time="2.107720876">
        </testcase>
        <testcase classname="src/test/integration/App.integration.test.jsx" name="App Integration Tests &gt; Project Management &gt; should update project properties (pin, notes, tags)" time="1.147247014">
        </testcase>
        <testcase classname="src/test/integration/App.integration.test.jsx" name="App Integration Tests &gt; Search and Filtering &gt; should filter projects by search query" time="2.395674527">
        </testcase>
        <testcase classname="src/test/integration/App.integration.test.jsx" name="App Integration Tests &gt; Search and Filtering &gt; should filter projects by tag" time="0.768621209">
        </testcase>
        <testcase classname="src/test/integration/App.integration.test.jsx" name="App Integration Tests &gt; Settings Persistence &gt; should save and load theme preference" time="0.439106702">
        </testcase>
        <testcase classname="src/test/integration/App.integration.test.jsx" name="App Integration Tests &gt; Settings Persistence &gt; should save and load sort preference" time="0.334176759">
        </testcase>
        <testcase classname="src/test/integration/App.integration.test.jsx" name="App Integration Tests &gt; Project Launching &gt; should launch a project when clicked" time="0.335369478">
            <failure message="Unable to find an element with the text: Launch. This could be because the text is broken up by multiple elements. In this case, you can provide a function for your text matcher to make your matcher more flexible.

Ignored nodes: comments, script, style
[36m&lt;body&gt;[39m
  [36m&lt;div&gt;[39m
    [36m&lt;div&gt;[39m
      [36m&lt;header[39m
        [33melevation[39m=[32m&quot;0&quot;[39m
        [33mposition[39m=[32m&quot;static&quot;[39m
      [36m&gt;[39m
        [36m&lt;div&gt;[39m
          [36m&lt;div&gt;[39m
            [0mClaude Launcher[0m
          [36m&lt;/div&gt;[39m
          [36m&lt;input[39m
            [33mplaceholder[39m=[32m&quot;Search projects...&quot;[39m
            [33mvalue[39m=[32m&quot;&quot;[39m
          [36m/&gt;[39m
          [36m&lt;div[39m
            [33msx[39m=[32m&quot;[object Object]&quot;[39m
          [36m&gt;[39m
            [36m&lt;label&gt;[39m
              [0mSort by[0m
            [36m&lt;/label&gt;[39m
            [36m&lt;select[39m
              [33mrole[39m=[32m&quot;combobox&quot;[39m
            [36m&gt;[39m
              [36m&lt;option[39m
                [33mrole[39m=[32m&quot;option&quot;[39m
                [33mvalue[39m=[32m&quot;recent&quot;[39m
              [36m&gt;[39m
                [0mRecently Used[0m
              [36m&lt;/option&gt;[39m
              [36m&lt;option[39m
                [33mrole[39m=[32m&quot;option&quot;[39m
                [33mvalue[39m=[32m&quot;name&quot;[39m
              [36m&gt;[39m
                [0mName (A-Z)[0m
              [36m&lt;/option&gt;[39m
            [36m&lt;/select&gt;[39m
          [36m&lt;/div&gt;[39m
          [36m&lt;button[39m
            [33maria-label[39m=[32m&quot;Refresh projects&quot;[39m
          [36m&gt;[39m
            [0mRefreshIcon[0m
          [36m&lt;/button&gt;[39m
          [36m&lt;button[39m
            [33maria-label[39m=[32m&quot;Switch to dark theme&quot;[39m
          [36m&gt;[39m
            [0mDarkModeIcon[0m
          [36m&lt;/button&gt;[39m
        [36m&lt;/div&gt;[39m
      [36m&lt;/header&gt;[39m
      [36m&lt;div[39m
        [33msx[39m=[32m&quot;[object Object]&quot;[39m
      [36m&gt;[39m
        [36m&lt;div&gt;[39m
          [36m&lt;div&gt;[39m
            [36m&lt;p&gt;[39m
              [0mFilter by Tags:[0m
            [36m&lt;/p&gt;[39m
          [36m&lt;/div&gt;[39m
          [36m&lt;div&gt;[39m
            [36m&lt;span[39m
              [33mcolor[39m=[32m&quot;default&quot;[39m
              [33msx[39m=[32m&quot;[object Object]&quot;[39m
              [33mvariant[39m=[32m&quot;outlined&quot;[39m
            [36m&gt;[39m
              [0mpython[0m
            [36m&lt;/span&gt;[39m
            [36m&lt;span[39m
              [33mcolor[39m=[32m&quot;default&quot;[39m
              [33msx[39m=[32m&quot;[object Object]&quot;[39m
              [33mvariant[39m=[32m&quot;outlined&quot;[39m
            [36m&gt;[39m
              [0mreact[0m
            [36m&lt;/span&gt;[39m
            [36m&lt;span[39m
              [33mcolor[39m=[32m&quot;default&quot;[39m
              [33msx[39m=[32m&quot;[object Object]&quot;[39m
              [33mvariant[39m=[32m&quot;outlined&quot;[39m
            [36m&gt;[39m
              [0mtypescript[0m
            [36m&lt;/span&gt;[39m
          [36m&lt;/div&gt;[39m
        [36m&lt;/div&gt;[39m
        [36m&lt;div&gt;[39m
          [36m&lt;div&gt;[39m
            [36m&lt;p&gt;[39m
              [0mPinned Projects[0m
            [36m&lt;/p&gt;[39m
            [36m&lt;div[39m
              [33mcolumns[39m=[32m&quot;2&quot;[39m
              [33mdata-testid[39m=[32m&quot;mock-masonry&quot;[39m
              [33mspacing[39m=[32m&quot;2&quot;[39m
            [36m&gt;[39m
              [36m&lt;div[39m
                [33mclass[39m=[32m&quot;project-card&quot;[39m
                [33mtabindex[39m=[32m&quot;0&quot;[39m
              [36m&gt;[39m
                [36m&lt;div[39m
                  [33msx[39m=[32m&quot;[object Object]&quot;[39m
                [36m&gt;[39m
                  [36m&lt;button[39m
                    [33maria-label[39m=[32m&quot;Unpin project&quot;[39m
                  [36m&gt;[39m
                    [0mStarIcon[0m
                  [36m&lt;/button&gt;[39m
                  [36m&lt;div[39m
                    [33msx[39m=[32m&quot;[object Object]&quot;[39m
                  [36m&gt;[39m
                    [36m&lt;h2&gt;[39m
                      [0mProject 2[0m
                    [36m&lt;/h2&gt;[39m
                    [36m&lt;div&gt;[39m
                      [0mFolderIcon[0m
                      [36m&lt;p&gt;[39m
                        [0m/home/user/project2[0m
                      [36m&lt;/p&gt;[39m
                    [36m&lt;/div&gt;[39m
                    [36m&lt;div&gt;[39m
                      [36m&lt;div&gt;[39m
                        [36m&lt;span[39m
                          [33mcolor[39m=[32m&quot;primary&quot;[39m
                          [33mvariant[39m=[32m&quot;outlined&quot;[39m
                        [36m&gt;[39m
                          [0mpython[0m
                        [36m&lt;/span&gt;[39m
                      [36m&lt;/div&gt;[39m
                    [36m&lt;/div&gt;[39m
                    [36m&lt;div&gt;[39m
                      [36m&lt;div&gt;[39m
                        [0mNotesIcon[0m
                        [36m&lt;p[39m
                          [33mfont-weight[39m=[32m&quot;medium&quot;[39m
                        [36m&gt;[39m
                          [0mNotes[0m
                        [36m&lt;/p&gt;[39m
                      [36m&lt;/div&gt;[39m
                      [36m&lt;p[39m
                        [33mfont-style[39m=[32m&quot;italic&quot;[39m
                      [36m&gt;[39m
                        [0mNo notes yet[0m
                      [36m&lt;/p&gt;[39m
                    [36m&lt;/div&gt;[39m
                  [36m&lt;/div&gt;[39m
                  [36m&lt;div[39m
                    [33msx[39m=[32m&quot;[object Object]&quot;[39m
                  [36m&gt;[39m
                    [36m&lt;div&gt;[39m
                      [36m&lt;label[39m
                        [33msx[39m=[32m&quot;[object Object]&quot;[39m
                      [36m&gt;[39m
                        [36m&lt;input[39m
                          [33mtype[39m=[32m&quot;checkbox&quot;[39m
                        [36m/&gt;[39m
                        [0m [0m
                        [0mContinue[0m
                      [36m&lt;/label&gt;[39m
                      [36m&lt;button[39m
                        [33mdata-launch-btn[39m=[32m&quot;true&quot;[39m
                      [36m&gt;[39m
                        [0mLaunchIcon[0m
                        [0m [0m
                        [0mLaunch[0m
                      [36m&lt;/button&gt;[39m
                    [36m&lt;/div&gt;[39m
                    [36m&lt;div&gt;[39m
                      [36m&lt;button[39m
                        [33maria-label[39m=[32m&quot;Edit project&quot;[39m
                      [36m&gt;[39m
                        [0mEditIcon[0m
                      [36m&lt;/button&gt;[39m
                      [36m&lt;button[39m
                        [33maria-label[39m=[32m&quot;Delete project&quot;[39m
                      [36m&gt;[39m
                        [0mDeleteIcon[0m
                      [36m&lt;/button&gt;[39m
                    [36m&lt;/div&gt;[39m
                  [36m&lt;/div&gt;[39m
                [36m&lt;/div&gt;[39m
              [36m&lt;/div&gt;[39m
            [36m&lt;/div&gt;[39m
            [36m&lt;hr[39m
              [33msx[39m=[32m&quot;[object Object]&quot;[39m
            [36m/&gt;[39m
          [36m&lt;/div&gt;[39m
          [36m&lt;div&gt;[39m
            [36m&lt;p&gt;[39m
              [0mOther Projects[0m
            [36m&lt;/p&gt;[39m
            [36m&lt;div[39m
              [33mcolumns[39m=[32m&quot;2&quot;[39m
              [33mdata-testid[39m=[32m&quot;mock-masonry&quot;[39m
              [33mspacing[39m=[32m&quot;2&quot;[39m
            [36m&gt;[39m
              [36m&lt;div[39m
                [33mclass[39m=[32m&quot;project-card&quot;[39m
                [33mtabindex[39m=[32m&quot;0&quot;[39m
              [36m&gt;[39m
                [36m&lt;div[39m
                  [33msx[39m=[32m&quot;[object Object]&quot;[39m
                [36m&gt;[39m
                  [36m&lt;button[39m
                    [33maria-label[39m=[32m&quot;Pin project&quot;[39m
                  [36m&gt;[39m
                    [0mStarBorderIcon[0m
                  [36m&lt;/button&gt;[39m
                  [36m&lt;div[39m
                    [33msx[39m=[32m&quot;[object Object]&quot;[39m
                  [36m&gt;[39m
                    [36m&lt;h2&gt;[39m
                      [0mProject 1[0m
                    [36m&lt;/h2&gt;[39m
                    [36m&lt;div&gt;[39m
                      [0mFolderIcon[0m
                      [36m&lt;p&gt;[39m
                        [0m/home/user/project1[0m
                      [36m&lt;/p&gt;[39m
                    [36m&lt;/div&gt;[39m
                    [36m&lt;div&gt;[39m
                      [36m&lt;div&gt;[39m
                        [36m&lt;span[39m
                          [33mcolor[39m=[32m&quot;primary&quot;[39m
                          [33mvariant[39m=[32m&quot;outlined&quot;[39m
                        [36m&gt;[39m
                          [0mreact[0m
                        [36m&lt;/span&gt;[39m
                        [36m&lt;span[39m
                          [33mcolor[39m=[32m&quot;primary&quot;[39m
                          [33mvariant[39m=[32m&quot;outlined&quot;[39m
                        [36m&gt;[39m
                          [0mtypescript[0m
                        [36m&lt;/span&gt;[39m
                      [36m&lt;/div&gt;[39m
                    [36m&lt;/div&gt;[39m
                    [36m&lt;div&gt;[39m
                      [36m&lt;div&gt;[39m
                        [0mNotesIcon[0m
                        [36m&lt;p[39m
                          [33mfont-weight[39m=[32m&quot;medium&quot;[39m
                        [36m&gt;[39m
                          [0mNotes[0m
                        [36m&lt;/p&gt;[39m
                      [36m&lt;/div&gt;[39m
                      [36m&lt;p&gt;[39m
                        [0mSample project notes[0m
                      [36m&lt;/p&gt;[39m
                    [36m&lt;/div&gt;[39m
                  [36m&lt;/div&gt;[39m
                  [36m&lt;div[39m
                    [33msx[39m=[32m&quot;[object Object]&quot;[39m
                  [36m&gt;[39m
                    [36m&lt;div&gt;[39m
                      [36m&lt;label[39m
                        [33msx[39m=[32m&quot;[object Object]&quot;[39m
                      [36m&gt;[39m
                        [36m&lt;input[39m
                          [33mtype[39m=[32m&quot;checkbox&quot;[39m
                        [36m/&gt;[39m
                        [0m [0m
                        [0mContinue[0m
                      [36m&lt;/label&gt;[39m
                      [36m&lt;button[39m
                        [33mdata-launch-btn[39m=[32m&quot;true&quot;[39m
                      [36m&gt;[39m
                        [0mLaunchIcon[0m
                        [0m [0m
                        [0mLaunch[0m
                      [36m&lt;/button&gt;[39m
                    [36m&lt;/div&gt;[39m
                    [36m&lt;div&gt;[39m
                      [36m&lt;button[39m
                        [33maria-label[39m=[32m&quot;Edit project&quot;[39m
                      [36m&gt;[39m
                        [0mEditIcon[0m
                      [36m&lt;/button&gt;[39m
                      [36m&lt;button[39m
                        [33maria-label[39m=[32m&quot;Delete project&quot;[39m
                      [36m&gt;[39m
                        [0mDeleteIcon[0m
                      [36m&lt;/button&gt;[39m
                    [36m&lt;/div&gt;[39m
                  [36m&lt;/div&gt;[39m
                [36m&lt;/div&gt;[39m
              [36m&lt;/div&gt;[39m
            [36m&lt;/div&gt;[39m
          [36m&lt;/div&gt;[39m
        [36m&lt;/div&gt;[39m
      [36m&lt;/div&gt;[39m
      [36m&lt;button[39m
        [33maria-label[39m=[32m&quot;add&quot;[39m
        [33mcolor[39m=[32m&quot;primary&quot;[39m
        [33msx[39m=[32m&quot;[object Object]&quot;[39m
      [36m&gt;[39m
        [0mAddIcon[0m
      [36m&lt;/button&gt;[39m
    [36m&lt;/div&gt;[39m
  [36m&lt;/div&gt;[39m
[36m&lt;/body&gt;[39m" type="TestingLibraryElementError">
TestingLibraryElementError: Unable to find an element with the text: Launch. This could be because the text is broken up by multiple elements. In this case, you can provide a function for your text matcher to make your matcher more flexible.

Ignored nodes: comments, script, style
&lt;body&gt;
  &lt;div&gt;
    &lt;div&gt;
      &lt;header
        elevation=&quot;0&quot;
        position=&quot;static&quot;
      &gt;
        &lt;div&gt;
          &lt;div&gt;
            Claude Launcher
          &lt;/div&gt;
          &lt;input
            placeholder=&quot;Search projects...&quot;
            value=&quot;&quot;
          /&gt;
          &lt;div
            sx=&quot;[object Object]&quot;
          &gt;
            &lt;label&gt;
              Sort by
            &lt;/label&gt;
            &lt;select
              role=&quot;combobox&quot;
            &gt;
              &lt;option
                role=&quot;option&quot;
                value=&quot;recent&quot;
              &gt;
                Recently Used
              &lt;/option&gt;
              &lt;option
                role=&quot;option&quot;
                value=&quot;name&quot;
              &gt;
                Name (A-Z)
              &lt;/option&gt;
            &lt;/select&gt;
          &lt;/div&gt;
          &lt;button
            aria-label=&quot;Refresh projects&quot;
          &gt;
            RefreshIcon
          &lt;/button&gt;
          &lt;button
            aria-label=&quot;Switch to dark theme&quot;
          &gt;
            DarkModeIcon
          &lt;/button&gt;
        &lt;/div&gt;
      &lt;/header&gt;
      &lt;div
        sx=&quot;[object Object]&quot;
      &gt;
        &lt;div&gt;
          &lt;div&gt;
            &lt;p&gt;
              Filter by Tags:
            &lt;/p&gt;
          &lt;/div&gt;
          &lt;div&gt;
            &lt;span
              color=&quot;default&quot;
              sx=&quot;[object Object]&quot;
              variant=&quot;outlined&quot;
            &gt;
              python
            &lt;/span&gt;
            &lt;span
              color=&quot;default&quot;
              sx=&quot;[object Object]&quot;
              variant=&quot;outlined&quot;
            &gt;
              react
            &lt;/span&gt;
            &lt;span
              color=&quot;default&quot;
              sx=&quot;[object Object]&quot;
              variant=&quot;outlined&quot;
            &gt;
              typescript
            &lt;/span&gt;
          &lt;/div&gt;
        &lt;/div&gt;
        &lt;div&gt;
          &lt;div&gt;
            &lt;p&gt;
              Pinned Projects
            &lt;/p&gt;
            &lt;div
              columns=&quot;2&quot;
              data-testid=&quot;mock-masonry&quot;
              spacing=&quot;2&quot;
            &gt;
              &lt;div
                class=&quot;project-card&quot;
                tabindex=&quot;0&quot;
              &gt;
                &lt;div
                  sx=&quot;[object Object]&quot;
                &gt;
                  &lt;button
                    aria-label=&quot;Unpin project&quot;
                  &gt;
                    StarIcon
                  &lt;/button&gt;
                  &lt;div
                    sx=&quot;[object Object]&quot;
                  &gt;
                    &lt;h2&gt;
                      Project 2
                    &lt;/h2&gt;
                    &lt;div&gt;
                      FolderIcon
                      &lt;p&gt;
                        /home/user/project2
                      &lt;/p&gt;
                    &lt;/div&gt;
                    &lt;div&gt;
                      &lt;div&gt;
                        &lt;span
                          color=&quot;primary&quot;
                          variant=&quot;outlined&quot;
                        &gt;
                          python
                        &lt;/span&gt;
                      &lt;/div&gt;
                    &lt;/div&gt;
                    &lt;div&gt;
                      &lt;div&gt;
                        NotesIcon
                        &lt;p
                          font-weight=&quot;medium&quot;
                        &gt;
                          Notes
                        &lt;/p&gt;
                      &lt;/div&gt;
                      &lt;p
                        font-style=&quot;italic&quot;
                      &gt;
                        No notes yet
                      &lt;/p&gt;
                    &lt;/div&gt;
                  &lt;/div&gt;
                  &lt;div
                    sx=&quot;[object Object]&quot;
                  &gt;
                    &lt;div&gt;
                      &lt;label
                        sx=&quot;[object Object]&quot;
                      &gt;
                        &lt;input
                          type=&quot;checkbox&quot;
                        /&gt;
                         
                        Continue
                      &lt;/label&gt;
                      &lt;button
                        data-launch-btn=&quot;true&quot;
                      &gt;
                        LaunchIcon
                         
                        Launch
                      &lt;/button&gt;
                    &lt;/div&gt;
                    &lt;div&gt;
                      &lt;button
                        aria-label=&quot;Edit project&quot;
                      &gt;
                        EditIcon
                      &lt;/button&gt;
                      &lt;button
                        aria-label=&quot;Delete project&quot;
                      &gt;
                        DeleteIcon
                      &lt;/button&gt;
                    &lt;/div&gt;
                  &lt;/div&gt;
                &lt;/div&gt;
              &lt;/div&gt;
            &lt;/div&gt;
            &lt;hr
              sx=&quot;[object Object]&quot;
            /&gt;
          &lt;/div&gt;
          &lt;div&gt;
            &lt;p&gt;
              Other Projects
            &lt;/p&gt;
            &lt;div
              columns=&quot;2&quot;
              data-testid=&quot;mock-masonry&quot;
              spacing=&quot;2&quot;
            &gt;
              &lt;div
                class=&quot;project-card&quot;
                tabindex=&quot;0&quot;
              &gt;
                &lt;div
                  sx=&quot;[object Object]&quot;
                &gt;
                  &lt;button
                    aria-label=&quot;Pin project&quot;
                  &gt;
                    StarBorderIcon
                  &lt;/button&gt;
                  &lt;div
                    sx=&quot;[object Object]&quot;
                  &gt;
                    &lt;h2&gt;
                      Project 1
                    &lt;/h2&gt;
                    &lt;div&gt;
                      FolderIcon
                      &lt;p&gt;
                        /home/user/project1
                      &lt;/p&gt;
                    &lt;/div&gt;
                    &lt;div&gt;
                      &lt;div&gt;
                        &lt;span
                          color=&quot;primary&quot;
                          variant=&quot;outlined&quot;
                        &gt;
                          react
                        &lt;/span&gt;
                        &lt;span
                          color=&quot;primary&quot;
                          variant=&quot;outlined&quot;
                        &gt;
                          typescript
                        &lt;/span&gt;
                      &lt;/div&gt;
                    &lt;/div&gt;
                    &lt;div&gt;
                      &lt;div&gt;
                        NotesIcon
                        &lt;p
                          font-weight=&quot;medium&quot;
                        &gt;
                          Notes
                        &lt;/p&gt;
                      &lt;/div&gt;
                      &lt;p&gt;
                        Sample project notes
                      &lt;/p&gt;
                    &lt;/div&gt;
                  &lt;/div&gt;
                  &lt;div
                    sx=&quot;[object Object]&quot;
                  &gt;
                    &lt;div&gt;
                      &lt;label
                        sx=&quot;[object Object]&quot;
                      &gt;
                        &lt;input
                          type=&quot;checkbox&quot;
                        /&gt;
                         
                        Continue
                      &lt;/label&gt;
                      &lt;button
                        data-launch-btn=&quot;true&quot;
                      &gt;
                        LaunchIcon
                         
                        Launch
                      &lt;/button&gt;
                    &lt;/div&gt;
                    &lt;div&gt;
                      &lt;button
                        aria-label=&quot;Edit project&quot;
                      &gt;
                        EditIcon
                      &lt;/button&gt;
                      &lt;button
                        aria-label=&quot;Delete project&quot;
                      &gt;
                        DeleteIcon
                      &lt;/button&gt;
                    &lt;/div&gt;
                  &lt;/div&gt;
                &lt;/div&gt;
              &lt;/div&gt;
            &lt;/div&gt;
          &lt;/div&gt;
        &lt;/div&gt;
      &lt;/div&gt;
      &lt;button
        aria-label=&quot;add&quot;
        color=&quot;primary&quot;
        sx=&quot;[object Object]&quot;
      &gt;
        AddIcon
      &lt;/button&gt;
    &lt;/div&gt;
  &lt;/div&gt;
&lt;/body&gt;
 ❯ Object.getElementError node_modules/@testing-library/react/node_modules/@testing-library/dom/dist/config.js:37:19
 ❯ node_modules/@testing-library/react/node_modules/@testing-library/dom/dist/query-helpers.js:76:38
 ❯ node_modules/@testing-library/react/node_modules/@testing-library/dom/dist/query-helpers.js:109:15
 ❯ src/test/integration/App.integration.test.jsx:504:35
            </failure>
        </testcase>
        <testcase classname="src/test/integration/App.integration.test.jsx" name="App Integration Tests &gt; Project Launching &gt; should show error when Claude is not installed" time="0.300311593">
        </testcase>
    </testsuite>
</testsuites>
